################################################################################
#                                                                              #
#      IAR Universal Linker V4.61L/W32                                         #
#                                                                              #
#           Link time     =  25/Apr/2016  17:54:51                             #
#           Target CPU    =  A90                                               #
#           List file     =  F:\1.ÏîÄ¿½¨Á¢ÎÄ¼þ¼Ð\01.ModbusÐ­Òé\IAR\Debug\List\ #
#                            Module.map                                        #
#           Output file 1 =  F:\1.ÏîÄ¿½¨Á¢ÎÄ¼þ¼Ð\01.ModbusÐ­Òé\IAR\Debug\Exe\M #
#                            odule.hex                                         #
#                            Format: intel-extended                            #
#           Output file 2 =  F:\1.ÏîÄ¿½¨Á¢ÎÄ¼þ¼Ð\01.ModbusÐ­Òé\IAR\Debug\Exe\M #
#                            odule.d90                                         #
#                            Format: debug                                     #
#                            UBROF version 10.0.2                              #
#                            Using library modules for C-SPY (-rt)             #
#           Command line  =  F:\1.ÏîÄ¿½¨Á¢ÎÄ¼þ¼Ð\01.ModbusÐ­Òé\IAR\Debug\Obj\T #
#                            imer.r90                                          #
#                            F:\1.ÏîÄ¿½¨Á¢ÎÄ¼þ¼Ð\01.ModbusÐ­Òé\IAR\Debug\Obj\m #
#                            ain.r90                                           #
#                            F:\1.ÏîÄ¿½¨Á¢ÎÄ¼þ¼Ð\01.ModbusÐ­Òé\IAR\Debug\Obj\m #
#                            odbus.r90                                         #
#                            F:\1.ÏîÄ¿½¨Á¢ÎÄ¼þ¼Ð\01.ModbusÐ­Òé\IAR\Debug\Obj\u #
#                            art.r90                                           #
#                            -o                                                #
#                            F:\1.ÏîÄ¿½¨Á¢ÎÄ¼þ¼Ð\01.ModbusÐ­Òé\IAR\Debug\Exe\M #
#                            odule.d90                                         #
#                            -l                                                #
#                            F:\1.ÏîÄ¿½¨Á¢ÎÄ¼þ¼Ð\01.ModbusÐ­Òé\IAR\Debug\List\ #
#                            Module.map                                        #
#                            -xms                                              #
#                            "-ID:\IAR Systems\Embedded Workbench Evaluation 5 #
#                            .4\avr\LIB\"                                      #
#                            -f                                                #
#                            "D:\IAR Systems\Embedded Workbench Evaluation 5.4 #
#                            \avr\src\template\cfgm16a.xcl"                    #
#                            (-D_..X_INTVEC_SIZE=54 -D_..X_FLASH_NEND=3FFF     #
#                            -D_..X_FLASH_END=3FFF -D_..X_SRAM_BASE=60         #
#                            -D_..X_SRAM_TBASE=_..X_SRAM_BASE                  #
#                            -D_..X_SRAM_TSIZE=(100-_..X_SRAM_BASE)            #
#                            -D_..X_SRAM_END=45F                               #
#                            -D_..X_EXT_SRAM_BASE=_..X_SRAM_END                #
#                            -D_..X_EXT_SRAM_SIZE=0                            #
#                            -D_..X_EXT_ROM_BASE=_..X_SRAM_END                 #
#                            -D_..X_EXT_ROM_SIZE=0                             #
#                            -D_..X_EXT_NV_BASE=_..X_SRAM_END                  #
#                            -D_..X_EXT_NV_SIZE=0 -D_..X_EEPROM_END=1FF        #
#                            -D_..X_EEPROM_START=0) -D_..X_HEAP_SIZE=10        #
#                            -D_..X_TINY_HEAP_SIZE=0 -D_..X_NEAR_HEAP_SIZE=0   #
#                            -D_..X_FAR_HEAP_SIZE=0 -D_..X_HUGE_HEAP_SIZE=0    #
#                            -D_..X_CSTACK_SIZE=20 -D_..X_RSTACK_SIZE=20 -f    #
#                            "D:\IAR Systems\Embedded Workbench Evaluation 5.4 #
#                            \avr\src\template\cfg3soim.xcl"                   #
#                            (-ca90 -w29                                       #
#                            -Z(CODE)INTVEC=0-(_..X_INTVEC_SIZE-1)             #
#                            -Z(CODE)TINY_F=_..X_FLASH_BASE-FF                 #
#                            -Z(CODE)NEAR_F=_..X_FLASH_BASE-_..X_FLASH_NEND    #
#                            -Z(CODE)SWITCH=_..X_FLASH_BASE-_..X_FLASH_NEND    #
#                            -Z(CODE)DIFUNCT=_..X_FLASH_BASE-_..X_FLASH_NEND   #
#                            -Z(CODE)CODE=_..X_FLASH_BASE-_..X_FLASH_END       #
#                            -Z(CODE)FAR_F=[_..X_FLASH_BASE-_..X_FLASH_END]/10 #
#                            000                                               #
#                            -Z(CODE)INITTAB=_..X_FLASH_BASE-_..X_FLASH_END    #
#                            -Z(CODE)HUGE_F=_..X_FLASH_BASE-_..X_FLASH_END     #
#                            -Z(CODE)TINY_ID=_..X_FLASH_BASE-_..X_FLASH_END    #
#                            -Z(CODE)NEAR_ID=_..X_FLASH_BASE-_..X_FLASH_END    #
#                            -Z(CODE)CHECKSUM#_..X_FLASH_END                   #
#                            -Z(DATA)TINY_I,TINY_Z,TINY_N=_..X_SRAM_TBASE:+_.. #
#                            X_SRAM_TSIZE                                      #
#                            -Z(DATA)CSTACK+_..X_CSTACK_SIZE=_..X_CSTACK_BASE- #
#                            _..X_CSTACK_END                                   #
#                            -Z(DATA)HEAP+_..X_HEAP_SIZE=_..X_SRAM_BASE-_..X_S #
#                            RAM_END                                           #
#                            -Z(DATA)IOSTREAM_N#_..X_SRAM_BASE-_..X_SRAM_END   #
#                            -Z(DATA)NEAR_HEAP+_..X_NEAR_HEAP_SIZE=_..X_SRAM_B #
#                            ASE-_..X_SRAM_END                                 #
#                            -Z(DATA)RSTACK+_..X_RSTACK_SIZE=_..X_RSTACK_BASE- #
#                            _..X_RSTACK_END                                   #
#                            -Z(DATA)NEAR_I,NEAR_Z,NEAR_N=_..X_SRAM_BASE-_..X_ #
#                            SRAM_END                                          #
#                            -Z(XDATA)EEPROM_I,EEPROM_N=_..X_EEPROM_START-_..X #
#                            _EEPROM_END)                                      #
#                            -D_..X_FLASH_BASE=_..X_INTVEC_SIZE -H1895         #
#                            -h(CODE)0-(_..X_INTVEC_SIZE-1)                    #
#                            -D_..X_CSTACK_BASE=_..X_SRAM_BASE                 #
#                            -D_..X_CSTACK_END=_..X_SRAM_END                   #
#                            -D_..X_RSTACK_BASE=_..X_SRAM_BASE                 #
#                            -D_..X_RSTACK_END=_..X_SRAM_END -rt               #
#                            -Ointel-extended=F:\1.ÏîÄ¿½¨Á¢ÎÄ¼þ¼Ð\01.ModbusÐ­Ò #
#                            é\IAR\Debug\Exe\Module.hex                        #
#                            -s __program_start                                #
#                            "D:\IAR Systems\Embedded Workbench Evaluation 5.4 #
#                            \avr\LIB\CLIB\cl3s-ec_mul-sf.r90"                 #
#                            -e_small_write=_formatted_write                   #
#                            -e_medium_read=_formatted_read                    #
#                                                                              #
#                           Copyright (C) 1987-2009 IAR Systems AB.            #
################################################################################





                ****************************************
                *                                      *
                *           CROSS REFERENCE            *
                *                                      *
                ****************************************

       Program entry at : CODE      00000000  Relocatable, from module : ?RESET




                ****************************************
                *                                      *
                *            RUNTIME MODEL             *
                *                                      *
                ****************************************

  R10             = REG
  R11             = REG
  R12             = REG
  R13             = REG
  R14             = REG
  R4              = REG
  R5              = REG
  R6              = REG
  R7              = REG
  R8              = REG
  R9              = REG
  __64bit_doubles = disabled
  __cpu           = 3
  __cpu_name      = ATmega16A
  __enhanced_core = enabled
  __has_elpm      = false
  __memory_model  = 2
  __rt_version    = 3



                ****************************************
                *                                      *
                *              MODULE MAP              *
                *                                      *
                ****************************************


  DEFINED ABSOLUTE ENTRIES
  PROGRAM MODULE, NAME : ?ABS_ENTRY_MOD

Absolute parts
           ENTRY                   ADDRESS         REF BY
           =====                   =======         ======
           _..X_RSTACK_END         0000045F 
           _..X_RSTACK_BASE        00000060 
           _..X_CSTACK_END         0000045F 
           _..X_CSTACK_BASE        00000060 
           _..X_FLASH_BASE         00000054 
           _..X_RSTACK_SIZE        00000020 
           _..X_CSTACK_SIZE        00000020 
           _..X_HUGE_HEAP_SIZE     00000000 
           _..X_FAR_HEAP_SIZE      00000000 
           _..X_NEAR_HEAP_SIZE     00000000 
           _..X_TINY_HEAP_SIZE     00000000 
           _..X_HEAP_SIZE          00000010 
           _..X_EEPROM_START       00000000 
           _..X_EEPROM_END         000001FF 
           _..X_EXT_NV_SIZE        00000000 
           _..X_EXT_NV_BASE        0000045F 
           _..X_EXT_ROM_SIZE       00000000 
           _..X_EXT_ROM_BASE       0000045F 
           _..X_EXT_SRAM_SIZE      00000000 
           _..X_EXT_SRAM_BASE      0000045F 
           _..X_SRAM_END           0000045F 
           _..X_SRAM_TSIZE         000000A0 
           _..X_SRAM_TBASE         00000060 
           _..X_SRAM_BASE          00000060 
           _..X_FLASH_END          00003FFF 
           _..X_FLASH_NEND         00003FFF 
           _..X_INTVEC_SIZE        00000054 
    *************************************************************************

  FILE NAME : F:\1.ÏîÄ¿½¨Á¢ÎÄ¼þ¼Ð\01.ModbusÐ­Òé\IAR\Debug\Obj\Timer.r90
  PROGRAM MODULE, NAME : Timer

  SEGMENTS IN THE MODULE
  ======================
ABSOLUTE
  Relative segment, address: DATA 0000005F - 0000005F (0x1 bytes), align: 0
  Segment part 1. ROOT.       Intra module refs:   Timer1_Init
           ENTRY                   ADDRESS         REF BY
           =====                   =======         ======
           _A_SREG                 0000005F 
    -------------------------------------------------------------------------
ABSOLUTE
  Relative segment, address: DATA 00000059 - 00000059 (0x1 bytes), align: 0
  Segment part 2. ROOT.       Intra module refs:   Timer1_Init
           ENTRY                   ADDRESS         REF BY
           =====                   =======         ======
           _A_TIMSK                00000059 
    -------------------------------------------------------------------------
ABSOLUTE
  Relative segment, address: DATA 0000004F - 0000004F (0x1 bytes), align: 0
  Segment part 3. ROOT.       Intra module refs:   Timer1_Init
           ENTRY                   ADDRESS         REF BY
           =====                   =======         ======
           _A_TCCR1A               0000004F 
    -------------------------------------------------------------------------
ABSOLUTE
  Relative segment, address: DATA 0000004E - 0000004E (0x1 bytes), align: 0
  Segment part 4. ROOT.       Intra module refs:   Timer1_Init
           ENTRY                   ADDRESS         REF BY
           =====                   =======         ======
           _A_TCCR1B               0000004E 
    -------------------------------------------------------------------------
ABSOLUTE
  Relative segment, address: DATA 0000004C - 0000004D (0x2 bytes), align: 0
  Segment part 5. ROOT.       Intra module refs:   T1_OVF_ISR
                                                   Timer1_Init
           ENTRY                   ADDRESS         REF BY
           =====                   =======         ======
           _A_TCNT1                0000004C 
    -------------------------------------------------------------------------
NEAR_Z
  Relative segment, address: DATA 000000A0 - 000000A4 (0x5 bytes), align: 0
  Segment part 13.            Intra module refs:   T1_OVF_ISR
           ENTRY                   ADDRESS         REF BY
           =====                   =======         ======
           Timer1                  000000A0        main (main)
    -------------------------------------------------------------------------
CODE
  Relative segment, address: CODE 00000074 - 0000008F (0x1c bytes), align: 1
  Segment part 15.
           ENTRY                   ADDRESS         REF BY
           =====                   =======         ======
           Timer1_Init             00000074        main (main)
               RSTACK = 00000000 ( 00000002 )
    -------------------------------------------------------------------------
CODE
  Relative segment, address: CODE 00000090 - 000000AF (0x20 bytes), align: 1
  Segment part 16.            Intra module refs:   T1_OVF_ISR::??INTVEC 32
           ENTRY                   ADDRESS         REF BY
           =====                   =======         ======
           T1_OVF_ISR              00000090 
               interrupt function
               CSTACK = 00000000 ( 00000002 )
               RSTACK = 00000000 ( 00000002 )
    -------------------------------------------------------------------------
CODE
  Relative segment, address: CODE 000000B0 - 00000203 (0x154 bytes), align: 1
  Segment part 17.
           ENTRY                   ADDRESS         REF BY
           =====                   =======         ======
           TimerDeal               000000B0        main (main)
               CSTACK = 00000000 ( 00000002 )
               RSTACK = 00000000 ( 00000004 )
    -------------------------------------------------------------------------
ABSOLUTE
  Relative segment, address: DATA 0000001C, align: 0
  Segment part 6. ROOT.
           ENTRY                   ADDRESS         REF BY
           =====                   =======         ======
           __?EECR                 0000001C 
    -------------------------------------------------------------------------
ABSOLUTE
  Relative segment, address: DATA 0000001D, align: 0
  Segment part 7. ROOT.
           ENTRY                   ADDRESS         REF BY
           =====                   =======         ======
           __?EEDR                 0000001D 
    -------------------------------------------------------------------------
ABSOLUTE
  Relative segment, address: DATA 0000001E, align: 0
  Segment part 8. ROOT.
           ENTRY                   ADDRESS         REF BY
           =====                   =======         ======
           __?EEARL                0000001E 
    -------------------------------------------------------------------------
ABSOLUTE
  Relative segment, address: DATA 0000001F, align: 0
  Segment part 9. ROOT.
           ENTRY                   ADDRESS         REF BY
           =====                   =======         ======
           __?EEARH                0000001F 
    -------------------------------------------------------------------------
INTVEC
  Common segment, address: CODE 00000000 - 00000023 (0x24 bytes), align: 1
  Segment part 10. ROOT.
           ENTRY                   ADDRESS         REF BY
           =====                   =======         ======
           T1_OVF_ISR::??INTVEC 32
                                   00000020 
    -------------------------------------------------------------------------
INITTAB
  Relative segment, address: CODE 00000BE8 - 00000BED (0x6 bytes), align: 0
  Segment part 14.            Intra module refs:   MODE1 (main)
                                                   MdTcp1 (modbus)
                                                   Timer1
                                                   UartAppData1 (uart)
           ENTRY                   ADDRESS         REF BY
           =====                   =======         ======
           ?<Segment init: NEAR_Z>
                                   00000BE8 

    *************************************************************************

  FILE NAME : F:\1.ÏîÄ¿½¨Á¢ÎÄ¼þ¼Ð\01.ModbusÐ­Òé\IAR\Debug\Obj\main.r90
  PROGRAM MODULE, NAME : main

  SEGMENTS IN THE MODULE
  ======================
ABSOLUTE
  Relative segment, address: DATA 0000003B - 0000003B (0x1 bytes), align: 0
  Segment part 1. ROOT.       Intra module refs:   Pin_init
           ENTRY                   ADDRESS         REF BY
           =====                   =======         ======
           _A_PORTA                0000003B 
    -------------------------------------------------------------------------
ABSOLUTE
  Relative segment, address: DATA 0000003A - 0000003A (0x1 bytes), align: 0
  Segment part 2. ROOT.       Intra module refs:   Pin_init
           ENTRY                   ADDRESS         REF BY
           =====                   =======         ======
           _A_DDRA                 0000003A 
    -------------------------------------------------------------------------
ABSOLUTE
  Relative segment, address: DATA 00000038 - 00000038 (0x1 bytes), align: 0
  Segment part 3. ROOT.       Intra module refs:   Pin_init
           ENTRY                   ADDRESS         REF BY
           =====                   =======         ======
           _A_PORTB                00000038 
    -------------------------------------------------------------------------
ABSOLUTE
  Relative segment, address: DATA 00000037 - 00000037 (0x1 bytes), align: 0
  Segment part 4. ROOT.       Intra module refs:   Pin_init
           ENTRY                   ADDRESS         REF BY
           =====                   =======         ======
           _A_DDRB                 00000037 
    -------------------------------------------------------------------------
ABSOLUTE
  Relative segment, address: DATA 00000035 - 00000035 (0x1 bytes), align: 0
  Segment part 5. ROOT.       Intra module refs:   OutputDeal
                                                   Pin_init
           ENTRY                   ADDRESS         REF BY
           =====                   =======         ======
           _A_PORTC                00000035 
    -------------------------------------------------------------------------
ABSOLUTE
  Relative segment, address: DATA 00000034 - 00000034 (0x1 bytes), align: 0
  Segment part 6. ROOT.       Intra module refs:   Pin_init
           ENTRY                   ADDRESS         REF BY
           =====                   =======         ======
           _A_DDRC                 00000034 
    -------------------------------------------------------------------------
ABSOLUTE
  Relative segment, address: DATA 00000032 - 00000032 (0x1 bytes), align: 0
  Segment part 7. ROOT.       Intra module refs:   OutputDeal
                                                   Pin_init
                                                   StartUartSend (uart)
                                                   UART_TXC_ISR (uart)
           ENTRY                   ADDRESS         REF BY
           =====                   =======         ======
           _A_PORTD                00000032 
    -------------------------------------------------------------------------
ABSOLUTE
  Relative segment, address: DATA 00000031 - 00000031 (0x1 bytes), align: 0
  Segment part 8. ROOT.       Intra module refs:   Pin_init
           ENTRY                   ADDRESS         REF BY
           =====                   =======         ======
           _A_DDRD                 00000031 
    -------------------------------------------------------------------------
NEAR_Z
  Relative segment, address: DATA 000000A5 - 000000A5 (0x1 bytes), align: 0
  Segment part 15.            Intra module refs:   main
           ENTRY                   ADDRESS         REF BY
           =====                   =======         ======
           MODE1                   000000A5        ModbusRead (modbus)
                                                   ModbusWrite (modbus)
    -------------------------------------------------------------------------
CODE
  Relative segment, address: CODE 00000204 - 00000259 (0x56 bytes), align: 1
  Segment part 17.            Intra module refs:   main
           ENTRY                   ADDRESS         REF BY
           =====                   =======         ======
           Pin_init                00000204 
               RSTACK = 00000000 ( 00000002 )
    -------------------------------------------------------------------------
CODE
  Relative segment, address: CODE 0000025A - 000002A1 (0x48 bytes), align: 1
  Segment part 18.            Intra module refs:   main
           ENTRY                   ADDRESS         REF BY
           =====                   =======         ======
           OutputDeal              0000025A 
               RSTACK = 00000000 ( 00000002 )
    -------------------------------------------------------------------------
CODE
  Relative segment, address: CODE 000002A2 - 000002F3 (0x52 bytes), align: 1
  Segment part 20.
           ENTRY                   ADDRESS         REF BY
           =====                   =======         ======
           main                    000002A2        ?cstartup_call_main (?C_STARTUP)
               calls direct
               RSTACK = 00000000 ( 00000002 )

    *************************************************************************

  FILE NAME : F:\1.ÏîÄ¿½¨Á¢ÎÄ¼þ¼Ð\01.ModbusÐ­Òé\IAR\Debug\Obj\modbus.r90
  PROGRAM MODULE, NAME : modbus

  SEGMENTS IN THE MODULE
  ======================
NEAR_Z
  Relative segment, address: DATA 000000A6 - 000000B7 (0x12 bytes), align: 0
  Segment part 7.
           ENTRY                   ADDRESS         REF BY
           =====                   =======         ======
           MdTcp1                  000000A6        main (main)
    -------------------------------------------------------------------------
NEAR_F
  Relative segment, address: CODE 00000054 - 00000073 (0x20 bytes), align: 0
  Segment part 10.            Intra module refs:   GetCRC16
           ENTRY                   ADDRESS         REF BY
           =====                   =======         ======
           CRCtbl                  00000054 
    -------------------------------------------------------------------------
CODE
  Relative segment, address: CODE 000002F4 - 00000363 (0x70 bytes), align: 1
  Segment part 11.            Intra module refs:   SlaveAnswerDataDeal
           ENTRY                   ADDRESS         REF BY
           =====                   =======         ======
           GetCRC16                000002F4 
               RSTACK = 00000000 ( 00000004 )
    -------------------------------------------------------------------------
CODE
  Relative segment, address: CODE 00000364 - 00000389 (0x26 bytes), align: 1
  Segment part 12.            Intra module refs:   SlaveAnswerDataDeal
           ENTRY                   ADDRESS         REF BY
           =====                   =======         ======
           RegisterStartAddress    00000364 
               RSTACK = 00000000 ( 00000002 )
    -------------------------------------------------------------------------
CODE
  Relative segment, address: CODE 0000038A - 000003AF (0x26 bytes), align: 1
  Segment part 13.            Intra module refs:   SlaveAnswerDataDeal
           ENTRY                   ADDRESS         REF BY
           =====                   =======         ======
           RegsisterNumber         0000038A 
               RSTACK = 00000000 ( 00000002 )
    -------------------------------------------------------------------------
CODE
  Relative segment, address: CODE 000003B0 - 000003E7 (0x38 bytes), align: 1
  Segment part 14.            Intra module refs:   SlaveAnswerDataDeal
           ENTRY                   ADDRESS         REF BY
           =====                   =======         ======
           ModbusRead              000003B0 
               RSTACK = 00000000 ( 00000002 )
    -------------------------------------------------------------------------
CODE
  Relative segment, address: CODE 000003E8 - 00000401 (0x1a bytes), align: 1
  Segment part 15.            Intra module refs:   SlaveAnswerDataDeal
           ENTRY                   ADDRESS         REF BY
           =====                   =======         ======
           ModbusWrite             000003E8 
               RSTACK = 00000000 ( 00000002 )
    -------------------------------------------------------------------------
CODE
  Relative segment, address: CODE 00000402 - 000008D7 (0x4d6 bytes), align: 1
  Segment part 22.            Intra module refs:   SlaveModbus
           ENTRY                   ADDRESS         REF BY
           =====                   =======         ======
           SlaveAnswerDataDeal     00000402 
               calls direct
               CSTACK = 00000000 ( 0000000C )
               RSTACK = 00000000 ( 00000004 )
    -------------------------------------------------------------------------
CODE
  Relative segment, address: CODE 000008D8 - 00000941 (0x6a bytes), align: 1
  Segment part 23.
           ENTRY                   ADDRESS         REF BY
           =====                   =======         ======
           SlaveModbus             000008D8        main (main)
               calls direct
               CSTACK = 00000000 ( 00000004 )
               RSTACK = 00000000 ( 00000002 )

    *************************************************************************

  FILE NAME : F:\1.ÏîÄ¿½¨Á¢ÎÄ¼þ¼Ð\01.ModbusÐ­Òé\IAR\Debug\Obj\uart.r90
  PROGRAM MODULE, NAME : uart

  SEGMENTS IN THE MODULE
  ======================
ABSOLUTE
  Relative segment, address: DATA 00000040 - 00000040 (0x1 bytes), align: 0
  Segment part 1. ROOT.       Intra module refs:   Uart_Init
           ENTRY                   ADDRESS         REF BY
           =====                   =======         ======
           _A_UBRRH                00000040 
    -------------------------------------------------------------------------
ABSOLUTE
  Relative segment, address: DATA 0000002C - 0000002C (0x1 bytes), align: 0
  Segment part 3. ROOT.       Intra module refs:   UART0_RX_ISR
                                                   UART_TX_ISR
           ENTRY                   ADDRESS         REF BY
           =====                   =======         ======
           _A_UDR                  0000002C 
    -------------------------------------------------------------------------
ABSOLUTE
  Relative segment, address: DATA 0000002B - 0000002B (0x1 bytes), align: 0
  Segment part 4. ROOT.       Intra module refs:   Uart_Init
           ENTRY                   ADDRESS         REF BY
           =====                   =======         ======
           _A_UCSRA                0000002B 
    -------------------------------------------------------------------------
ABSOLUTE
  Relative segment, address: DATA 0000002A - 0000002A (0x1 bytes), align: 0
  Segment part 5. ROOT.       Intra module refs:   StartUartSend
                                                   UART_TXC_ISR
                                                   UART_TX_ISR
                                                   Uart_Init
           ENTRY                   ADDRESS         REF BY
           =====                   =======         ======
           _A_UCSRB                0000002A 
    -------------------------------------------------------------------------
ABSOLUTE
  Relative segment, address: DATA 00000029 - 00000029 (0x1 bytes), align: 0
  Segment part 6. ROOT.       Intra module refs:   Uart_Init
           ENTRY                   ADDRESS         REF BY
           =====                   =======         ======
           _A_UBRRL                00000029 
    -------------------------------------------------------------------------
NEAR_Z
  Relative segment, address: DATA 000000B8 - 000001BE (0x107 bytes), align: 0
  Segment part 16.            Intra module refs:   UART0_RX_ISR
                                                   UART_TXC_ISR
                                                   UART_TX_ISR
           ENTRY                   ADDRESS         REF BY
           =====                   =======         ======
           UartAppData1            000000B8        SlaveModbus (modbus)
                                                   main (main)
    -------------------------------------------------------------------------
CODE
  Relative segment, address: CODE 00000942 - 00000957 (0x16 bytes), align: 1
  Segment part 18.
           ENTRY                   ADDRESS         REF BY
           =====                   =======         ======
           Uart_Init               00000942        main (main)
               RSTACK = 00000000 ( 00000002 )
    -------------------------------------------------------------------------
CODE
  Relative segment, address: CODE 00000958 - 000009C1 (0x6a bytes), align: 1
  Segment part 19.            Intra module refs:   UART0_RX_ISR::??INTVEC 44
           ENTRY                   ADDRESS         REF BY
           =====                   =======         ======
           UART0_RX_ISR            00000958 
               interrupt function
               CSTACK = 00000000 ( 00000008 )
               RSTACK = 00000000 ( 00000002 )
    -------------------------------------------------------------------------
CODE
  Relative segment, address: CODE 000009C2 - 00000A1F (0x5e bytes), align: 1
  Segment part 20.            Intra module refs:   UART_TX_ISR::??INTVEC 48
           ENTRY                   ADDRESS         REF BY
           =====                   =======         ======
           UART_TX_ISR             000009C2 
               interrupt function
               CSTACK = 00000000 ( 00000007 )
               RSTACK = 00000000 ( 00000002 )
    -------------------------------------------------------------------------
CODE
  Relative segment, address: CODE 00000A20 - 00000A47 (0x28 bytes), align: 1
  Segment part 21.            Intra module refs:   UART_TXC_ISR::??INTVEC 52
           ENTRY                   ADDRESS         REF BY
           =====                   =======         ======
           UART_TXC_ISR            00000A20 
               interrupt function
               CSTACK = 00000000 ( 00000004 )
               RSTACK = 00000000 ( 00000002 )
    -------------------------------------------------------------------------
CODE
  Relative segment, address: CODE 00000A48 - 00000A93 (0x4c bytes), align: 1
  Segment part 22.
           ENTRY                   ADDRESS         REF BY
           =====                   =======         ======
           StartUartSend           00000A48        SlaveModbus (modbus)
               calls direct
               CSTACK = 00000000 ( 00000004 )
               RSTACK = 00000000 ( 00000002 )
    -------------------------------------------------------------------------
CODE
  Relative segment, address: CODE 00000A94 - 00000AD1 (0x3e bytes), align: 1
  Segment part 23.
           ENTRY                   ADDRESS         REF BY
           =====                   =======         ======
           UartTimeOut             00000A94        main (main)
               RSTACK = 00000000 ( 00000002 )
    -------------------------------------------------------------------------
INTVEC
  Common segment, address: CODE 00000000 - 0000002F (0x30 bytes), align: 1
  Segment part 11. ROOT.
           ENTRY                   ADDRESS         REF BY
           =====                   =======         ======
           UART0_RX_ISR::??INTVEC 44
                                   0000002C 
    -------------------------------------------------------------------------
INTVEC
  Common segment, address: CODE 00000000 - 00000033 (0x34 bytes), align: 1
  Segment part 12. ROOT.
           ENTRY                   ADDRESS         REF BY
           =====                   =======         ======
           UART_TX_ISR::??INTVEC 48
                                   00000030 
    -------------------------------------------------------------------------
INTVEC
  Common segment, address: CODE 00000000 - 00000037 (0x38 bytes), align: 1
  Segment part 13. ROOT.
           ENTRY                   ADDRESS         REF BY
           =====                   =======         ======
           UART_TXC_ISR::??INTVEC 52
                                   00000034 

    *************************************************************************

  FILE NAME : D:\IAR Systems\Embedded Workbench Evaluation 5.4\avr\LIB\CLIB\cl3s-ec_mul-sf.r90
  LIBRARY MODULE, NAME : ?__exit

  SEGMENTS IN THE MODULE
  ======================
CODE
  Relative segment, address: CODE 00000AD2 - 00000AD7 (0x6 bytes), align: 1
  Segment part 0.
           ENTRY                   ADDRESS         REF BY
           =====                   =======         ======
           __exit                  00000AD4 
           ?C_EXIT                 00000AD4 
           ?C_FUNCALL              00000AD2 
           _exit                   00000AD2        ?cstartup_call_main (?C_STARTUP)
           exit                    00000AD2        ?cstartup_call_main (?C_STARTUP)

    -------------------------------------------------------------------------
  LIBRARY MODULE, NAME : ?RESET

  SEGMENTS IN THE MODULE
  ======================
INTVEC
  Common segment, address: CODE 00000000 - 00000003 (0x4 bytes), align: 1
  Segment part 0. ROOT.
           ENTRY                   ADDRESS         REF BY
           =====                   =======         ======
           __program_start         00000000        Absolute parts (?ABS_ENTRY_MOD)
           ?RESET                  00000000        Segment part 2 (?C_STARTUP)

    -------------------------------------------------------------------------
  LIBRARY MODULE, NAME : ?C_STARTUP

  SEGMENTS IN THE MODULE
  ======================
CODE
  Relative segment, address: CODE 00000AD8, align: 1
  Segment part 2.
           ENTRY                   ADDRESS         REF BY
           =====                   =======         ======
           ?C_STARTUP              00000AD8        Segment part 0 (?RESET)
           __RESTART               00000AD8 
    -------------------------------------------------------------------------
CODE
  Relative segment, address: CODE 00000AD8 - 00000AE3 (0xc bytes), align: 1
  Segment part 5.             Intra module refs:   Segment part 2
    -------------------------------------------------------------------------
CODE
  Relative segment, address: CODE 00000AE4 - 00000AE7 (0x4 bytes), align: 1
  Segment part 7.             Intra module refs:   Segment part 5
           ENTRY                   ADDRESS         REF BY
           =====                   =======         ======
           ?call_low_level_init    00000AE4 
    -------------------------------------------------------------------------
CODE
  Relative segment, address: CODE 00000AE8 - 00000AEF (0x8 bytes), align: 1
  Segment part 8.
           ENTRY                   ADDRESS         REF BY
           =====                   =======         ======
           ?need_segment_init      00000AE8        ?<Segment init: NEAR_Z> (Timer)
    -------------------------------------------------------------------------
CODE
  Relative segment, address: CODE 00000AF0 - 00000AFB (0xc bytes), align: 1
  Segment part 9.             Intra module refs:   ?call_low_level_init
           ENTRY                   ADDRESS         REF BY
           =====                   =======         ======
           ?cstartup_call_main     00000AF0 

    -------------------------------------------------------------------------
  LIBRARY MODULE, NAME : ?S_SHL_L02

  SEGMENTS IN THE MODULE
  ======================
CODE
  Relative segment, address: CODE 00000AFC - 00000B07 (0xc bytes), align: 1
  Segment part 0.
           ENTRY                   ADDRESS         REF BY
           =====                   =======         ======
           ?S_SHL_L02              00000AFC        SlaveAnswerDataDeal (modbus)

    -------------------------------------------------------------------------
  LIBRARY MODULE, NAME : ?US_SHR_L02

  SEGMENTS IN THE MODULE
  ======================
CODE
  Relative segment, address: CODE 00000B08 - 00000B13 (0xc bytes), align: 1
  Segment part 0.
           ENTRY                   ADDRESS         REF BY
           =====                   =======         ======
           ?US_SHR_L02             00000B08        GetCRC16 (modbus)
                                                   SlaveAnswerDataDeal (modbus)

    -------------------------------------------------------------------------
  LIBRARY MODULE, NAME : ?US_DIVMOD_L02

  SEGMENTS IN THE MODULE
  ======================
CODE
  Relative segment, address: CODE 00000B14 - 00000B3B (0x28 bytes), align: 1
  Segment part 0.
           ENTRY                   ADDRESS         REF BY
           =====                   =======         ======
           ?US_DIVMOD_L02          00000B14        SlaveAnswerDataDeal (modbus)
                                                   TimerDeal (Timer)

    -------------------------------------------------------------------------
  LIBRARY MODULE, NAME : ?PROLOGUE_L09

  SEGMENTS IN THE MODULE
  ======================
CODE
  Relative segment, address: CODE 00000B3C - 00000B3D (0x2 bytes), align: 1
  Segment part 4.
           ENTRY                   ADDRESS         REF BY
           =====                   =======         ======
           ?PROLOGUE12_L09         00000B3C        SlaveAnswerDataDeal (modbus)
    -------------------------------------------------------------------------
CODE
  Relative segment, address: CODE 00000B3E - 00000B3F (0x2 bytes), align: 1
  Segment part 5.             Intra module refs:   ?PROLOGUE12_L09
           ENTRY                   ADDRESS         REF BY
           =====                   =======         ======
           ?PROLOGUE11_L09         00000B3E 
    -------------------------------------------------------------------------
CODE
  Relative segment, address: CODE 00000B40 - 00000B41 (0x2 bytes), align: 1
  Segment part 6.             Intra module refs:   ?PROLOGUE11_L09
           ENTRY                   ADDRESS         REF BY
           =====                   =======         ======
           ?PROLOGUE10_L09         00000B40 
    -------------------------------------------------------------------------
CODE
  Relative segment, address: CODE 00000B42 - 00000B43 (0x2 bytes), align: 1
  Segment part 7.             Intra module refs:   ?PROLOGUE10_L09
           ENTRY                   ADDRESS         REF BY
           =====                   =======         ======
           ?PROLOGUE9_L09          00000B42 
    -------------------------------------------------------------------------
CODE
  Relative segment, address: CODE 00000B44 - 00000B45 (0x2 bytes), align: 1
  Segment part 8.             Intra module refs:   ?PROLOGUE9_L09
           ENTRY                   ADDRESS         REF BY
           =====                   =======         ======
           ?PROLOGUE8_L09          00000B44 
    -------------------------------------------------------------------------
CODE
  Relative segment, address: CODE 00000B46 - 00000B47 (0x2 bytes), align: 1
  Segment part 9.             Intra module refs:   ?PROLOGUE8_L09
           ENTRY                   ADDRESS         REF BY
           =====                   =======         ======
           ?PROLOGUE7_L09          00000B46 
    -------------------------------------------------------------------------
CODE
  Relative segment, address: CODE 00000B48 - 00000B49 (0x2 bytes), align: 1
  Segment part 10.            Intra module refs:   ?PROLOGUE7_L09
           ENTRY                   ADDRESS         REF BY
           =====                   =======         ======
           ?PROLOGUE6_L09          00000B48 
    -------------------------------------------------------------------------
CODE
  Relative segment, address: CODE 00000B4A - 00000B4B (0x2 bytes), align: 1
  Segment part 11.            Intra module refs:   ?PROLOGUE6_L09
           ENTRY                   ADDRESS         REF BY
           =====                   =======         ======
           ?PROLOGUE5_L09          00000B4A 
    -------------------------------------------------------------------------
CODE
  Relative segment, address: CODE 00000B4C - 00000B4D (0x2 bytes), align: 1
  Segment part 12.            Intra module refs:   ?PROLOGUE5_L09
           ENTRY                   ADDRESS         REF BY
           =====                   =======         ======
           ?PROLOGUE4_L09          00000B4C        SlaveModbus (modbus)
                                                   StartUartSend (uart)
    -------------------------------------------------------------------------
CODE
  Relative segment, address: CODE 00000B4E - 00000B4F (0x2 bytes), align: 1
  Segment part 13.            Intra module refs:   ?PROLOGUE4_L09
           ENTRY                   ADDRESS         REF BY
           =====                   =======         ======
           ?PROLOGUE3_L09          00000B4E 
    -------------------------------------------------------------------------
CODE
  Relative segment, address: CODE 00000B50 - 00000B51 (0x2 bytes), align: 1
  Segment part 14.            Intra module refs:   ?PROLOGUE3_L09
           ENTRY                   ADDRESS         REF BY
           =====                   =======         ======
           ?PROLOGUE2_L09          00000B50 
    -------------------------------------------------------------------------
CODE
  Relative segment, address: CODE 00000B52 - 00000B53 (0x2 bytes), align: 1
  Segment part 15.            Intra module refs:   ?PROLOGUE2_L09
           ENTRY                   ADDRESS         REF BY
           =====                   =======         ======
           ?PROLOGUE1_L09          00000B52 
    -------------------------------------------------------------------------
CODE
  Relative segment, address: CODE 00000B54 - 00000B55 (0x2 bytes), align: 1
  Segment part 16.            Intra module refs:   ?PROLOGUE1_L09

    -------------------------------------------------------------------------
  LIBRARY MODULE, NAME : ?EPILOGUE_B_L09

  SEGMENTS IN THE MODULE
  ======================
CODE
  Relative segment, address: CODE 00000B56 - 00000B57 (0x2 bytes), align: 1
  Segment part 4.
           ENTRY                   ADDRESS         REF BY
           =====                   =======         ======
           ?EPILOGUE_B12_L09       00000B56        SlaveAnswerDataDeal (modbus)
    -------------------------------------------------------------------------
CODE
  Relative segment, address: CODE 00000B58 - 00000B59 (0x2 bytes), align: 1
  Segment part 5.             Intra module refs:   ?EPILOGUE_B12_L09
           ENTRY                   ADDRESS         REF BY
           =====                   =======         ======
           ?EPILOGUE_B11_L09       00000B58 
    -------------------------------------------------------------------------
CODE
  Relative segment, address: CODE 00000B5A - 00000B5B (0x2 bytes), align: 1
  Segment part 6.             Intra module refs:   ?EPILOGUE_B11_L09
           ENTRY                   ADDRESS         REF BY
           =====                   =======         ======
           ?EPILOGUE_B10_L09       00000B5A 
    -------------------------------------------------------------------------
CODE
  Relative segment, address: CODE 00000B5C - 00000B5D (0x2 bytes), align: 1
  Segment part 7.             Intra module refs:   ?EPILOGUE_B10_L09
           ENTRY                   ADDRESS         REF BY
           =====                   =======         ======
           ?EPILOGUE_B9_L09        00000B5C 
    -------------------------------------------------------------------------
CODE
  Relative segment, address: CODE 00000B5E - 00000B5F (0x2 bytes), align: 1
  Segment part 8.             Intra module refs:   ?EPILOGUE_B9_L09
           ENTRY                   ADDRESS         REF BY
           =====                   =======         ======
           ?EPILOGUE_B8_L09        00000B5E 
    -------------------------------------------------------------------------
CODE
  Relative segment, address: CODE 00000B60 - 00000B61 (0x2 bytes), align: 1
  Segment part 9.             Intra module refs:   ?EPILOGUE_B8_L09
           ENTRY                   ADDRESS         REF BY
           =====                   =======         ======
           ?EPILOGUE_B7_L09        00000B60 
    -------------------------------------------------------------------------
CODE
  Relative segment, address: CODE 00000B62 - 00000B63 (0x2 bytes), align: 1
  Segment part 10.            Intra module refs:   ?EPILOGUE_B7_L09
           ENTRY                   ADDRESS         REF BY
           =====                   =======         ======
           ?EPILOGUE_B6_L09        00000B62 
    -------------------------------------------------------------------------
CODE
  Relative segment, address: CODE 00000B64 - 00000B65 (0x2 bytes), align: 1
  Segment part 11.            Intra module refs:   ?EPILOGUE_B6_L09
           ENTRY                   ADDRESS         REF BY
           =====                   =======         ======
           ?EPILOGUE_B5_L09        00000B64 
    -------------------------------------------------------------------------
CODE
  Relative segment, address: CODE 00000B66 - 00000B67 (0x2 bytes), align: 1
  Segment part 12.            Intra module refs:   ?EPILOGUE_B5_L09
           ENTRY                   ADDRESS         REF BY
           =====                   =======         ======
           ?EPILOGUE_B4_L09        00000B66        SlaveModbus (modbus)
                                                   StartUartSend (uart)
    -------------------------------------------------------------------------
CODE
  Relative segment, address: CODE 00000B68 - 00000B69 (0x2 bytes), align: 1
  Segment part 13.            Intra module refs:   ?EPILOGUE_B4_L09
           ENTRY                   ADDRESS         REF BY
           =====                   =======         ======
           ?EPILOGUE_B3_L09        00000B68 
    -------------------------------------------------------------------------
CODE
  Relative segment, address: CODE 00000B6A - 00000B6B (0x2 bytes), align: 1
  Segment part 14.            Intra module refs:   ?EPILOGUE_B3_L09
           ENTRY                   ADDRESS         REF BY
           =====                   =======         ======
           ?EPILOGUE_B2_L09        00000B6A 
    -------------------------------------------------------------------------
CODE
  Relative segment, address: CODE 00000B6C - 00000B6D (0x2 bytes), align: 1
  Segment part 15.            Intra module refs:   ?EPILOGUE_B2_L09
           ENTRY                   ADDRESS         REF BY
           =====                   =======         ======
           ?EPILOGUE_B1_L09        00000B6C 
    -------------------------------------------------------------------------
CODE
  Relative segment, address: CODE 00000B6E - 00000B77 (0xa bytes), align: 1
  Segment part 16.            Intra module refs:   ?EPILOGUE_B1_L09
           ENTRY                   ADDRESS         REF BY
           =====                   =======         ======
           ?EPILOGUE_B0_L09        00000B6E 

    -------------------------------------------------------------------------
  LIBRARY MODULE, NAME : ?REGISTER_CGREGR4_L10

  SEGMENTS IN THE MODULE
  ======================
CODE
  Relative segment, address: CODE 00000B78, align: 1
  Segment part 0.
           ENTRY                   ADDRESS         REF BY
           =====                   =======         ======
           ?Register_R4_is_cg_reg
                                   00000B78        SlaveAnswerDataDeal (modbus)

    -------------------------------------------------------------------------
  LIBRARY MODULE, NAME : ?REGISTER_CGREGR5_L10

  SEGMENTS IN THE MODULE
  ======================
CODE
  Relative segment, address: CODE 00000B78, align: 1
  Segment part 0.
           ENTRY                   ADDRESS         REF BY
           =====                   =======         ======
           ?Register_R5_is_cg_reg
                                   00000B78        SlaveAnswerDataDeal (modbus)

    -------------------------------------------------------------------------
  LIBRARY MODULE, NAME : ?REGISTER_CGREGR6_L10

  SEGMENTS IN THE MODULE
  ======================
CODE
  Relative segment, address: CODE 00000B78, align: 1
  Segment part 0.
           ENTRY                   ADDRESS         REF BY
           =====                   =======         ======
           ?Register_R6_is_cg_reg
                                   00000B78        SlaveAnswerDataDeal (modbus)

    -------------------------------------------------------------------------
  LIBRARY MODULE, NAME : ?REGISTER_CGREGR7_L10

  SEGMENTS IN THE MODULE
  ======================
CODE
  Relative segment, address: CODE 00000B78, align: 1
  Segment part 0.
           ENTRY                   ADDRESS         REF BY
           =====                   =======         ======
           ?Register_R7_is_cg_reg
                                   00000B78        SlaveAnswerDataDeal (modbus)

    -------------------------------------------------------------------------
  LIBRARY MODULE, NAME : ?REGISTER_CGREGR8_L10

  SEGMENTS IN THE MODULE
  ======================
CODE
  Relative segment, address: CODE 00000B78, align: 1
  Segment part 0.
           ENTRY                   ADDRESS         REF BY
           =====                   =======         ======
           ?Register_R8_is_cg_reg
                                   00000B78        SlaveAnswerDataDeal (modbus)

    -------------------------------------------------------------------------
  LIBRARY MODULE, NAME : ?REGISTER_CGREGR9_L10

  SEGMENTS IN THE MODULE
  ======================
CODE
  Relative segment, address: CODE 00000B78, align: 1
  Segment part 0.
           ENTRY                   ADDRESS         REF BY
           =====                   =======         ======
           ?Register_R9_is_cg_reg
                                   00000B78        SlaveAnswerDataDeal (modbus)

    -------------------------------------------------------------------------
  LIBRARY MODULE, NAME : ?REGISTER_CGREGR10_L10

  SEGMENTS IN THE MODULE
  ======================
CODE
  Relative segment, address: CODE 00000B78, align: 1
  Segment part 0.
           ENTRY                   ADDRESS         REF BY
           =====                   =======         ======
           ?Register_R10_is_cg_reg
                                   00000B78        SlaveAnswerDataDeal (modbus)

    -------------------------------------------------------------------------
  LIBRARY MODULE, NAME : ?REGISTER_CGREGR11_L10

  SEGMENTS IN THE MODULE
  ======================
CODE
  Relative segment, address: CODE 00000B78, align: 1
  Segment part 0.
           ENTRY                   ADDRESS         REF BY
           =====                   =======         ======
           ?Register_R11_is_cg_reg
                                   00000B78        SlaveAnswerDataDeal (modbus)

    -------------------------------------------------------------------------
  LIBRARY MODULE, NAME : ?low_level_init

  SEGMENTS IN THE MODULE
  ======================
CODE
  Relative segment, address: CODE 00000B78 - 00000B7B (0x4 bytes), align: 1
  Segment part 3.
           ENTRY                   ADDRESS         REF BY
           =====                   =======         ======
           __low_level_init        00000B78        ?call_low_level_init (?C_STARTUP)
               RSTACK = 00000000 ( 00000002 )

    -------------------------------------------------------------------------
  LIBRARY MODULE, NAME : ?memcpy

  SEGMENTS IN THE MODULE
  ======================
CODE
  Relative segment, address: CODE 00000B7C - 00000B97 (0x1c bytes), align: 1
  Segment part 3.
           ENTRY                   ADDRESS         REF BY
           =====                   =======         ======
           memcpy                  00000B7C        StartUartSend (uart)
               RSTACK = 00000000 ( 00000002 )

    -------------------------------------------------------------------------
  LIBRARY MODULE, NAME : ?segment_init

  SEGMENTS IN THE MODULE
  ======================
CODE
  Relative segment, address: CODE 00000B98 - 00000B9F (0x8 bytes), align: 1
  Segment part 3.             Intra module refs:   __segment_init
           LOCAL                   ADDRESS         
           =====                   =======         
           __memclr                00000B98 
               RSTACK = 00000000 ( 00000002 )
    -------------------------------------------------------------------------
CODE
  Relative segment, address: CODE 00000BA0 - 00000BA7 (0x8 bytes), align: 1
  Segment part 4.             Intra module refs:   __segment_init
           LOCAL                   ADDRESS         
           =====                   =======         
           __flashcpy              00000BA0 
               RSTACK = 00000000 ( 00000002 )
    -------------------------------------------------------------------------
CODE
  Relative segment, address: CODE 00000BA8 - 00000BB3 (0xc bytes), align: 1
  Segment part 5.             Intra module refs:   __flashcpy
                                                   __memclr
    -------------------------------------------------------------------------
CODE
  Relative segment, address: CODE 00000BB4 - 00000BE7 (0x34 bytes), align: 1
  Segment part 6.
           ENTRY                   ADDRESS         REF BY
           =====                   =======         ======
           __segment_init          00000BB4        ?need_segment_init (?C_STARTUP)
               calls direct
               RSTACK = 00000000 ( 00000002 )

    *************************************************************************

  DEFINED ABSOLUTE ENTRIES
  PROGRAM MODULE, NAME : ?FILLER_BYTES

  SEGMENTS IN THE MODULE
  ======================
INTVEC
  Common segment, address: CODE 00000000 - 00000037 (0x38 bytes), align: 0
  Segment part 1.
    -------------------------------------------------------------------------
?FILL1
  Relative segment, address: CODE 00000038 - 00000053 (0x1c bytes), align: 0
  Segment part 0.




                ****************************************
                *                                      *
                *      SEGMENTS IN ADDRESS ORDER       *
                *                                      *
                ****************************************


SEGMENT              SPACE    START ADDRESS   END ADDRESS     SIZE  TYPE  ALIGN
=======              =====    =============   ===========     ====  ====  =====
INTVEC               CODE          00000000 - 00000037          38   com    1
?FILL1               CODE          00000038 - 00000053          1C   rel    0
NEAR_F               CODE          00000054 - 00000073          20   rel    0
CODE                 CODE          00000074 - 00000BE7         B74   rel    1
INITTAB              CODE          00000BE8 - 00000BED           6   rel    0
ABSOLUTE             DATA               0000001C                     rel    0
                     DATA               0000001D                   
                     DATA               0000001E                   
                     DATA               0000001F                   
                     DATA          00000029 - 0000002C           4 
                     DATA          00000031 - 00000032           2 
                     DATA          00000034 - 00000035           2 
                     DATA          00000037 - 00000038           2 
                     DATA          0000003A - 0000003B           2 
                     DATA          00000040 - 00000040           1 
                     DATA          0000004C - 0000004F           4 
                     DATA          00000059 - 00000059           1 
                     DATA          0000005F - 0000005F           1 
CSTACK               DATA          00000060 - 0000007F          20   dse    0
RSTACK               DATA          00000080 - 0000009F          20   dse    0
NEAR_I               DATA               000000A0                     dse    0
NEAR_Z               DATA          000000A0 - 000001BE         11F   rel    0

                ****************************************
                *                                      *
                *        END OF CROSS REFERENCE        *
                *                                      *
                ****************************************

 3 026 bytes of CODE memory (+             28 range fill )
   351 bytes of DATA memory (+ 19 absolute )

Errors: none
Warnings: none

