################################################################################
#                                                                              #
#      IAR Universal Linker V4.61L/W32                                         #
#                                                                              #
#           Link time     =  02/Feb/2016  09:09:56                             #
#           Target CPU    =  A90                                               #
#           List file     =  C:\Users\Administrator\Desktop\¿ÉÀ©Õ¹Ä£¿éµç¹ñ¼¯ÖÐ #
#                            ÏµÍ³\IAR\Debug\List\CL_KB.map                     #
#           Output file 1 =  C:\Users\Administrator\Desktop\¿ÉÀ©Õ¹Ä£¿éµç¹ñ¼¯ÖÐ #
#                            ÏµÍ³\IAR\Debug\Exe\CL_KB.hex                      #
#                            Format: intel-extended                            #
#           Output file 2 =  C:\Users\Administrator\Desktop\¿ÉÀ©Õ¹Ä£¿éµç¹ñ¼¯ÖÐ #
#                            ÏµÍ³\IAR\Debug\Exe\CL_KB.d90                      #
#                            Format: debug                                     #
#                            UBROF version 10.0.2                              #
#                            Using library modules for C-SPY (-rt)             #
#           Command line  =  C:\Users\Administrator\Desktop\¿ÉÀ©Õ¹Ä£¿éµç¹ñ¼¯ÖÐ #
#                            ÏµÍ³\IAR\Debug\Obj\ADC.r90                        #
#                            C:\Users\Administrator\Desktop\¿ÉÀ©Õ¹Ä£¿éµç¹ñ¼¯ÖÐ #
#                            ÏµÍ³\IAR\Debug\Obj\CLModbus.r90                   #
#                            C:\Users\Administrator\Desktop\¿ÉÀ©Õ¹Ä£¿éµç¹ñ¼¯ÖÐ #
#                            ÏµÍ³\IAR\Debug\Obj\CRC.r90                        #
#                            C:\Users\Administrator\Desktop\¿ÉÀ©Õ¹Ä£¿éµç¹ñ¼¯ÖÐ #
#                            ÏµÍ³\IAR\Debug\Obj\EEProm.r90                     #
#                            C:\Users\Administrator\Desktop\¿ÉÀ©Õ¹Ä£¿éµç¹ñ¼¯ÖÐ #
#                            ÏµÍ³\IAR\Debug\Obj\Input.r90                      #
#                            C:\Users\Administrator\Desktop\¿ÉÀ©Õ¹Ä£¿éµç¹ñ¼¯ÖÐ #
#                            ÏµÍ³\IAR\Debug\Obj\Output.r90                     #
#                            C:\Users\Administrator\Desktop\¿ÉÀ©Õ¹Ä£¿éµç¹ñ¼¯ÖÐ #
#                            ÏµÍ³\IAR\Debug\Obj\PWM.r90                        #
#                            C:\Users\Administrator\Desktop\¿ÉÀ©Õ¹Ä£¿éµç¹ñ¼¯ÖÐ #
#                            ÏµÍ³\IAR\Debug\Obj\StdMd.r90                      #
#                            C:\Users\Administrator\Desktop\¿ÉÀ©Õ¹Ä£¿éµç¹ñ¼¯ÖÐ #
#                            ÏµÍ³\IAR\Debug\Obj\Timer.r90                      #
#                            C:\Users\Administrator\Desktop\¿ÉÀ©Õ¹Ä£¿éµç¹ñ¼¯ÖÐ #
#                            ÏµÍ³\IAR\Debug\Obj\main.r90                       #
#                            C:\Users\Administrator\Desktop\¿ÉÀ©Õ¹Ä£¿éµç¹ñ¼¯ÖÐ #
#                            ÏµÍ³\IAR\Debug\Obj\uart.r90                       #
#                            -o                                                #
#                            C:\Users\Administrator\Desktop\¿ÉÀ©Õ¹Ä£¿éµç¹ñ¼¯ÖÐ #
#                            ÏµÍ³\IAR\Debug\Exe\CL_KB.d90                      #
#                            -l                                                #
#                            C:\Users\Administrator\Desktop\¿ÉÀ©Õ¹Ä£¿éµç¹ñ¼¯ÖÐ #
#                            ÏµÍ³\IAR\Debug\List\CL_KB.map                     #
#                            -xms                                              #
#                            "-ID:\IAR Systems\Embedded Workbench Evaluation 5 #
#                            .4\avr\LIB\"                                      #
#                            -f                                                #
#                            "D:\IAR Systems\Embedded Workbench Evaluation 5.4 #
#                            \avr\src\template\cfgm16a.xcl"                    #
#                            (-D_..X_INTVEC_SIZE=54 -D_..X_FLASH_NEND=3FFF     #
#                            -D_..X_FLASH_END=3FFF -D_..X_SRAM_BASE=60         #
#                            -D_..X_SRAM_TBASE=_..X_SRAM_BASE                  #
#                            -D_..X_SRAM_TSIZE=(100-_..X_SRAM_BASE)            #
#                            -D_..X_SRAM_END=45F                               #
#                            -D_..X_EXT_SRAM_BASE=_..X_SRAM_END                #
#                            -D_..X_EXT_SRAM_SIZE=0                            #
#                            -D_..X_EXT_ROM_BASE=_..X_SRAM_END                 #
#                            -D_..X_EXT_ROM_SIZE=0                             #
#                            -D_..X_EXT_NV_BASE=_..X_SRAM_END                  #
#                            -D_..X_EXT_NV_SIZE=0 -D_..X_EEPROM_END=1FF        #
#                            -D_..X_EEPROM_START=0) -D_..X_HEAP_SIZE=10        #
#                            -D_..X_TINY_HEAP_SIZE=0 -D_..X_NEAR_HEAP_SIZE=0   #
#                            -D_..X_FAR_HEAP_SIZE=0 -D_..X_HUGE_HEAP_SIZE=0    #
#                            -D_..X_CSTACK_SIZE=20 -D_..X_RSTACK_SIZE=20 -f    #
#                            "D:\IAR Systems\Embedded Workbench Evaluation 5.4 #
#                            \avr\src\template\cfg3soim.xcl"                   #
#                            (-ca90 -w29                                       #
#                            -Z(CODE)INTVEC=0-(_..X_INTVEC_SIZE-1)             #
#                            -Z(CODE)TINY_F=_..X_FLASH_BASE-FF                 #
#                            -Z(CODE)NEAR_F=_..X_FLASH_BASE-_..X_FLASH_NEND    #
#                            -Z(CODE)SWITCH=_..X_FLASH_BASE-_..X_FLASH_NEND    #
#                            -Z(CODE)DIFUNCT=_..X_FLASH_BASE-_..X_FLASH_NEND   #
#                            -Z(CODE)CODE=_..X_FLASH_BASE-_..X_FLASH_END       #
#                            -Z(CODE)FAR_F=[_..X_FLASH_BASE-_..X_FLASH_END]/10 #
#                            000                                               #
#                            -Z(CODE)INITTAB=_..X_FLASH_BASE-_..X_FLASH_END    #
#                            -Z(CODE)HUGE_F=_..X_FLASH_BASE-_..X_FLASH_END     #
#                            -Z(CODE)TINY_ID=_..X_FLASH_BASE-_..X_FLASH_END    #
#                            -Z(CODE)NEAR_ID=_..X_FLASH_BASE-_..X_FLASH_END    #
#                            -Z(CODE)CHECKSUM#_..X_FLASH_END                   #
#                            -Z(DATA)TINY_I,TINY_Z,TINY_N=_..X_SRAM_TBASE:+_.. #
#                            X_SRAM_TSIZE                                      #
#                            -Z(DATA)CSTACK+_..X_CSTACK_SIZE=_..X_CSTACK_BASE- #
#                            _..X_CSTACK_END                                   #
#                            -Z(DATA)HEAP+_..X_HEAP_SIZE=_..X_SRAM_BASE-_..X_S #
#                            RAM_END                                           #
#                            -Z(DATA)IOSTREAM_N#_..X_SRAM_BASE-_..X_SRAM_END   #
#                            -Z(DATA)NEAR_HEAP+_..X_NEAR_HEAP_SIZE=_..X_SRAM_B #
#                            ASE-_..X_SRAM_END                                 #
#                            -Z(DATA)RSTACK+_..X_RSTACK_SIZE=_..X_RSTACK_BASE- #
#                            _..X_RSTACK_END                                   #
#                            -Z(DATA)NEAR_I,NEAR_Z,NEAR_N=_..X_SRAM_BASE-_..X_ #
#                            SRAM_END                                          #
#                            -Z(XDATA)EEPROM_I,EEPROM_N=_..X_EEPROM_START-_..X #
#                            _EEPROM_END)                                      #
#                            -D_..X_FLASH_BASE=_..X_INTVEC_SIZE -H1895         #
#                            -h(CODE)0-(_..X_INTVEC_SIZE-1)                    #
#                            -D_..X_CSTACK_BASE=_..X_SRAM_BASE                 #
#                            -D_..X_CSTACK_END=_..X_SRAM_END                   #
#                            -D_..X_RSTACK_BASE=_..X_SRAM_BASE                 #
#                            -D_..X_RSTACK_END=_..X_SRAM_END -rt               #
#                            -Ointel-extended=C:\Users\Administrator\Desktop\¿ #
#                            ÉÀ©Õ¹Ä£¿éµç¹ñ¼¯ÖÐÏµÍ³\IAR\Debug\Exe\CL_KB.hex     #
#                            -s __program_start                                #
#                            "D:\IAR Systems\Embedded Workbench Evaluation 5.4 #
#                            \avr\LIB\CLIB\cl3s-ec_mul-sf.r90"                 #
#                            -e_small_write=_formatted_write                   #
#                            -e_medium_read=_formatted_read                    #
#                                                                              #
#                           Copyright (C) 1987-2009 IAR Systems AB.            #
################################################################################





                ****************************************
                *                                      *
                *           CROSS REFERENCE            *
                *                                      *
                ****************************************

       Program entry at : CODE      00000000  Relocatable, from module : ?RESET




                ****************************************
                *                                      *
                *            RUNTIME MODEL             *
                *                                      *
                ****************************************

  EEPROM_SIZE     = 2
  R10             = REG
  R11             = REG
  R12             = REG
  R13             = REG
  R14             = REG
  R4              = REG
  R5              = REG
  R6              = REG
  R7              = REG
  R8              = REG
  R9              = REG
  __64bit_doubles = disabled
  __cpu           = 3
  __cpu_name      = ATmega16A
  __enhanced_core = enabled
  __has_elpm      = false
  __memory_model  = 2
  __rt_version    = 3



                ****************************************
                *                                      *
                *              MODULE MAP              *
                *                                      *
                ****************************************


  DEFINED ABSOLUTE ENTRIES
  PROGRAM MODULE, NAME : ?ABS_ENTRY_MOD

Absolute parts
           ENTRY                   ADDRESS         REF BY
           =====                   =======         ======
           _..X_RSTACK_END         0000045F 
           _..X_RSTACK_BASE        00000060 
           _..X_CSTACK_END         0000045F 
           _..X_CSTACK_BASE        00000060 
           _..X_FLASH_BASE         00000054 
           _..X_RSTACK_SIZE        00000020 
           _..X_CSTACK_SIZE        00000020 
           _..X_HUGE_HEAP_SIZE     00000000 
           _..X_FAR_HEAP_SIZE      00000000 
           _..X_NEAR_HEAP_SIZE     00000000 
           _..X_TINY_HEAP_SIZE     00000000 
           _..X_HEAP_SIZE          00000010 
           _..X_EEPROM_START       00000000 
           _..X_EEPROM_END         000001FF 
           _..X_EXT_NV_SIZE        00000000 
           _..X_EXT_NV_BASE        0000045F 
           _..X_EXT_ROM_SIZE       00000000 
           _..X_EXT_ROM_BASE       0000045F 
           _..X_EXT_SRAM_SIZE      00000000 
           _..X_EXT_SRAM_BASE      0000045F 
           _..X_SRAM_END           0000045F 
           _..X_SRAM_TSIZE         000000A0 
           _..X_SRAM_TBASE         00000060 
           _..X_SRAM_BASE          00000060 
           _..X_FLASH_END          00003FFF 
           _..X_FLASH_NEND         00003FFF 
           _..X_INTVEC_SIZE        00000054 
    *************************************************************************

  FILE NAME : C:\Users\Administrator\Desktop\¿ÉÀ©Õ¹Ä£¿éµç¹ñ¼¯ÖÐÏµÍ³\IAR\Debug\Obj\ADC.r90
  PROGRAM MODULE, NAME : ADC

  SEGMENTS IN THE MODULE
  ======================
ABSOLUTE
  Relative segment, address: DATA 00000027 - 00000027 (0x1 bytes), align: 0
  Segment part 1. ROOT.       Intra module refs:   GetOneAdc
           ENTRY                   ADDRESS         REF BY
           =====                   =======         ======
           _A_ADMUX                00000027 
    -------------------------------------------------------------------------
ABSOLUTE
  Relative segment, address: DATA 00000026 - 00000026 (0x1 bytes), align: 0
  Segment part 2. ROOT.       Intra module refs:   GetOneAdc
                                                   PDR (StdMd)
           ENTRY                   ADDRESS         REF BY
           =====                   =======         ======
           _A_ADCSRA               00000026 
    -------------------------------------------------------------------------
ABSOLUTE
  Relative segment, address: DATA 00000024 - 00000025 (0x2 bytes), align: 0
  Segment part 3. ROOT.       Intra module refs:   GetOneAdc
           ENTRY                   ADDRESS         REF BY
           =====                   =======         ======
           _A_ADC                  00000024 
    -------------------------------------------------------------------------
CODE
  Relative segment, address: CODE 00000074 - 000000C3 (0x50 bytes), align: 1
  Segment part 13.            Intra module refs:   AdcDeal
           ENTRY                   ADDRESS         REF BY
           =====                   =======         ======
           AverageValue            00000074 
               CSTACK = 00000000 ( 00000004 )
               RSTACK = 00000000 ( 00000004 )
    -------------------------------------------------------------------------
CODE
  Relative segment, address: CODE 000000C4 - 000000E1 (0x1e bytes), align: 1
  Segment part 14.            Intra module refs:   AdcDeal
           ENTRY                   ADDRESS         REF BY
           =====                   =======         ======
           GetOneAdc               000000C4 
               RSTACK = 00000000 ( 00000002 )
    -------------------------------------------------------------------------
CODE
  Relative segment, address: CODE 000000E2 - 0000014F (0x6e bytes), align: 1
  Segment part 15.
           ENTRY                   ADDRESS         REF BY
           =====                   =======         ======
           AdcDeal                 000000E2        main (main)
               calls direct
               CSTACK = 00000000 ( 00000004 )
               RSTACK = 00000000 ( 00000002 )
    -------------------------------------------------------------------------
NEAR_Z
  Relative segment, address: DATA 000000A0 - 000000A0 (0x1 bytes), align: 0
  Segment part 10.            Intra module refs:   AdcDeal
           LOCAL                   ADDRESS         
           =====                   =======         
           AdcDeal::Channel        000000A0 
    -------------------------------------------------------------------------
NEAR_Z
  Relative segment, address: DATA 000000A1 - 000000C8 (0x28 bytes), align: 0
  Segment part 12.            Intra module refs:   AdcDeal
           LOCAL                   ADDRESS         
           =====                   =======         
           AdcDeal::Buff           000000A1 
    -------------------------------------------------------------------------
ABSOLUTE
  Relative segment, address: DATA 0000001C, align: 0
  Segment part 4. ROOT.
           ENTRY                   ADDRESS         REF BY
           =====                   =======         ======
           __?EECR                 0000001C 
    -------------------------------------------------------------------------
ABSOLUTE
  Relative segment, address: DATA 0000001D, align: 0
  Segment part 5. ROOT.
           ENTRY                   ADDRESS         REF BY
           =====                   =======         ======
           __?EEDR                 0000001D 
    -------------------------------------------------------------------------
ABSOLUTE
  Relative segment, address: DATA 0000001E, align: 0
  Segment part 6. ROOT.
           ENTRY                   ADDRESS         REF BY
           =====                   =======         ======
           __?EEARL                0000001E 
    -------------------------------------------------------------------------
ABSOLUTE
  Relative segment, address: DATA 0000001F, align: 0
  Segment part 7. ROOT.
           ENTRY                   ADDRESS         REF BY
           =====                   =======         ======
           __?EEARH                0000001F 
    -------------------------------------------------------------------------
INITTAB
  Relative segment, address: CODE 000010D4 - 000010D9 (0x6 bytes), align: 0
  Segment part 11.            Intra module refs:   AdcDeal::Buff
                                                   AdcDeal::Channel
                                                   InputDeal::KeyTreated (Input)
                                                   InputScan::KeyInputCnt (Input)
                                                   InputScan::KeyLastRec (Input)
                                                   InputScan::KeyResult (Input)
                                                   MODE1 (main)
                                                   MdRet (StdMd)
                                                   MdTcp1 (StdMd)
                                                   PWMDeal::PWMCnt (PWM)
                                                   Timer1 (Timer)
                                                   UartAppData1 (uart)
           ENTRY                   ADDRESS         REF BY
           =====                   =======         ======
           ?<Segment init: NEAR_Z>
                                   000010D4 

    *************************************************************************

  FILE NAME : C:\Users\Administrator\Desktop\¿ÉÀ©Õ¹Ä£¿éµç¹ñ¼¯ÖÐÏµÍ³\IAR\Debug\Obj\CLModbus.r90
  PROGRAM MODULE, NAME : CLModbus

  SEGMENTS IN THE MODULE
  ======================
CODE
  Relative segment, address: CODE 00000150 - 00000405 (0x2b6 bytes), align: 1
  Segment part 7.
           ENTRY                   ADDRESS         REF BY
           =====                   =======         ======
           MdDataDeal              00000150        MdPoll (StdMd)
               calls direct and indirect
               CSTACK = 00000000 ( 0000000A )
               RSTACK = 00000000 ( 00000002 )
    -------------------------------------------------------------------------
CODE
  Relative segment, address: CODE 00000406 - 000005ED (0x1e8 bytes), align: 1
  Segment part 8.             Intra module refs:   MdDataDeal
           ENTRY                   ADDRESS         REF BY
           =====                   =======         ======
           Slave_ModbusDataSetup   00000406 
               calls direct and indirect
               CSTACK = 00000000 ( 0000000C )
               RSTACK = 00000000 ( 00000004 )

    *************************************************************************

  FILE NAME : C:\Users\Administrator\Desktop\¿ÉÀ©Õ¹Ä£¿éµç¹ñ¼¯ÖÐÏµÍ³\IAR\Debug\Obj\CRC.r90
  PROGRAM MODULE, NAME : CRC

  SEGMENTS IN THE MODULE
  ======================
NEAR_F
  Relative segment, address: CODE 00000054 - 00000073 (0x20 bytes), align: 0
  Segment part 7.             Intra module refs:   GetCRC16
           ENTRY                   ADDRESS         REF BY
           =====                   =======         ======
           CRCtbl                  00000054 
    -------------------------------------------------------------------------
CODE
  Relative segment, address: CODE 000005EE - 0000065D (0x70 bytes), align: 1
  Segment part 8.
           ENTRY                   ADDRESS         REF BY
           =====                   =======         ======
           GetCRC16                000005EE        MdDataDeal (CLModbus)
                                                   Slave_ModbusDataSetup (CLModbus)
               RSTACK = 00000000 ( 00000004 )

    *************************************************************************

  FILE NAME : C:\Users\Administrator\Desktop\¿ÉÀ©Õ¹Ä£¿éµç¹ñ¼¯ÖÐÏµÍ³\IAR\Debug\Obj\EEProm.r90
  PROGRAM MODULE, NAME : EEProm

  SEGMENTS IN THE MODULE
  ======================
ABSOLUTE
  Relative segment, address: DATA 0000003E - 0000003F (0x2 bytes), align: 0
  Segment part 1. ROOT.
           ENTRY                   ADDRESS         REF BY
           =====                   =======         ======
           _A_EEAR                 0000003E 
    -------------------------------------------------------------------------
ABSOLUTE
  Relative segment, address: DATA 0000003D - 0000003D (0x1 bytes), align: 0
  Segment part 2. ROOT.
           ENTRY                   ADDRESS         REF BY
           =====                   =======         ======
           _A_EEDR                 0000003D 
    -------------------------------------------------------------------------
ABSOLUTE
  Relative segment, address: DATA 0000003C - 0000003C (0x1 bytes), align: 0
  Segment part 3. ROOT.
           ENTRY                   ADDRESS         REF BY
           =====                   =======         ======
           _A_EECR                 0000003C 

    *************************************************************************

  FILE NAME : C:\Users\Administrator\Desktop\¿ÉÀ©Õ¹Ä£¿éµç¹ñ¼¯ÖÐÏµÍ³\IAR\Debug\Obj\Input.r90
  PROGRAM MODULE, NAME : Input

  SEGMENTS IN THE MODULE
  ======================
ABSOLUTE
  Relative segment, address: DATA 00000033 - 00000033 (0x1 bytes), align: 0
  Segment part 1. ROOT.       Intra module refs:   InputGet
           ENTRY                   ADDRESS         REF BY
           =====                   =======         ======
           _A_PINC                 00000033 
    -------------------------------------------------------------------------
CODE
  Relative segment, address: CODE 0000065E - 00000671 (0x14 bytes), align: 1
  Segment part 13.
           ENTRY                   ADDRESS         REF BY
           =====                   =======         ======
           InputGet                0000065E        main (main)
               RSTACK = 00000000 ( 00000002 )
    -------------------------------------------------------------------------
CODE
  Relative segment, address: CODE 00000672 - 0000073B (0xca bytes), align: 1
  Segment part 14.
           ENTRY                   ADDRESS         REF BY
           =====                   =======         ======
           InputScan               00000672        main (main)
               RSTACK = 00000000 ( 00000004 )
    -------------------------------------------------------------------------
NEAR_Z
  Relative segment, address: DATA 000000C9 - 000000C9 (0x1 bytes), align: 0
  Segment part 8.             Intra module refs:   InputScan
           LOCAL                   ADDRESS         
           =====                   =======         
           InputScan::KeyLastRec   000000C9 
    -------------------------------------------------------------------------
NEAR_Z
  Relative segment, address: DATA 000000CA - 000000CA (0x1 bytes), align: 0
  Segment part 10.            Intra module refs:   InputScan
           LOCAL                   ADDRESS         
           =====                   =======         
           InputScan::KeyResult    000000CA 
    -------------------------------------------------------------------------
NEAR_Z
  Relative segment, address: DATA 000000CB - 000000CE (0x4 bytes), align: 0
  Segment part 11.            Intra module refs:   InputScan
           LOCAL                   ADDRESS         
           =====                   =======         
           InputScan::KeyInputCnt
                                   000000CB 
    -------------------------------------------------------------------------
CODE
  Relative segment, address: CODE 0000073C - 0000076D (0x32 bytes), align: 1
  Segment part 15.
           ENTRY                   ADDRESS         REF BY
           =====                   =======         ======
           InputDeal               0000073C        main (main)
               RSTACK = 00000000 ( 00000002 )
    -------------------------------------------------------------------------
NEAR_Z
  Relative segment, address: DATA 000000CF - 000000D1 (0x3 bytes), align: 0
  Segment part 12.            Intra module refs:   InputDeal
           LOCAL                   ADDRESS         
           =====                   =======         
           InputDeal::KeyTreated   000000CF 

    *************************************************************************

  FILE NAME : C:\Users\Administrator\Desktop\¿ÉÀ©Õ¹Ä£¿éµç¹ñ¼¯ÖÐÏµÍ³\IAR\Debug\Obj\Output.r90
  PROGRAM MODULE, NAME : Output

  SEGMENTS IN THE MODULE
  ======================
ABSOLUTE
  Relative segment, address: DATA 00000038 - 00000038 (0x1 bytes), align: 0
  Segment part 1. ROOT.       Intra module refs:   ClrBitPwm (PWM)
                                                   OutputDeal
                                                   Pin_Init (main)
                                                   SetBitPwm (PWM)
           ENTRY                   ADDRESS         REF BY
           =====                   =======         ======
           _A_PORTB                00000038 
    -------------------------------------------------------------------------
ABSOLUTE
  Relative segment, address: DATA 00000032 - 00000032 (0x1 bytes), align: 0
  Segment part 2. ROOT.       Intra module refs:   ClrBitPwm (PWM)
                                                   OutputDeal
                                                   Pin_Init (main)
                                                   SetBitPwm (PWM)
                                                   UART1_TXDIS (uart)
                                                   UART1_TXEN (uart)
           ENTRY                   ADDRESS         REF BY
           =====                   =======         ======
           _A_PORTD                00000032 
    -------------------------------------------------------------------------
CODE
  Relative segment, address: CODE 0000076E - 000007CD (0x60 bytes), align: 1
  Segment part 9.
           ENTRY                   ADDRESS         REF BY
           =====                   =======         ======
           OutputDeal              0000076E        main (main)
               RSTACK = 00000000 ( 00000002 )

    *************************************************************************

  FILE NAME : C:\Users\Administrator\Desktop\¿ÉÀ©Õ¹Ä£¿éµç¹ñ¼¯ÖÐÏµÍ³\IAR\Debug\Obj\PWM.r90
  PROGRAM MODULE, NAME : PWM

  SEGMENTS IN THE MODULE
  ======================
ABSOLUTE
  Relative segment, address: DATA 0000005C - 0000005C (0x1 bytes), align: 0
  Segment part 1. ROOT.
           ENTRY                   ADDRESS         REF BY
           =====                   =======         ======
           _A_OCR0                 0000005C 
    -------------------------------------------------------------------------
ABSOLUTE
  Relative segment, address: DATA 00000053 - 00000053 (0x1 bytes), align: 0
  Segment part 2. ROOT.
           ENTRY                   ADDRESS         REF BY
           =====                   =======         ======
           _A_TCCR0                00000053 
    -------------------------------------------------------------------------
ABSOLUTE
  Relative segment, address: DATA 00000052 - 00000052 (0x1 bytes), align: 0
  Segment part 3. ROOT.       Intra module refs:   T0_OVF_ISR (Timer)
           ENTRY                   ADDRESS         REF BY
           =====                   =======         ======
           _A_TCNT0                00000052 
    -------------------------------------------------------------------------
ABSOLUTE
  Relative segment, address: DATA 0000004F - 0000004F (0x1 bytes), align: 0
  Segment part 4. ROOT.       Intra module refs:   T1_Init (Timer)
           ENTRY                   ADDRESS         REF BY
           =====                   =======         ======
           _A_TCCR1A               0000004F 
    -------------------------------------------------------------------------
ABSOLUTE
  Relative segment, address: DATA 0000004E - 0000004E (0x1 bytes), align: 0
  Segment part 5. ROOT.       Intra module refs:   T1_Init (Timer)
           ENTRY                   ADDRESS         REF BY
           =====                   =======         ======
           _A_TCCR1B               0000004E 
    -------------------------------------------------------------------------
ABSOLUTE
  Relative segment, address: DATA 0000004C - 0000004D (0x2 bytes), align: 0
  Segment part 6. ROOT.       Intra module refs:   T1_Init (Timer)
                                                   T1_OVF_ISR (Timer)
           ENTRY                   ADDRESS         REF BY
           =====                   =======         ======
           _A_TCNT1                0000004C 
    -------------------------------------------------------------------------
ABSOLUTE
  Relative segment, address: DATA 0000004A - 0000004B (0x2 bytes), align: 0
  Segment part 7. ROOT.
           ENTRY                   ADDRESS         REF BY
           =====                   =======         ======
           _A_OCR1A                0000004A 
    -------------------------------------------------------------------------
ABSOLUTE
  Relative segment, address: DATA 00000048 - 00000049 (0x2 bytes), align: 0
  Segment part 8. ROOT.
           ENTRY                   ADDRESS         REF BY
           =====                   =======         ======
           _A_OCR1B                00000048 
    -------------------------------------------------------------------------
ABSOLUTE
  Relative segment, address: DATA 00000046 - 00000047 (0x2 bytes), align: 0
  Segment part 9. ROOT.
           ENTRY                   ADDRESS         REF BY
           =====                   =======         ======
           _A_ICR1                 00000046 
    -------------------------------------------------------------------------
ABSOLUTE
  Relative segment, address: DATA 00000045 - 00000045 (0x1 bytes), align: 0
  Segment part 10. ROOT.
           ENTRY                   ADDRESS         REF BY
           =====                   =======         ======
           _A_TCCR2                00000045 
    -------------------------------------------------------------------------
ABSOLUTE
  Relative segment, address: DATA 00000044 - 00000044 (0x1 bytes), align: 0
  Segment part 11. ROOT.
           ENTRY                   ADDRESS         REF BY
           =====                   =======         ======
           _A_TCNT2                00000044 
    -------------------------------------------------------------------------
ABSOLUTE
  Relative segment, address: DATA 00000043 - 00000043 (0x1 bytes), align: 0
  Segment part 12. ROOT.
           ENTRY                   ADDRESS         REF BY
           =====                   =======         ======
           _A_OCR2                 00000043 
    -------------------------------------------------------------------------
CODE
  Relative segment, address: CODE 000007CE - 000007F5 (0x28 bytes), align: 1
  Segment part 27.            Intra module refs:   PWMDeal
           ENTRY                   ADDRESS         REF BY
           =====                   =======         ======
           SetBitPwm               000007CE 
               RSTACK = 00000000 ( 00000002 )
    -------------------------------------------------------------------------
CODE
  Relative segment, address: CODE 000007F6 - 0000081D (0x28 bytes), align: 1
  Segment part 28.            Intra module refs:   PWMDeal
           ENTRY                   ADDRESS         REF BY
           =====                   =======         ======
           ClrBitPwm               000007F6 
               RSTACK = 00000000 ( 00000002 )
    -------------------------------------------------------------------------
CODE
  Relative segment, address: CODE 0000081E - 0000089F (0x82 bytes), align: 1
  Segment part 29.
           ENTRY                   ADDRESS         REF BY
           =====                   =======         ======
           PWMDeal                 0000081E        main (main)
               calls direct
               CSTACK = 00000000 ( 00000001 )
               RSTACK = 00000000 ( 00000004 )
    -------------------------------------------------------------------------
NEAR_Z
  Relative segment, address: DATA 000000D2 - 000000D3 (0x2 bytes), align: 0
  Segment part 21.            Intra module refs:   PWMDeal
           LOCAL                   ADDRESS         
           =====                   =======         
           PWMDeal::PWMCnt         000000D2 

    *************************************************************************

  FILE NAME : C:\Users\Administrator\Desktop\¿ÉÀ©Õ¹Ä£¿éµç¹ñ¼¯ÖÐÏµÍ³\IAR\Debug\Obj\StdMd.r90
  PROGRAM MODULE, NAME : StdMd

  SEGMENTS IN THE MODULE
  ======================
NEAR_Z
  Relative segment, address: DATA 000000D4 - 000000E1 (0xe bytes), align: 0
  Segment part 8.             Intra module refs:   MdPoll
                                                   MdTcbInit
           ENTRY                   ADDRESS         REF BY
           =====                   =======         ======
           MdTcp1                  000000D4 
    -------------------------------------------------------------------------
CODE
  Relative segment, address: CODE 000008A0 - 000008A5 (0x6 bytes), align: 1
  Segment part 13.            Intra module refs:   StdMdTcpInit
           ENTRY                   ADDRESS         REF BY
           =====                   =======         ======
           LengthCheck             000008A0 
               RSTACK = 00000000 ( 00000002 )
    -------------------------------------------------------------------------
CODE
  Relative segment, address: CODE 000008A6 - 00000925 (0x80 bytes), align: 1
  Segment part 14.            Intra module refs:   StdMdTcpInit
           ENTRY                   ADDRESS         REF BY
           =====                   =======         ======
           PDR                     000008A6 
               RSTACK = 00000000 ( 00000002 )
    -------------------------------------------------------------------------
CODE
  Relative segment, address: CODE 00000926 - 00000945 (0x20 bytes), align: 1
  Segment part 15.            Intra module refs:   StdMdTcpInit
           ENTRY                   ADDRESS         REF BY
           =====                   =======         ======
           PDW                     00000926 
               RSTACK = 00000000 ( 00000002 )
    -------------------------------------------------------------------------
CODE
  Relative segment, address: CODE 00000946 - 00000965 (0x20 bytes), align: 1
  Segment part 16.            Intra module refs:   MdTcbInit
           ENTRY                   ADDRESS         REF BY
           =====                   =======         ======
           StdMdTcpInit            00000946 
               RSTACK = 00000000 ( 00000002 )
    -------------------------------------------------------------------------
CODE
  Relative segment, address: CODE 00000966 - 00000997 (0x32 bytes), align: 1
  Segment part 17.            Intra module refs:   MdPoll
                                                   MdTcbInit
           ENTRY                   ADDRESS         REF BY
           =====                   =======         ======
           StdMdTcpGetReady        00000966 
               RSTACK = 00000000 ( 00000002 )
    -------------------------------------------------------------------------
CODE
  Relative segment, address: CODE 00000998 - 000009CD (0x36 bytes), align: 1
  Segment part 18.            Intra module refs:   MdPoll
           ENTRY                   ADDRESS         REF BY
           =====                   =======         ======
           StdMdTcpRsp             00000998 
               calls direct
               CSTACK = 00000000 ( 00000002 )
               RSTACK = 00000000 ( 00000002 )
    -------------------------------------------------------------------------
CODE
  Relative segment, address: CODE 000009CE - 000009DF (0x12 bytes), align: 1
  Segment part 19.
           ENTRY                   ADDRESS         REF BY
           =====                   =======         ======
           MdTcbInit               000009CE        main (main)
               calls direct
               RSTACK = 00000000 ( 00000002 )
    -------------------------------------------------------------------------
NEAR_Z
  Relative segment, address: DATA 000000E2 - 000000E3 (0x2 bytes), align: 0
  Segment part 10.            Intra module refs:   MdPoll
           ENTRY                   ADDRESS         REF BY
           =====                   =======         ======
           MdRet                   000000E2 
    -------------------------------------------------------------------------
CODE
  Relative segment, address: CODE 000009E0 - 00000A2D (0x4e bytes), align: 1
  Segment part 20.
           ENTRY                   ADDRESS         REF BY
           =====                   =======         ======
           MdPoll                  000009E0        main (main)
               calls direct
               CSTACK = 00000000 ( 00000002 )
               RSTACK = 00000000 ( 00000002 )

    *************************************************************************

  FILE NAME : C:\Users\Administrator\Desktop\¿ÉÀ©Õ¹Ä£¿éµç¹ñ¼¯ÖÐÏµÍ³\IAR\Debug\Obj\Timer.r90
  PROGRAM MODULE, NAME : Timer

  SEGMENTS IN THE MODULE
  ======================
ABSOLUTE
  Relative segment, address: DATA 00000059 - 00000059 (0x1 bytes), align: 0
  Segment part 1. ROOT.       Intra module refs:   T1_Init
           ENTRY                   ADDRESS         REF BY
           =====                   =======         ======
           _A_TIMSK                00000059 
    -------------------------------------------------------------------------
NEAR_Z
  Relative segment, address: DATA 000000E4 - 000000E9 (0x6 bytes), align: 0
  Segment part 15.            Intra module refs:   T0_OVF_ISR
                                                   T1_OVF_ISR
           ENTRY                   ADDRESS         REF BY
           =====                   =======         ======
           Timer1                  000000E4        AdcDeal (ADC)
                                                   InputScan (Input)
                                                   OutputDeal (Output)
                                                   PWMDeal (PWM)
                                                   UartTimeOut (uart)
                                                   main (main)
    -------------------------------------------------------------------------
CODE
  Relative segment, address: CODE 00000A2E - 00000A49 (0x1c bytes), align: 1
  Segment part 18.            Intra module refs:   T0_OVF_ISR::??INTVEC 36
           ENTRY                   ADDRESS         REF BY
           =====                   =======         ======
           T0_OVF_ISR              00000A2E 
               interrupt function
               CSTACK = 00000000 ( 00000002 )
               RSTACK = 00000000 ( 00000002 )
    -------------------------------------------------------------------------
CODE
  Relative segment, address: CODE 00000A4A - 00000A63 (0x1a bytes), align: 1
  Segment part 19.
           ENTRY                   ADDRESS         REF BY
           =====                   =======         ======
           T1_Init                 00000A4A        main (main)
               RSTACK = 00000000 ( 00000002 )
    -------------------------------------------------------------------------
CODE
  Relative segment, address: CODE 00000A64 - 00000A8D (0x2a bytes), align: 1
  Segment part 20.            Intra module refs:   T1_OVF_ISR::??INTVEC 32
           ENTRY                   ADDRESS         REF BY
           =====                   =======         ======
           T1_OVF_ISR              00000A64 
               interrupt function
               CSTACK = 00000000 ( 00000002 )
               RSTACK = 00000000 ( 00000002 )
    -------------------------------------------------------------------------
CODE
  Relative segment, address: CODE 00000A8E - 00000BAD (0x120 bytes), align: 1
  Segment part 21.
           ENTRY                   ADDRESS         REF BY
           =====                   =======         ======
           TimerDeal               00000A8E        main (main)
               CSTACK = 00000000 ( 00000002 )
               RSTACK = 00000000 ( 00000004 )
    -------------------------------------------------------------------------
INTVEC
  Common segment, address: CODE 00000000 - 00000023 (0x24 bytes), align: 1
  Segment part 11. ROOT.
           ENTRY                   ADDRESS         REF BY
           =====                   =======         ======
           T1_OVF_ISR::??INTVEC 32
                                   00000020 
    -------------------------------------------------------------------------
INTVEC
  Common segment, address: CODE 00000000 - 00000027 (0x28 bytes), align: 1
  Segment part 12. ROOT.
           ENTRY                   ADDRESS         REF BY
           =====                   =======         ======
           T0_OVF_ISR::??INTVEC 36
                                   00000024 

    *************************************************************************

  FILE NAME : C:\Users\Administrator\Desktop\¿ÉÀ©Õ¹Ä£¿éµç¹ñ¼¯ÖÐÏµÍ³\IAR\Debug\Obj\main.r90
  PROGRAM MODULE, NAME : main

  SEGMENTS IN THE MODULE
  ======================
ABSOLUTE
  Relative segment, address: DATA 0000005F - 0000005F (0x1 bytes), align: 0
  Segment part 1. ROOT.       Intra module refs:   TotalInterrupt
           ENTRY                   ADDRESS         REF BY
           =====                   =======         ======
           _A_SREG                 0000005F 
    -------------------------------------------------------------------------
ABSOLUTE
  Relative segment, address: DATA 0000003B - 0000003B (0x1 bytes), align: 0
  Segment part 2. ROOT.       Intra module refs:   Pin_Init
           ENTRY                   ADDRESS         REF BY
           =====                   =======         ======
           _A_PORTA                0000003B 
    -------------------------------------------------------------------------
ABSOLUTE
  Relative segment, address: DATA 0000003A - 0000003A (0x1 bytes), align: 0
  Segment part 3. ROOT.       Intra module refs:   Pin_Init
           ENTRY                   ADDRESS         REF BY
           =====                   =======         ======
           _A_DDRA                 0000003A 
    -------------------------------------------------------------------------
ABSOLUTE
  Relative segment, address: DATA 00000037 - 00000037 (0x1 bytes), align: 0
  Segment part 5. ROOT.       Intra module refs:   Pin_Init
           ENTRY                   ADDRESS         REF BY
           =====                   =======         ======
           _A_DDRB                 00000037 
    -------------------------------------------------------------------------
ABSOLUTE
  Relative segment, address: DATA 00000035 - 00000035 (0x1 bytes), align: 0
  Segment part 6. ROOT.       Intra module refs:   Pin_Init
           ENTRY                   ADDRESS         REF BY
           =====                   =======         ======
           _A_PORTC                00000035 
    -------------------------------------------------------------------------
ABSOLUTE
  Relative segment, address: DATA 00000034 - 00000034 (0x1 bytes), align: 0
  Segment part 7. ROOT.       Intra module refs:   Pin_Init
           ENTRY                   ADDRESS         REF BY
           =====                   =======         ======
           _A_DDRC                 00000034 
    -------------------------------------------------------------------------
ABSOLUTE
  Relative segment, address: DATA 00000031 - 00000031 (0x1 bytes), align: 0
  Segment part 9. ROOT.       Intra module refs:   Pin_Init
           ENTRY                   ADDRESS         REF BY
           =====                   =======         ======
           _A_DDRD                 00000031 
    -------------------------------------------------------------------------
NEAR_Z
  Relative segment, address: DATA 000000EA - 00000113 (0x2a bytes), align: 0
  Segment part 16.            Intra module refs:   main
           ENTRY                   ADDRESS         REF BY
           =====                   =======         ======
           MODE1                   000000EA        MdDataDeal (CLModbus)
                                                   PDR (StdMd)
                                                   PDW (StdMd)
                                                   PWMDeal (PWM)
    -------------------------------------------------------------------------
CODE
  Relative segment, address: CODE 00000BAE - 00000BFB (0x4e bytes), align: 1
  Segment part 18.            Intra module refs:   main
           ENTRY                   ADDRESS         REF BY
           =====                   =======         ======
           Pin_Init                00000BAE 
               RSTACK = 00000000 ( 00000002 )
    -------------------------------------------------------------------------
CODE
  Relative segment, address: CODE 00000BFC - 00000BFF (0x4 bytes), align: 1
  Segment part 21.            Intra module refs:   main
           ENTRY                   ADDRESS         REF BY
           =====                   =======         ======
           TotalInterrupt          00000BFC 
               RSTACK = 00000000 ( 00000002 )
    -------------------------------------------------------------------------
CODE
  Relative segment, address: CODE 00000C00 - 00000C8D (0x8e bytes), align: 1
  Segment part 22.
           ENTRY                   ADDRESS         REF BY
           =====                   =======         ======
           main                    00000C00        ?cstartup_call_main (?C_STARTUP)
               calls direct
               RSTACK = 00000000 ( 00000002 )

    *************************************************************************

  FILE NAME : C:\Users\Administrator\Desktop\¿ÉÀ©Õ¹Ä£¿éµç¹ñ¼¯ÖÐÏµÍ³\IAR\Debug\Obj\uart.r90
  PROGRAM MODULE, NAME : uart

  SEGMENTS IN THE MODULE
  ======================
ABSOLUTE
  Relative segment, address: DATA 00000040 - 00000040 (0x1 bytes), align: 0
  Segment part 1. ROOT.       Intra module refs:   Uart_Init
           ENTRY                   ADDRESS         REF BY
           =====                   =======         ======
           _A_UBRRH                00000040 
    -------------------------------------------------------------------------
ABSOLUTE
  Relative segment, address: DATA 0000002C - 0000002C (0x1 bytes), align: 0
  Segment part 3. ROOT.       Intra module refs:   StartUartSend
                                                   UART0_RX_ISR
                                                   UART_TX_ISR
           ENTRY                   ADDRESS         REF BY
           =====                   =======         ======
           _A_UDR                  0000002C 
    -------------------------------------------------------------------------
ABSOLUTE
  Relative segment, address: DATA 0000002B - 0000002B (0x1 bytes), align: 0
  Segment part 4. ROOT.       Intra module refs:   StartUartSend
                                                   UART_TX_ISR
                                                   Uart_Init
           ENTRY                   ADDRESS         REF BY
           =====                   =======         ======
           _A_UCSRA                0000002B 
    -------------------------------------------------------------------------
ABSOLUTE
  Relative segment, address: DATA 0000002A - 0000002A (0x1 bytes), align: 0
  Segment part 5. ROOT.       Intra module refs:   StartUartSend
                                                   UART_TXC_ISR
                                                   UART_TX_ISR
                                                   Uart_Init
           ENTRY                   ADDRESS         REF BY
           =====                   =======         ======
           _A_UCSRB                0000002A 
    -------------------------------------------------------------------------
ABSOLUTE
  Relative segment, address: DATA 00000029 - 00000029 (0x1 bytes), align: 0
  Segment part 6. ROOT.       Intra module refs:   Uart_Init
           ENTRY                   ADDRESS         REF BY
           =====                   =======         ======
           _A_UBRRL                00000029 
    -------------------------------------------------------------------------
NEAR_Z
  Relative segment, address: DATA 00000114 - 0000021E (0x10b bytes), align: 0
  Segment part 16.            Intra module refs:   UART0_RX_ISR
                                                   UART_TXC_ISR
                                                   UART_TX_ISR
                                                   Uart_AppInit
           ENTRY                   ADDRESS         REF BY
           =====                   =======         ======
           UartAppData1            00000114        MdPoll (StdMd)
                                                   MdTcbInit (StdMd)
                                                   main (main)
    -------------------------------------------------------------------------
CODE
  Relative segment, address: CODE 00000C8E - 00000C91 (0x4 bytes), align: 1
  Segment part 18.            Intra module refs:   Uart_AppInit
           ENTRY                   ADDRESS         REF BY
           =====                   =======         ======
           UART1_TXEN              00000C8E 
               RSTACK = 00000000 ( 00000002 )
    -------------------------------------------------------------------------
CODE
  Relative segment, address: CODE 00000C92 - 00000C95 (0x4 bytes), align: 1
  Segment part 19.            Intra module refs:   Uart_AppInit
           ENTRY                   ADDRESS         REF BY
           =====                   =======         ======
           UART1_TXDIS             00000C92 
               RSTACK = 00000000 ( 00000002 )
    -------------------------------------------------------------------------
CODE
  Relative segment, address: CODE 00000C96 - 00000CA5 (0x10 bytes), align: 1
  Segment part 20.            Intra module refs:   StartUartSend
                                                   UART_TXC_ISR
           ENTRY                   ADDRESS         REF BY
           =====                   =======         ======
           Run_void                00000C96 
               calls indirect
               RSTACK = 00000000 ( 00000002 )
    -------------------------------------------------------------------------
CODE
  Relative segment, address: CODE 00000CA6 - 00000CC1 (0x1c bytes), align: 1
  Segment part 21.
           ENTRY                   ADDRESS         REF BY
           =====                   =======         ======
           Uart_AppInit            00000CA6        main (main)
               calls direct
               RSTACK = 00000000 ( 00000002 )
    -------------------------------------------------------------------------
CODE
  Relative segment, address: CODE 00000CC2 - 00000CD7 (0x16 bytes), align: 1
  Segment part 22.
           ENTRY                   ADDRESS         REF BY
           =====                   =======         ======
           Uart_Init               00000CC2        main (main)
               RSTACK = 00000000 ( 00000002 )
    -------------------------------------------------------------------------
CODE
  Relative segment, address: CODE 00000CD8 - 00000D61 (0x8a bytes), align: 1
  Segment part 23.            Intra module refs:   UART0_RX_ISR::??INTVEC 44
           ENTRY                   ADDRESS         REF BY
           =====                   =======         ======
           UART0_RX_ISR            00000CD8 
               interrupt function
               CSTACK = 00000000 ( 00000009 )
               RSTACK = 00000000 ( 00000002 )
    -------------------------------------------------------------------------
CODE
  Relative segment, address: CODE 00000D62 - 00000DC3 (0x62 bytes), align: 1
  Segment part 24.            Intra module refs:   UART_TX_ISR::??INTVEC 48
           ENTRY                   ADDRESS         REF BY
           =====                   =======         ======
           UART_TX_ISR             00000D62 
               interrupt function
               CSTACK = 00000000 ( 00000007 )
               RSTACK = 00000000 ( 00000002 )
    -------------------------------------------------------------------------
CODE
  Relative segment, address: CODE 00000DC4 - 00000E25 (0x62 bytes), align: 1
  Segment part 25.            Intra module refs:   UART_TXC_ISR::??INTVEC 52
           ENTRY                   ADDRESS         REF BY
           =====                   =======         ======
           UART_TXC_ISR            00000DC4 
               interrupt function
               calls direct
               CSTACK = 00000000 ( 00000011 )
               RSTACK = 00000000 ( 00000002 )
    -------------------------------------------------------------------------
CODE
  Relative segment, address: CODE 00000E26 - 00000F0F (0xea bytes), align: 1
  Segment part 26.
           ENTRY                   ADDRESS         REF BY
           =====                   =======         ======
           StartUartSend           00000E26        StdMdTcpRsp (StdMd)
               calls direct
               CSTACK = 00000000 ( 00000006 )
               RSTACK = 00000000 ( 00000002 )
    -------------------------------------------------------------------------
CODE
  Relative segment, address: CODE 00000F10 - 00000F77 (0x68 bytes), align: 1
  Segment part 27.
           ENTRY                   ADDRESS         REF BY
           =====                   =======         ======
           UartTimeOut             00000F10        main (main)
               RSTACK = 00000000 ( 00000002 )
    -------------------------------------------------------------------------
INTVEC
  Common segment, address: CODE 00000000 - 0000002F (0x30 bytes), align: 1
  Segment part 11. ROOT.
           ENTRY                   ADDRESS         REF BY
           =====                   =======         ======
           UART0_RX_ISR::??INTVEC 44
                                   0000002C 
    -------------------------------------------------------------------------
INTVEC
  Common segment, address: CODE 00000000 - 00000033 (0x34 bytes), align: 1
  Segment part 12. ROOT.
           ENTRY                   ADDRESS         REF BY
           =====                   =======         ======
           UART_TX_ISR::??INTVEC 48
                                   00000030 
    -------------------------------------------------------------------------
INTVEC
  Common segment, address: CODE 00000000 - 00000037 (0x38 bytes), align: 1
  Segment part 13. ROOT.
           ENTRY                   ADDRESS         REF BY
           =====                   =======         ======
           UART_TXC_ISR::??INTVEC 52
                                   00000034 

    *************************************************************************

  FILE NAME : D:\IAR Systems\Embedded Workbench Evaluation 5.4\avr\LIB\CLIB\cl3s-ec_mul-sf.r90
  LIBRARY MODULE, NAME : ?__exit

  SEGMENTS IN THE MODULE
  ======================
CODE
  Relative segment, address: CODE 00000F78 - 00000F7D (0x6 bytes), align: 1
  Segment part 0.
           ENTRY                   ADDRESS         REF BY
           =====                   =======         ======
           __exit                  00000F7A 
           ?C_EXIT                 00000F7A 
           ?C_FUNCALL              00000F78 
           _exit                   00000F78        ?cstartup_call_main (?C_STARTUP)
           exit                    00000F78        ?cstartup_call_main (?C_STARTUP)

    -------------------------------------------------------------------------
  LIBRARY MODULE, NAME : ?RESET

  SEGMENTS IN THE MODULE
  ======================
INTVEC
  Common segment, address: CODE 00000000 - 00000003 (0x4 bytes), align: 1
  Segment part 0. ROOT.
           ENTRY                   ADDRESS         REF BY
           =====                   =======         ======
           __program_start         00000000        Absolute parts (?ABS_ENTRY_MOD)
           ?RESET                  00000000        Segment part 2 (?C_STARTUP)

    -------------------------------------------------------------------------
  LIBRARY MODULE, NAME : ?C_STARTUP

  SEGMENTS IN THE MODULE
  ======================
CODE
  Relative segment, address: CODE 00000F7E, align: 1
  Segment part 2.
           ENTRY                   ADDRESS         REF BY
           =====                   =======         ======
           ?C_STARTUP              00000F7E        Segment part 0 (?RESET)
           __RESTART               00000F7E 
    -------------------------------------------------------------------------
CODE
  Relative segment, address: CODE 00000F7E - 00000F89 (0xc bytes), align: 1
  Segment part 5.             Intra module refs:   Segment part 2
    -------------------------------------------------------------------------
CODE
  Relative segment, address: CODE 00000F8A - 00000F8D (0x4 bytes), align: 1
  Segment part 7.             Intra module refs:   Segment part 5
           ENTRY                   ADDRESS         REF BY
           =====                   =======         ======
           ?call_low_level_init    00000F8A 
    -------------------------------------------------------------------------
CODE
  Relative segment, address: CODE 00000F8E - 00000F95 (0x8 bytes), align: 1
  Segment part 8.
           ENTRY                   ADDRESS         REF BY
           =====                   =======         ======
           ?need_segment_init      00000F8E        ?<Segment init: NEAR_Z> (ADC)
    -------------------------------------------------------------------------
CODE
  Relative segment, address: CODE 00000F96 - 00000FA1 (0xc bytes), align: 1
  Segment part 9.             Intra module refs:   ?call_low_level_init
           ENTRY                   ADDRESS         REF BY
           =====                   =======         ======
           ?cstartup_call_main     00000F96 

    -------------------------------------------------------------------------
  LIBRARY MODULE, NAME : ?S_SHL_L02

  SEGMENTS IN THE MODULE
  ======================
CODE
  Relative segment, address: CODE 00000FA2 - 00000FAD (0xc bytes), align: 1
  Segment part 0.
           ENTRY                   ADDRESS         REF BY
           =====                   =======         ======
           ?S_SHL_L02              00000FA2        InputScan (Input)

    -------------------------------------------------------------------------
  LIBRARY MODULE, NAME : ?US_SHR_L02

  SEGMENTS IN THE MODULE
  ======================
CODE
  Relative segment, address: CODE 00000FAE - 00000FB9 (0xc bytes), align: 1
  Segment part 0.
           ENTRY                   ADDRESS         REF BY
           =====                   =======         ======
           ?US_SHR_L02             00000FAE        GetCRC16 (CRC)

    -------------------------------------------------------------------------
  LIBRARY MODULE, NAME : ?US_DIVMOD_L02

  SEGMENTS IN THE MODULE
  ======================
CODE
  Relative segment, address: CODE 00000FBA - 00000FE1 (0x28 bytes), align: 1
  Segment part 0.
           ENTRY                   ADDRESS         REF BY
           =====                   =======         ======
           ?US_DIVMOD_L02          00000FBA        PWMDeal (PWM)
                                                   Slave_ModbusDataSetup (CLModbus)
                                                   TimerDeal (Timer)

    -------------------------------------------------------------------------
  LIBRARY MODULE, NAME : ?UL_DIVMOD_L03

  SEGMENTS IN THE MODULE
  ======================
CODE
  Relative segment, address: CODE 00000FE2 - 00001027 (0x46 bytes), align: 1
  Segment part 0.
           ENTRY                   ADDRESS         REF BY
           =====                   =======         ======
           ?UL_DIVMOD_L03          00000FE2        AverageValue (ADC)

    -------------------------------------------------------------------------
  LIBRARY MODULE, NAME : ?PROLOGUE_L09

  SEGMENTS IN THE MODULE
  ======================
CODE
  Relative segment, address: CODE 00001028 - 00001029 (0x2 bytes), align: 1
  Segment part 4.
           ENTRY                   ADDRESS         REF BY
           =====                   =======         ======
           ?PROLOGUE12_L09         00001028        Slave_ModbusDataSetup (CLModbus)
    -------------------------------------------------------------------------
CODE
  Relative segment, address: CODE 0000102A - 0000102B (0x2 bytes), align: 1
  Segment part 5.             Intra module refs:   ?PROLOGUE12_L09
           ENTRY                   ADDRESS         REF BY
           =====                   =======         ======
           ?PROLOGUE11_L09         0000102A 
    -------------------------------------------------------------------------
CODE
  Relative segment, address: CODE 0000102C - 0000102D (0x2 bytes), align: 1
  Segment part 6.             Intra module refs:   ?PROLOGUE11_L09
           ENTRY                   ADDRESS         REF BY
           =====                   =======         ======
           ?PROLOGUE10_L09         0000102C        MdDataDeal (CLModbus)
    -------------------------------------------------------------------------
CODE
  Relative segment, address: CODE 0000102E - 0000102F (0x2 bytes), align: 1
  Segment part 7.             Intra module refs:   ?PROLOGUE10_L09
           ENTRY                   ADDRESS         REF BY
           =====                   =======         ======
           ?PROLOGUE9_L09          0000102E 
    -------------------------------------------------------------------------
CODE
  Relative segment, address: CODE 00001030 - 00001031 (0x2 bytes), align: 1
  Segment part 8.             Intra module refs:   ?PROLOGUE9_L09
           ENTRY                   ADDRESS         REF BY
           =====                   =======         ======
           ?PROLOGUE8_L09          00001030 
    -------------------------------------------------------------------------
CODE
  Relative segment, address: CODE 00001032 - 00001033 (0x2 bytes), align: 1
  Segment part 9.             Intra module refs:   ?PROLOGUE8_L09
           ENTRY                   ADDRESS         REF BY
           =====                   =======         ======
           ?PROLOGUE7_L09          00001032 
    -------------------------------------------------------------------------
CODE
  Relative segment, address: CODE 00001034 - 00001035 (0x2 bytes), align: 1
  Segment part 10.            Intra module refs:   ?PROLOGUE7_L09
           ENTRY                   ADDRESS         REF BY
           =====                   =======         ======
           ?PROLOGUE6_L09          00001034        StartUartSend (uart)
    -------------------------------------------------------------------------
CODE
  Relative segment, address: CODE 00001036 - 00001037 (0x2 bytes), align: 1
  Segment part 11.            Intra module refs:   ?PROLOGUE6_L09
           ENTRY                   ADDRESS         REF BY
           =====                   =======         ======
           ?PROLOGUE5_L09          00001036 
    -------------------------------------------------------------------------
CODE
  Relative segment, address: CODE 00001038 - 00001039 (0x2 bytes), align: 1
  Segment part 12.            Intra module refs:   ?PROLOGUE5_L09
           ENTRY                   ADDRESS         REF BY
           =====                   =======         ======
           ?PROLOGUE4_L09          00001038        AdcDeal (ADC)
                                                   AverageValue (ADC)
    -------------------------------------------------------------------------
CODE
  Relative segment, address: CODE 0000103A - 0000103B (0x2 bytes), align: 1
  Segment part 13.            Intra module refs:   ?PROLOGUE4_L09
           ENTRY                   ADDRESS         REF BY
           =====                   =======         ======
           ?PROLOGUE3_L09          0000103A 
    -------------------------------------------------------------------------
CODE
  Relative segment, address: CODE 0000103C - 0000103D (0x2 bytes), align: 1
  Segment part 14.            Intra module refs:   ?PROLOGUE3_L09
           ENTRY                   ADDRESS         REF BY
           =====                   =======         ======
           ?PROLOGUE2_L09          0000103C 
    -------------------------------------------------------------------------
CODE
  Relative segment, address: CODE 0000103E - 0000103F (0x2 bytes), align: 1
  Segment part 15.            Intra module refs:   ?PROLOGUE2_L09
           ENTRY                   ADDRESS         REF BY
           =====                   =======         ======
           ?PROLOGUE1_L09          0000103E 
    -------------------------------------------------------------------------
CODE
  Relative segment, address: CODE 00001040 - 00001041 (0x2 bytes), align: 1
  Segment part 16.            Intra module refs:   ?PROLOGUE1_L09

    -------------------------------------------------------------------------
  LIBRARY MODULE, NAME : ?EPILOGUE_B_L09

  SEGMENTS IN THE MODULE
  ======================
CODE
  Relative segment, address: CODE 00001042 - 00001043 (0x2 bytes), align: 1
  Segment part 4.
           ENTRY                   ADDRESS         REF BY
           =====                   =======         ======
           ?EPILOGUE_B12_L09       00001042        Slave_ModbusDataSetup (CLModbus)
    -------------------------------------------------------------------------
CODE
  Relative segment, address: CODE 00001044 - 00001045 (0x2 bytes), align: 1
  Segment part 5.             Intra module refs:   ?EPILOGUE_B12_L09
           ENTRY                   ADDRESS         REF BY
           =====                   =======         ======
           ?EPILOGUE_B11_L09       00001044 
    -------------------------------------------------------------------------
CODE
  Relative segment, address: CODE 00001046 - 00001047 (0x2 bytes), align: 1
  Segment part 6.             Intra module refs:   ?EPILOGUE_B11_L09
           ENTRY                   ADDRESS         REF BY
           =====                   =======         ======
           ?EPILOGUE_B10_L09       00001046        MdDataDeal (CLModbus)
    -------------------------------------------------------------------------
CODE
  Relative segment, address: CODE 00001048 - 00001049 (0x2 bytes), align: 1
  Segment part 7.             Intra module refs:   ?EPILOGUE_B10_L09
           ENTRY                   ADDRESS         REF BY
           =====                   =======         ======
           ?EPILOGUE_B9_L09        00001048 
    -------------------------------------------------------------------------
CODE
  Relative segment, address: CODE 0000104A - 0000104B (0x2 bytes), align: 1
  Segment part 8.             Intra module refs:   ?EPILOGUE_B9_L09
           ENTRY                   ADDRESS         REF BY
           =====                   =======         ======
           ?EPILOGUE_B8_L09        0000104A 
    -------------------------------------------------------------------------
CODE
  Relative segment, address: CODE 0000104C - 0000104D (0x2 bytes), align: 1
  Segment part 9.             Intra module refs:   ?EPILOGUE_B8_L09
           ENTRY                   ADDRESS         REF BY
           =====                   =======         ======
           ?EPILOGUE_B7_L09        0000104C 
    -------------------------------------------------------------------------
CODE
  Relative segment, address: CODE 0000104E - 0000104F (0x2 bytes), align: 1
  Segment part 10.            Intra module refs:   ?EPILOGUE_B7_L09
           ENTRY                   ADDRESS         REF BY
           =====                   =======         ======
           ?EPILOGUE_B6_L09        0000104E        StartUartSend (uart)
    -------------------------------------------------------------------------
CODE
  Relative segment, address: CODE 00001050 - 00001051 (0x2 bytes), align: 1
  Segment part 11.            Intra module refs:   ?EPILOGUE_B6_L09
           ENTRY                   ADDRESS         REF BY
           =====                   =======         ======
           ?EPILOGUE_B5_L09        00001050 
    -------------------------------------------------------------------------
CODE
  Relative segment, address: CODE 00001052 - 00001053 (0x2 bytes), align: 1
  Segment part 12.            Intra module refs:   ?EPILOGUE_B5_L09
           ENTRY                   ADDRESS         REF BY
           =====                   =======         ======
           ?EPILOGUE_B4_L09        00001052        AdcDeal (ADC)
                                                   AverageValue (ADC)
    -------------------------------------------------------------------------
CODE
  Relative segment, address: CODE 00001054 - 00001055 (0x2 bytes), align: 1
  Segment part 13.            Intra module refs:   ?EPILOGUE_B4_L09
           ENTRY                   ADDRESS         REF BY
           =====                   =======         ======
           ?EPILOGUE_B3_L09        00001054 
    -------------------------------------------------------------------------
CODE
  Relative segment, address: CODE 00001056 - 00001057 (0x2 bytes), align: 1
  Segment part 14.            Intra module refs:   ?EPILOGUE_B3_L09
           ENTRY                   ADDRESS         REF BY
           =====                   =======         ======
           ?EPILOGUE_B2_L09        00001056 
    -------------------------------------------------------------------------
CODE
  Relative segment, address: CODE 00001058 - 00001059 (0x2 bytes), align: 1
  Segment part 15.            Intra module refs:   ?EPILOGUE_B2_L09
           ENTRY                   ADDRESS         REF BY
           =====                   =======         ======
           ?EPILOGUE_B1_L09        00001058 
    -------------------------------------------------------------------------
CODE
  Relative segment, address: CODE 0000105A - 00001063 (0xa bytes), align: 1
  Segment part 16.            Intra module refs:   ?EPILOGUE_B1_L09
           ENTRY                   ADDRESS         REF BY
           =====                   =======         ======
           ?EPILOGUE_B0_L09        0000105A 

    -------------------------------------------------------------------------
  LIBRARY MODULE, NAME : ?REGISTER_CGREGR4_L10

  SEGMENTS IN THE MODULE
  ======================
CODE
  Relative segment, address: CODE 00001064, align: 1
  Segment part 0.
           ENTRY                   ADDRESS         REF BY
           =====                   =======         ======
           ?Register_R4_is_cg_reg
                                   00001064        MdDataDeal (CLModbus)
                                                   Slave_ModbusDataSetup (CLModbus)
                                                   StartUartSend (uart)

    -------------------------------------------------------------------------
  LIBRARY MODULE, NAME : ?REGISTER_CGREGR5_L10

  SEGMENTS IN THE MODULE
  ======================
CODE
  Relative segment, address: CODE 00001064, align: 1
  Segment part 0.
           ENTRY                   ADDRESS         REF BY
           =====                   =======         ======
           ?Register_R5_is_cg_reg
                                   00001064        MdDataDeal (CLModbus)
                                                   Slave_ModbusDataSetup (CLModbus)
                                                   StartUartSend (uart)

    -------------------------------------------------------------------------
  LIBRARY MODULE, NAME : ?REGISTER_CGREGR6_L10

  SEGMENTS IN THE MODULE
  ======================
CODE
  Relative segment, address: CODE 00001064, align: 1
  Segment part 0.
           ENTRY                   ADDRESS         REF BY
           =====                   =======         ======
           ?Register_R6_is_cg_reg
                                   00001064        MdDataDeal (CLModbus)
                                                   Slave_ModbusDataSetup (CLModbus)

    -------------------------------------------------------------------------
  LIBRARY MODULE, NAME : ?REGISTER_CGREGR7_L10

  SEGMENTS IN THE MODULE
  ======================
CODE
  Relative segment, address: CODE 00001064, align: 1
  Segment part 0.
           ENTRY                   ADDRESS         REF BY
           =====                   =======         ======
           ?Register_R7_is_cg_reg
                                   00001064        MdDataDeal (CLModbus)
                                                   Slave_ModbusDataSetup (CLModbus)

    -------------------------------------------------------------------------
  LIBRARY MODULE, NAME : ?REGISTER_CGREGR8_L10

  SEGMENTS IN THE MODULE
  ======================
CODE
  Relative segment, address: CODE 00001064, align: 1
  Segment part 0.
           ENTRY                   ADDRESS         REF BY
           =====                   =======         ======
           ?Register_R8_is_cg_reg
                                   00001064        MdDataDeal (CLModbus)
                                                   Slave_ModbusDataSetup (CLModbus)

    -------------------------------------------------------------------------
  LIBRARY MODULE, NAME : ?REGISTER_CGREGR9_L10

  SEGMENTS IN THE MODULE
  ======================
CODE
  Relative segment, address: CODE 00001064, align: 1
  Segment part 0.
           ENTRY                   ADDRESS         REF BY
           =====                   =======         ======
           ?Register_R9_is_cg_reg
                                   00001064        MdDataDeal (CLModbus)
                                                   Slave_ModbusDataSetup (CLModbus)

    -------------------------------------------------------------------------
  LIBRARY MODULE, NAME : ?REGISTER_CGREGR10_L10

  SEGMENTS IN THE MODULE
  ======================
CODE
  Relative segment, address: CODE 00001064, align: 1
  Segment part 0.
           ENTRY                   ADDRESS         REF BY
           =====                   =======         ======
           ?Register_R10_is_cg_reg
                                   00001064        Slave_ModbusDataSetup (CLModbus)

    -------------------------------------------------------------------------
  LIBRARY MODULE, NAME : ?REGISTER_CGREGR11_L10

  SEGMENTS IN THE MODULE
  ======================
CODE
  Relative segment, address: CODE 00001064, align: 1
  Segment part 0.
           ENTRY                   ADDRESS         REF BY
           =====                   =======         ======
           ?Register_R11_is_cg_reg
                                   00001064        Slave_ModbusDataSetup (CLModbus)

    -------------------------------------------------------------------------
  LIBRARY MODULE, NAME : ?low_level_init

  SEGMENTS IN THE MODULE
  ======================
CODE
  Relative segment, address: CODE 00001064 - 00001067 (0x4 bytes), align: 1
  Segment part 3.
           ENTRY                   ADDRESS         REF BY
           =====                   =======         ======
           __low_level_init        00001064        ?call_low_level_init (?C_STARTUP)
               RSTACK = 00000000 ( 00000002 )

    -------------------------------------------------------------------------
  LIBRARY MODULE, NAME : ?memcpy

  SEGMENTS IN THE MODULE
  ======================
CODE
  Relative segment, address: CODE 00001068 - 00001083 (0x1c bytes), align: 1
  Segment part 3.
           ENTRY                   ADDRESS         REF BY
           =====                   =======         ======
           memcpy                  00001068        StartUartSend (uart)
               RSTACK = 00000000 ( 00000002 )

    -------------------------------------------------------------------------
  LIBRARY MODULE, NAME : ?segment_init

  SEGMENTS IN THE MODULE
  ======================
CODE
  Relative segment, address: CODE 00001084 - 0000108B (0x8 bytes), align: 1
  Segment part 3.             Intra module refs:   __segment_init
           LOCAL                   ADDRESS         
           =====                   =======         
           __memclr                00001084 
               RSTACK = 00000000 ( 00000002 )
    -------------------------------------------------------------------------
CODE
  Relative segment, address: CODE 0000108C - 00001093 (0x8 bytes), align: 1
  Segment part 4.             Intra module refs:   __segment_init
           LOCAL                   ADDRESS         
           =====                   =======         
           __flashcpy              0000108C 
               RSTACK = 00000000 ( 00000002 )
    -------------------------------------------------------------------------
CODE
  Relative segment, address: CODE 00001094 - 0000109F (0xc bytes), align: 1
  Segment part 5.             Intra module refs:   __flashcpy
                                                   __memclr
    -------------------------------------------------------------------------
CODE
  Relative segment, address: CODE 000010A0 - 000010D3 (0x34 bytes), align: 1
  Segment part 6.
           ENTRY                   ADDRESS         REF BY
           =====                   =======         ======
           __segment_init          000010A0        ?need_segment_init (?C_STARTUP)
               calls direct
               RSTACK = 00000000 ( 00000002 )

    *************************************************************************

  DEFINED ABSOLUTE ENTRIES
  PROGRAM MODULE, NAME : ?FILLER_BYTES

  SEGMENTS IN THE MODULE
  ======================
INTVEC
  Common segment, address: CODE 00000000 - 00000037 (0x38 bytes), align: 0
  Segment part 1.
    -------------------------------------------------------------------------
?FILL1
  Relative segment, address: CODE 00000038 - 00000053 (0x1c bytes), align: 0
  Segment part 0.




                ****************************************
                *                                      *
                *      SEGMENTS IN ADDRESS ORDER       *
                *                                      *
                ****************************************


SEGMENT              SPACE    START ADDRESS   END ADDRESS     SIZE  TYPE  ALIGN
=======              =====    =============   ===========     ====  ====  =====
INTVEC               CODE          00000000 - 00000037          38   com    1
?FILL1               CODE          00000038 - 00000053          1C   rel    0
NEAR_F               CODE          00000054 - 00000073          20   rel    0
CODE                 CODE          00000074 - 000010D3        1060   rel    1
INITTAB              CODE          000010D4 - 000010D9           6   rel    0
ABSOLUTE             DATA               0000001C                     rel    0
                     DATA               0000001D                   
                     DATA               0000001E                   
                     DATA               0000001F                   
                     DATA          00000024 - 00000027           4 
                     DATA          00000029 - 0000002C           4 
                     DATA          00000031 - 00000035           5 
                     DATA          00000037 - 00000038           2 
                     DATA          0000003A - 00000040           7 
                     DATA          00000043 - 0000004F           D 
                     DATA          00000052 - 00000053           2 
                     DATA          00000059 - 00000059           1 
                     DATA          0000005C - 0000005C           1 
                     DATA          0000005F - 0000005F           1 
CSTACK               DATA          00000060 - 0000007F          20   dse    0
RSTACK               DATA          00000080 - 0000009F          20   dse    0
NEAR_I               DATA               000000A0                     dse    0
NEAR_Z               DATA          000000A0 - 0000021E         17F   rel    0

                ****************************************
                *                                      *
                *        END OF CROSS REFERENCE        *
                *                                      *
                ****************************************

 4 286 bytes of CODE memory (+             28 range fill )
   447 bytes of DATA memory (+ 40 absolute )

Errors: none
Warnings: none

