################################################################################
#                                                                              #
#      IAR Universal Linker V4.61L/W32                                         #
#                                                                              #
#           Link time     =  12/Apr/2016  15:35:56                             #
#           Target CPU    =  A90                                               #
#           List file     =  F:\1.项目建立文件夹\04.扩展模块\代码文件\IAR\Debu #
#                            g\List\Module.map                                 #
#           Output file 1 =  F:\1.项目建立文件夹\04.扩展模块\代码文件\IAR\Debu #
#                            g\Exe\Module.hex                                  #
#                            Format: intel-extended                            #
#           Output file 2 =  F:\1.项目建立文件夹\04.扩展模块\代码文件\IAR\Debu #
#                            g\Exe\Module.d90                                  #
#                            Format: debug                                     #
#                            UBROF version 10.0.2                              #
#                            Using library modules for C-SPY (-rt)             #
#           Command line  =  F:\1.项目建立文件夹\04.扩展模块\代码文件\IAR\Debu #
#                            g\Obj\ADC.r90                                     #
#                            F:\1.项目建立文件夹\04.扩展模块\代码文件\IAR\Debu #
#                            g\Obj\CLModbus.r90                                #
#                            F:\1.项目建立文件夹\04.扩展模块\代码文件\IAR\Debu #
#                            g\Obj\CRC.r90                                     #
#                            F:\1.项目建立文件夹\04.扩展模块\代码文件\IAR\Debu #
#                            g\Obj\EEProm.r90                                  #
#                            F:\1.项目建立文件夹\04.扩展模块\代码文件\IAR\Debu #
#                            g\Obj\Input.r90                                   #
#                            F:\1.项目建立文件夹\04.扩展模块\代码文件\IAR\Debu #
#                            g\Obj\Output.r90                                  #
#                            F:\1.项目建立文件夹\04.扩展模块\代码文件\IAR\Debu #
#                            g\Obj\PWM.r90                                     #
#                            F:\1.项目建立文件夹\04.扩展模块\代码文件\IAR\Debu #
#                            g\Obj\StdMd.r90                                   #
#                            F:\1.项目建立文件夹\04.扩展模块\代码文件\IAR\Debu #
#                            g\Obj\Timer.r90                                   #
#                            F:\1.项目建立文件夹\04.扩展模块\代码文件\IAR\Debu #
#                            g\Obj\main.r90                                    #
#                            F:\1.项目建立文件夹\04.扩展模块\代码文件\IAR\Debu #
#                            g\Obj\uart.r90                                    #
#                            -o                                                #
#                            F:\1.项目建立文件夹\04.扩展模块\代码文件\IAR\Debu #
#                            g\Exe\Module.d90                                  #
#                            -l                                                #
#                            F:\1.项目建立文件夹\04.扩展模块\代码文件\IAR\Debu #
#                            g\List\Module.map                                 #
#                            -xms                                              #
#                            "-ID:\IAR Systems\Embedded Workbench Evaluation 5 #
#                            .4\avr\LIB\"                                      #
#                            -f                                                #
#                            "D:\IAR Systems\Embedded Workbench Evaluation 5.4 #
#                            \avr\src\template\cfgm16a.xcl"                    #
#                            (-D_..X_INTVEC_SIZE=54 -D_..X_FLASH_NEND=3FFF     #
#                            -D_..X_FLASH_END=3FFF -D_..X_SRAM_BASE=60         #
#                            -D_..X_SRAM_TBASE=_..X_SRAM_BASE                  #
#                            -D_..X_SRAM_TSIZE=(100-_..X_SRAM_BASE)            #
#                            -D_..X_SRAM_END=45F                               #
#                            -D_..X_EXT_SRAM_BASE=_..X_SRAM_END                #
#                            -D_..X_EXT_SRAM_SIZE=0                            #
#                            -D_..X_EXT_ROM_BASE=_..X_SRAM_END                 #
#                            -D_..X_EXT_ROM_SIZE=0                             #
#                            -D_..X_EXT_NV_BASE=_..X_SRAM_END                  #
#                            -D_..X_EXT_NV_SIZE=0 -D_..X_EEPROM_END=1FF        #
#                            -D_..X_EEPROM_START=0) -D_..X_HEAP_SIZE=10        #
#                            -D_..X_TINY_HEAP_SIZE=0 -D_..X_NEAR_HEAP_SIZE=0   #
#                            -D_..X_FAR_HEAP_SIZE=0 -D_..X_HUGE_HEAP_SIZE=0    #
#                            -D_..X_CSTACK_SIZE=20 -D_..X_RSTACK_SIZE=20 -f    #
#                            "D:\IAR Systems\Embedded Workbench Evaluation 5.4 #
#                            \avr\src\template\cfg3soim.xcl"                   #
#                            (-ca90 -w29                                       #
#                            -Z(CODE)INTVEC=0-(_..X_INTVEC_SIZE-1)             #
#                            -Z(CODE)TINY_F=_..X_FLASH_BASE-FF                 #
#                            -Z(CODE)NEAR_F=_..X_FLASH_BASE-_..X_FLASH_NEND    #
#                            -Z(CODE)SWITCH=_..X_FLASH_BASE-_..X_FLASH_NEND    #
#                            -Z(CODE)DIFUNCT=_..X_FLASH_BASE-_..X_FLASH_NEND   #
#                            -Z(CODE)CODE=_..X_FLASH_BASE-_..X_FLASH_END       #
#                            -Z(CODE)FAR_F=[_..X_FLASH_BASE-_..X_FLASH_END]/10 #
#                            000                                               #
#                            -Z(CODE)INITTAB=_..X_FLASH_BASE-_..X_FLASH_END    #
#                            -Z(CODE)HUGE_F=_..X_FLASH_BASE-_..X_FLASH_END     #
#                            -Z(CODE)TINY_ID=_..X_FLASH_BASE-_..X_FLASH_END    #
#                            -Z(CODE)NEAR_ID=_..X_FLASH_BASE-_..X_FLASH_END    #
#                            -Z(CODE)CHECKSUM#_..X_FLASH_END                   #
#                            -Z(DATA)TINY_I,TINY_Z,TINY_N=_..X_SRAM_TBASE:+_.. #
#                            X_SRAM_TSIZE                                      #
#                            -Z(DATA)CSTACK+_..X_CSTACK_SIZE=_..X_CSTACK_BASE- #
#                            _..X_CSTACK_END                                   #
#                            -Z(DATA)HEAP+_..X_HEAP_SIZE=_..X_SRAM_BASE-_..X_S #
#                            RAM_END                                           #
#                            -Z(DATA)IOSTREAM_N#_..X_SRAM_BASE-_..X_SRAM_END   #
#                            -Z(DATA)NEAR_HEAP+_..X_NEAR_HEAP_SIZE=_..X_SRAM_B #
#                            ASE-_..X_SRAM_END                                 #
#                            -Z(DATA)RSTACK+_..X_RSTACK_SIZE=_..X_RSTACK_BASE- #
#                            _..X_RSTACK_END                                   #
#                            -Z(DATA)NEAR_I,NEAR_Z,NEAR_N=_..X_SRAM_BASE-_..X_ #
#                            SRAM_END                                          #
#                            -Z(XDATA)EEPROM_I,EEPROM_N=_..X_EEPROM_START-_..X #
#                            _EEPROM_END)                                      #
#                            -D_..X_FLASH_BASE=_..X_INTVEC_SIZE -H1895         #
#                            -h(CODE)0-(_..X_INTVEC_SIZE-1)                    #
#                            -D_..X_CSTACK_BASE=_..X_SRAM_BASE                 #
#                            -D_..X_CSTACK_END=_..X_SRAM_END                   #
#                            -D_..X_RSTACK_BASE=_..X_SRAM_BASE                 #
#                            -D_..X_RSTACK_END=_..X_SRAM_END -rt               #
#                            -Ointel-extended=F:\1.项目建立文件夹\04.扩展模块\ #
#                            代码文件\IAR\Debug\Exe\Module.hex                 #
#                            -s __program_start                                #
#                            "D:\IAR Systems\Embedded Workbench Evaluation 5.4 #
#                            \avr\LIB\CLIB\cl3s-ec_mul-sf.r90"                 #
#                            -e_small_write=_formatted_write                   #
#                            -e_medium_read=_formatted_read                    #
#                                                                              #
#                           Copyright (C) 1987-2009 IAR Systems AB.            #
################################################################################





                ****************************************
                *                                      *
                *           CROSS REFERENCE            *
                *                                      *
                ****************************************

       Program entry at : CODE      00000000  Relocatable, from module : ?RESET




                ****************************************
                *                                      *
                *            RUNTIME MODEL             *
                *                                      *
                ****************************************

  EEPROM_SIZE     = 2
  R10             = REG
  R11             = REG
  R12             = REG
  R13             = REG
  R14             = REG
  R4              = REG
  R5              = REG
  R6              = REG
  R7              = REG
  R8              = REG
  R9              = REG
  __64bit_doubles = disabled
  __cpu           = 3
  __cpu_name      = ATmega16A
  __enhanced_core = enabled
  __has_elpm      = false
  __memory_model  = 2
  __rt_version    = 3



                ****************************************
                *                                      *
                *              MODULE MAP              *
                *                                      *
                ****************************************


  DEFINED ABSOLUTE ENTRIES
  PROGRAM MODULE, NAME : ?ABS_ENTRY_MOD

Absolute parts
           ENTRY                   ADDRESS         REF BY
           =====                   =======         ======
           _..X_RSTACK_END         0000045F 
           _..X_RSTACK_BASE        00000060 
           _..X_CSTACK_END         0000045F 
           _..X_CSTACK_BASE        00000060 
           _..X_FLASH_BASE         00000054 
           _..X_RSTACK_SIZE        00000020 
           _..X_CSTACK_SIZE        00000020 
           _..X_HUGE_HEAP_SIZE     00000000 
           _..X_FAR_HEAP_SIZE      00000000 
           _..X_NEAR_HEAP_SIZE     00000000 
           _..X_TINY_HEAP_SIZE     00000000 
           _..X_HEAP_SIZE          00000010 
           _..X_EEPROM_START       00000000 
           _..X_EEPROM_END         000001FF 
           _..X_EXT_NV_SIZE        00000000 
           _..X_EXT_NV_BASE        0000045F 
           _..X_EXT_ROM_SIZE       00000000 
           _..X_EXT_ROM_BASE       0000045F 
           _..X_EXT_SRAM_SIZE      00000000 
           _..X_EXT_SRAM_BASE      0000045F 
           _..X_SRAM_END           0000045F 
           _..X_SRAM_TSIZE         000000A0 
           _..X_SRAM_TBASE         00000060 
           _..X_SRAM_BASE          00000060 
           _..X_FLASH_END          00003FFF 
           _..X_FLASH_NEND         00003FFF 
           _..X_INTVEC_SIZE        00000054 
    *************************************************************************

  FILE NAME : F:\1.项目建立文件夹\04.扩展模块\代码文件\IAR\Debug\Obj\ADC.r90
  PROGRAM MODULE, NAME : ADC

  SEGMENTS IN THE MODULE
  ======================
ABSOLUTE
  Relative segment, address: DATA 00000027 - 00000027 (0x1 bytes), align: 0
  Segment part 1. ROOT.       Intra module refs:   GetOneAdc
           ENTRY                   ADDRESS         REF BY
           =====                   =======         ======
           _A_ADMUX                00000027 
    -------------------------------------------------------------------------
ABSOLUTE
  Relative segment, address: DATA 00000026 - 00000026 (0x1 bytes), align: 0
  Segment part 2. ROOT.       Intra module refs:   GetOneAdc
           ENTRY                   ADDRESS         REF BY
           =====                   =======         ======
           _A_ADCSRA               00000026 
    -------------------------------------------------------------------------
ABSOLUTE
  Relative segment, address: DATA 00000024 - 00000025 (0x2 bytes), align: 0
  Segment part 3. ROOT.       Intra module refs:   GetOneAdc
           ENTRY                   ADDRESS         REF BY
           =====                   =======         ======
           _A_ADC                  00000024 
    -------------------------------------------------------------------------
CODE
  Relative segment, address: CODE 00000074 - 00000153 (0xe0 bytes), align: 1
  Segment part 15.            Intra module refs:   AdcDeal
           ENTRY                   ADDRESS         REF BY
           =====                   =======         ======
           MaoPao                  00000074 
               CSTACK = 00000000 ( 00000004 )
               RSTACK = 00000000 ( 00000004 )
    -------------------------------------------------------------------------
CODE
  Relative segment, address: CODE 00000154 - 00000173 (0x20 bytes), align: 1
  Segment part 16.            Intra module refs:   AdcDeal
           ENTRY                   ADDRESS         REF BY
           =====                   =======         ======
           GetOneAdc               00000154 
               RSTACK = 00000000 ( 00000002 )
    -------------------------------------------------------------------------
CODE
  Relative segment, address: CODE 00000174 - 000001E3 (0x70 bytes), align: 1
  Segment part 17.
           ENTRY                   ADDRESS         REF BY
           =====                   =======         ======
           AdcDeal                 00000174        main (main)
               calls direct
               CSTACK = 00000000 ( 00000003 )
               RSTACK = 00000000 ( 00000002 )
    -------------------------------------------------------------------------
NEAR_Z
  Relative segment, address: DATA 000000A0 - 000000A0 (0x1 bytes), align: 0
  Segment part 10.            Intra module refs:   AdcDeal
           LOCAL                   ADDRESS         
           =====                   =======         
           AdcDeal::tmp            000000A0 
    -------------------------------------------------------------------------
NEAR_Z
  Relative segment, address: DATA 000000A1 - 000000A1 (0x1 bytes), align: 0
  Segment part 12.            Intra module refs:   AdcDeal
           LOCAL                   ADDRESS         
           =====                   =======         
           AdcDeal::Channel        000000A1 
    -------------------------------------------------------------------------
NEAR_Z
  Relative segment, address: DATA 000000A2 - 000000D1 (0x30 bytes), align: 0
  Segment part 13.            Intra module refs:   AdcDeal
           LOCAL                   ADDRESS         
           =====                   =======         
           AdcDeal::Buff           000000A2 
    -------------------------------------------------------------------------
ABSOLUTE
  Relative segment, address: DATA 0000001C, align: 0
  Segment part 4. ROOT.
           ENTRY                   ADDRESS         REF BY
           =====                   =======         ======
           __?EECR                 0000001C        Segment part 0 (?EEPROM_16)
                                                   Segment part 1 (?EEPROM_16)
    -------------------------------------------------------------------------
ABSOLUTE
  Relative segment, address: DATA 0000001D, align: 0
  Segment part 5. ROOT.
           ENTRY                   ADDRESS         REF BY
           =====                   =======         ======
           __?EEDR                 0000001D        __eeget8_16 (?EEPROM_16)
    -------------------------------------------------------------------------
ABSOLUTE
  Relative segment, address: DATA 0000001E, align: 0
  Segment part 6. ROOT.
           ENTRY                   ADDRESS         REF BY
           =====                   =======         ======
           __?EEARL                0000001E        Segment part 1 (?EEPROM_16)
    -------------------------------------------------------------------------
ABSOLUTE
  Relative segment, address: DATA 0000001F, align: 0
  Segment part 7. ROOT.
           ENTRY                   ADDRESS         REF BY
           =====                   =======         ======
           __?EEARH                0000001F        Segment part 1 (?EEPROM_16)
    -------------------------------------------------------------------------
INITTAB
  Relative segment, address: CODE 00001630 - 00001635 (0x6 bytes), align: 0
  Segment part 11.            Intra module refs:   AdcDeal::Buff
                                                   AdcDeal::Channel
                                                   AdcDeal::tmp
                                                   EeSave1 (EEProm)
                                                   InputDeal::KeyTreated (Input)
                                                   InputScan::KeyInputCnt (Input)
                                                   InputScan::KeyLastRec (Input)
                                                   InputScan::KeyResult (Input)
                                                   MODE1 (main)
                                                   MdRet (StdMd)
                                                   MdTcp1 (CLModbus)
                                                   PWMDeal::PWMCnt (PWM)
                                                   Timer1 (Timer)
                                                   UartAppData1 (uart)
           ENTRY                   ADDRESS         REF BY
           =====                   =======         ======
           ?<Segment init: NEAR_Z>
                                   00001630 

    *************************************************************************

  FILE NAME : F:\1.项目建立文件夹\04.扩展模块\代码文件\IAR\Debug\Obj\CLModbus.r90
  PROGRAM MODULE, NAME : CLModbus

  SEGMENTS IN THE MODULE
  ======================
NEAR_Z
  Relative segment, address: DATA 000000D2 - 000000DF (0xe bytes), align: 0
  Segment part 7.
           ENTRY                   ADDRESS         REF BY
           =====                   =======         ======
           MdTcp1                  000000D2        MdPoll (StdMd)
                                                   MdTcbInit (StdMd)
    -------------------------------------------------------------------------
CODE
  Relative segment, address: CODE 000001E4 - 00000215 (0x32 bytes), align: 1
  Segment part 9.             Intra module refs:   MdDataDeal
           ENTRY                   ADDRESS         REF BY
           =====                   =======         ======
           CheckAddress            000001E4 
               RSTACK = 00000000 ( 00000002 )
    -------------------------------------------------------------------------
CODE
  Relative segment, address: CODE 00000216 - 000004AB (0x296 bytes), align: 1
  Segment part 10.
           ENTRY                   ADDRESS         REF BY
           =====                   =======         ======
           MdDataDeal              00000216        MdPoll (StdMd)
               calls direct and indirect
               CSTACK = 00000000 ( 0000000A )
               RSTACK = 00000000 ( 00000002 )
    -------------------------------------------------------------------------
CODE
  Relative segment, address: CODE 000004AC - 000006A1 (0x1f6 bytes), align: 1
  Segment part 11.            Intra module refs:   MdDataDeal
           ENTRY                   ADDRESS         REF BY
           =====                   =======         ======
           Slave_ModbusDataSetup   000004AC 
               calls direct and indirect
               CSTACK = 00000000 ( 0000000C )
               RSTACK = 00000000 ( 00000004 )

    *************************************************************************

  FILE NAME : F:\1.项目建立文件夹\04.扩展模块\代码文件\IAR\Debug\Obj\CRC.r90
  PROGRAM MODULE, NAME : CRC

  SEGMENTS IN THE MODULE
  ======================
NEAR_F
  Relative segment, address: CODE 00000054 - 00000073 (0x20 bytes), align: 0
  Segment part 7.             Intra module refs:   GetCRC16
           ENTRY                   ADDRESS         REF BY
           =====                   =======         ======
           CRCtbl                  00000054 
    -------------------------------------------------------------------------
CODE
  Relative segment, address: CODE 000006A2 - 00000711 (0x70 bytes), align: 1
  Segment part 8.
           ENTRY                   ADDRESS         REF BY
           =====                   =======         ======
           GetCRC16                000006A2        CrcAppend (EEProm)
                                                   CrcCheck (EEProm)
                                                   EEpromWrite (EEProm)
                                                   MdDataDeal (CLModbus)
                                                   Slave_ModbusDataSetup (CLModbus)
               RSTACK = 00000000 ( 00000004 )

    *************************************************************************

  FILE NAME : F:\1.项目建立文件夹\04.扩展模块\代码文件\IAR\Debug\Obj\EEProm.r90
  PROGRAM MODULE, NAME : EEProm

  SEGMENTS IN THE MODULE
  ======================
ABSOLUTE
  Relative segment, address: DATA 0000003E - 0000003F (0x2 bytes), align: 0
  Segment part 1. ROOT.       Intra module refs:   AvrEeReadOne
                                                   AvrEeWriteOne
           ENTRY                   ADDRESS         REF BY
           =====                   =======         ======
           _A_EEAR                 0000003E 
    -------------------------------------------------------------------------
ABSOLUTE
  Relative segment, address: DATA 0000003D - 0000003D (0x1 bytes), align: 0
  Segment part 2. ROOT.       Intra module refs:   AvrEeReadOne
                                                   AvrEeWriteOne
           ENTRY                   ADDRESS         REF BY
           =====                   =======         ======
           _A_EEDR                 0000003D 
    -------------------------------------------------------------------------
ABSOLUTE
  Relative segment, address: DATA 0000003C - 0000003C (0x1 bytes), align: 0
  Segment part 3. ROOT.       Intra module refs:   AvrEeReadOne
                                                   AvrEeWriteOne
           ENTRY                   ADDRESS         REF BY
           =====                   =======         ======
           _A_EECR                 0000003C 
    -------------------------------------------------------------------------
CODE
  Relative segment, address: CODE 00000712 - 0000071F (0xe bytes), align: 1
  Segment part 12.            Intra module refs:   AvrEeWrite
           ENTRY                   ADDRESS         REF BY
           =====                   =======         ======
           AvrEeReadOne            00000712 
               RSTACK = 00000000 ( 00000002 )
    -------------------------------------------------------------------------
CODE
  Relative segment, address: CODE 00000720 - 00000731 (0x12 bytes), align: 1
  Segment part 13.            Intra module refs:   AvrEeWrite
           ENTRY                   ADDRESS         REF BY
           =====                   =======         ======
           AvrEeWriteOne           00000720 
               RSTACK = 00000000 ( 00000002 )
    -------------------------------------------------------------------------
CODE
  Relative segment, address: CODE 00000732 - 00000779 (0x48 bytes), align: 1
  Segment part 14.            Intra module refs:   EePromDeal
           ENTRY                   ADDRESS         REF BY
           =====                   =======         ======
           AvrEeWrite              00000732 
               calls direct
               CSTACK = 00000000 ( 00000008 )
               RSTACK = 00000000 ( 00000002 )
    -------------------------------------------------------------------------
CODE
  Relative segment, address: CODE 0000077A - 000007A9 (0x30 bytes), align: 1
  Segment part 15.            Intra module refs:   EePromDeal
           ENTRY                   ADDRESS         REF BY
           =====                   =======         ======
           AvrEeRead               0000077A 
               CSTACK = 00000000 ( 00000002 )
               RSTACK = 00000000 ( 00000004 )
    -------------------------------------------------------------------------
NEAR_Z
  Relative segment, address: DATA 000000E0 - 000000E1 (0x2 bytes), align: 0
  Segment part 10.            Intra module refs:   EEpromSaveInit
                                                   EEpromTimeOut
                                                   EEpromWrite
           ENTRY                   ADDRESS         REF BY
           =====                   =======         ======
           EeSave1                 000000E0        main (main)
    -------------------------------------------------------------------------
CODE
  Relative segment, address: CODE 000007AA - 000007E1 (0x38 bytes), align: 1
  Segment part 16.            Intra module refs:   EePromDeal
           ENTRY                   ADDRESS         REF BY
           =====                   =======         ======
           CrcCheck                000007AA 
               calls direct
               CSTACK = 00000000 ( 00000006 )
               RSTACK = 00000000 ( 00000002 )
    -------------------------------------------------------------------------
CODE
  Relative segment, address: CODE 000007E2 - 00000805 (0x24 bytes), align: 1
  Segment part 17.            Intra module refs:   EePromDeal
           ENTRY                   ADDRESS         REF BY
           =====                   =======         ======
           CrcAppend               000007E2 
               calls direct
               CSTACK = 00000000 ( 00000004 )
               RSTACK = 00000000 ( 00000002 )
    -------------------------------------------------------------------------
CODE
  Relative segment, address: CODE 00000806 - 00000819 (0x14 bytes), align: 1
  Segment part 18.            Intra module refs:   EEpromSaveInit
           ENTRY                   ADDRESS         REF BY
           =====                   =======         ======
           EeReadTrg               00000806 
               RSTACK = 00000000 ( 00000002 )
    -------------------------------------------------------------------------
CODE
  Relative segment, address: CODE 0000081A - 00000835 (0x1c bytes), align: 1
  Segment part 19.            Intra module refs:   EEpromSaveInit
                                                   EEpromWrite
           ENTRY                   ADDRESS         REF BY
           =====                   =======         ======
           EeWriteTrg              0000081A 
               RSTACK = 00000000 ( 00000002 )
    -------------------------------------------------------------------------
CODE
  Relative segment, address: CODE 00000836 - 000009EB (0x1b6 bytes), align: 1
  Segment part 20.            Intra module refs:   EEpromSaveInit
           ENTRY                   ADDRESS         REF BY
           =====                   =======         ======
           EePromDeal              00000836        main (main)
               calls direct
               CSTACK = 00000000 ( 00000006 )
               RSTACK = 00000000 ( 00000004 )
    -------------------------------------------------------------------------
CODE
  Relative segment, address: CODE 000009EC - 00000A47 (0x5c bytes), align: 1
  Segment part 21.
           ENTRY                   ADDRESS         REF BY
           =====                   =======         ======
           EEpromSaveInit          000009EC        main (main)
               calls direct
               RSTACK = 00000000 ( 00000002 )
    -------------------------------------------------------------------------
CODE
  Relative segment, address: CODE 00000A48 - 00000A69 (0x22 bytes), align: 1
  Segment part 22.
           ENTRY                   ADDRESS         REF BY
           =====                   =======         ======
           EEpromTimeOut           00000A48        main (main)
               RSTACK = 00000000 ( 00000002 )
    -------------------------------------------------------------------------
CODE
  Relative segment, address: CODE 00000A6A - 00000A93 (0x2a bytes), align: 1
  Segment part 23.
           ENTRY                   ADDRESS         REF BY
           =====                   =======         ======
           EEpromWrite             00000A6A        main (main)
               calls direct
               CSTACK = 00000000 ( 00000002 )
               RSTACK = 00000000 ( 00000002 )

    *************************************************************************

  FILE NAME : F:\1.项目建立文件夹\04.扩展模块\代码文件\IAR\Debug\Obj\Input.r90
  PROGRAM MODULE, NAME : Input

  SEGMENTS IN THE MODULE
  ======================
ABSOLUTE
  Relative segment, address: DATA 00000033 - 00000033 (0x1 bytes), align: 0
  Segment part 1. ROOT.       Intra module refs:   InputGet
           ENTRY                   ADDRESS         REF BY
           =====                   =======         ======
           _A_PINC                 00000033 
    -------------------------------------------------------------------------
ABSOLUTE
  Relative segment, address: DATA 00000030 - 00000030 (0x1 bytes), align: 0
  Segment part 2. ROOT.       Intra module refs:   InputGet
           ENTRY                   ADDRESS         REF BY
           =====                   =======         ======
           _A_PIND                 00000030 
    -------------------------------------------------------------------------
CODE
  Relative segment, address: CODE 00000A94 - 00000AA7 (0x14 bytes), align: 1
  Segment part 14.
           ENTRY                   ADDRESS         REF BY
           =====                   =======         ======
           InputGet                00000A94        main (main)
               RSTACK = 00000000 ( 00000002 )
    -------------------------------------------------------------------------
CODE
  Relative segment, address: CODE 00000AA8 - 00000B67 (0xc0 bytes), align: 1
  Segment part 15.
           ENTRY                   ADDRESS         REF BY
           =====                   =======         ======
           InputScan               00000AA8        main (main)
               RSTACK = 00000000 ( 00000004 )
    -------------------------------------------------------------------------
NEAR_Z
  Relative segment, address: DATA 000000E2 - 000000E2 (0x1 bytes), align: 0
  Segment part 9.             Intra module refs:   InputScan
           LOCAL                   ADDRESS         
           =====                   =======         
           InputScan::KeyLastRec   000000E2 
    -------------------------------------------------------------------------
NEAR_Z
  Relative segment, address: DATA 000000E3 - 000000E3 (0x1 bytes), align: 0
  Segment part 11.            Intra module refs:   InputScan
           LOCAL                   ADDRESS         
           =====                   =======         
           InputScan::KeyResult    000000E3 
    -------------------------------------------------------------------------
NEAR_Z
  Relative segment, address: DATA 000000E4 - 000000E7 (0x4 bytes), align: 0
  Segment part 12.            Intra module refs:   InputScan
           LOCAL                   ADDRESS         
           =====                   =======         
           InputScan::KeyInputCnt
                                   000000E4 
    -------------------------------------------------------------------------
CODE
  Relative segment, address: CODE 00000B68 - 00000B99 (0x32 bytes), align: 1
  Segment part 16.
           ENTRY                   ADDRESS         REF BY
           =====                   =======         ======
           InputDeal               00000B68        main (main)
               RSTACK = 00000000 ( 00000002 )
    -------------------------------------------------------------------------
NEAR_Z
  Relative segment, address: DATA 000000E8 - 000000E8 (0x1 bytes), align: 0
  Segment part 13.            Intra module refs:   InputDeal
           LOCAL                   ADDRESS         
           =====                   =======         
           InputDeal::KeyTreated   000000E8 

    *************************************************************************

  FILE NAME : F:\1.项目建立文件夹\04.扩展模块\代码文件\IAR\Debug\Obj\Output.r90
  PROGRAM MODULE, NAME : Output

  SEGMENTS IN THE MODULE
  ======================
ABSOLUTE
  Relative segment, address: DATA 00000035 - 00000035 (0x1 bytes), align: 0
  Segment part 1. ROOT.       Intra module refs:   OutputDeal
                                                   Pin_Init (main)
           ENTRY                   ADDRESS         REF BY
           =====                   =======         ======
           _A_PORTC                00000035 
    -------------------------------------------------------------------------
ABSOLUTE
  Relative segment, address: DATA 00000032 - 00000032 (0x1 bytes), align: 0
  Segment part 2. ROOT.       Intra module refs:   OutputDeal
                                                   Pin_Init (main)
                                                   UART1_TXDIS (uart)
                                                   UART1_TXEN (uart)
           ENTRY                   ADDRESS         REF BY
           =====                   =======         ======
           _A_PORTD                00000032 
    -------------------------------------------------------------------------
CODE
  Relative segment, address: CODE 00000B9A - 00000BE1 (0x48 bytes), align: 1
  Segment part 9.
           ENTRY                   ADDRESS         REF BY
           =====                   =======         ======
           OutputDeal              00000B9A        main (main)
               RSTACK = 00000000 ( 00000002 )

    *************************************************************************

  FILE NAME : F:\1.项目建立文件夹\04.扩展模块\代码文件\IAR\Debug\Obj\PWM.r90
  PROGRAM MODULE, NAME : PWM

  SEGMENTS IN THE MODULE
  ======================
ABSOLUTE
  Relative segment, address: DATA 0000005C - 0000005C (0x1 bytes), align: 0
  Segment part 1. ROOT.
           ENTRY                   ADDRESS         REF BY
           =====                   =======         ======
           _A_OCR0                 0000005C 
    -------------------------------------------------------------------------
ABSOLUTE
  Relative segment, address: DATA 00000053 - 00000053 (0x1 bytes), align: 0
  Segment part 2. ROOT.
           ENTRY                   ADDRESS         REF BY
           =====                   =======         ======
           _A_TCCR0                00000053 
    -------------------------------------------------------------------------
ABSOLUTE
  Relative segment, address: DATA 00000052 - 00000052 (0x1 bytes), align: 0
  Segment part 3. ROOT.       Intra module refs:   T0_OVF_ISR (Timer)
           ENTRY                   ADDRESS         REF BY
           =====                   =======         ======
           _A_TCNT0                00000052 
    -------------------------------------------------------------------------
ABSOLUTE
  Relative segment, address: DATA 0000004F - 0000004F (0x1 bytes), align: 0
  Segment part 4. ROOT.       Intra module refs:   Timer1_Init (Timer)
           ENTRY                   ADDRESS         REF BY
           =====                   =======         ======
           _A_TCCR1A               0000004F 
    -------------------------------------------------------------------------
ABSOLUTE
  Relative segment, address: DATA 0000004E - 0000004E (0x1 bytes), align: 0
  Segment part 5. ROOT.       Intra module refs:   Timer1_Init (Timer)
           ENTRY                   ADDRESS         REF BY
           =====                   =======         ======
           _A_TCCR1B               0000004E 
    -------------------------------------------------------------------------
ABSOLUTE
  Relative segment, address: DATA 0000004C - 0000004D (0x2 bytes), align: 0
  Segment part 6. ROOT.       Intra module refs:   T1_OVF_ISR (Timer)
                                                   Timer1_Init (Timer)
           ENTRY                   ADDRESS         REF BY
           =====                   =======         ======
           _A_TCNT1                0000004C 
    -------------------------------------------------------------------------
ABSOLUTE
  Relative segment, address: DATA 0000004A - 0000004B (0x2 bytes), align: 0
  Segment part 7. ROOT.
           ENTRY                   ADDRESS         REF BY
           =====                   =======         ======
           _A_OCR1A                0000004A 
    -------------------------------------------------------------------------
ABSOLUTE
  Relative segment, address: DATA 00000048 - 00000049 (0x2 bytes), align: 0
  Segment part 8. ROOT.
           ENTRY                   ADDRESS         REF BY
           =====                   =======         ======
           _A_OCR1B                00000048 
    -------------------------------------------------------------------------
ABSOLUTE
  Relative segment, address: DATA 00000046 - 00000047 (0x2 bytes), align: 0
  Segment part 9. ROOT.
           ENTRY                   ADDRESS         REF BY
           =====                   =======         ======
           _A_ICR1                 00000046 
    -------------------------------------------------------------------------
ABSOLUTE
  Relative segment, address: DATA 00000045 - 00000045 (0x1 bytes), align: 0
  Segment part 10. ROOT.
           ENTRY                   ADDRESS         REF BY
           =====                   =======         ======
           _A_TCCR2                00000045 
    -------------------------------------------------------------------------
ABSOLUTE
  Relative segment, address: DATA 00000044 - 00000044 (0x1 bytes), align: 0
  Segment part 11. ROOT.
           ENTRY                   ADDRESS         REF BY
           =====                   =======         ======
           _A_TCNT2                00000044 
    -------------------------------------------------------------------------
ABSOLUTE
  Relative segment, address: DATA 00000043 - 00000043 (0x1 bytes), align: 0
  Segment part 12. ROOT.
           ENTRY                   ADDRESS         REF BY
           =====                   =======         ======
           _A_OCR2                 00000043 
    -------------------------------------------------------------------------
ABSOLUTE
  Relative segment, address: DATA 00000038 - 00000038 (0x1 bytes), align: 0
  Segment part 13. ROOT.      Intra module refs:   ClrBitPwm
                                                   Pin_Init (main)
                                                   SetBitPwm
           ENTRY                   ADDRESS         REF BY
           =====                   =======         ======
           _A_PORTB                00000038 
    -------------------------------------------------------------------------
CODE
  Relative segment, address: CODE 00000BE2 - 00000C09 (0x28 bytes), align: 1
  Segment part 26.            Intra module refs:   PWMDeal
           ENTRY                   ADDRESS         REF BY
           =====                   =======         ======
           SetBitPwm               00000BE2 
               RSTACK = 00000000 ( 00000002 )
    -------------------------------------------------------------------------
CODE
  Relative segment, address: CODE 00000C0A - 00000C31 (0x28 bytes), align: 1
  Segment part 27.            Intra module refs:   PWMDeal
           ENTRY                   ADDRESS         REF BY
           =====                   =======         ======
           ClrBitPwm               00000C0A 
               RSTACK = 00000000 ( 00000002 )
    -------------------------------------------------------------------------
CODE
  Relative segment, address: CODE 00000C32 - 00000CA5 (0x74 bytes), align: 1
  Segment part 28.
           ENTRY                   ADDRESS         REF BY
           =====                   =======         ======
           PWMDeal                 00000C32        main (main)
               calls direct
               CSTACK = 00000000 ( 00000001 )
               RSTACK = 00000000 ( 00000004 )
    -------------------------------------------------------------------------
NEAR_Z
  Relative segment, address: DATA 000000E9 - 000000EA (0x2 bytes), align: 0
  Segment part 20.            Intra module refs:   PWMDeal
           LOCAL                   ADDRESS         
           =====                   =======         
           PWMDeal::PWMCnt         000000E9 

    *************************************************************************

  FILE NAME : F:\1.项目建立文件夹\04.扩展模块\代码文件\IAR\Debug\Obj\StdMd.r90
  PROGRAM MODULE, NAME : StdMd

  SEGMENTS IN THE MODULE
  ======================
CODE
  Relative segment, address: CODE 00000CA6 - 00000CD9 (0x34 bytes), align: 1
  Segment part 9.             Intra module refs:   StdMdTcpInit
           ENTRY                   ADDRESS         REF BY
           =====                   =======         ======
           LengthCheck             00000CA6 
               RSTACK = 00000000 ( 00000002 )
    -------------------------------------------------------------------------
CODE
  Relative segment, address: CODE 00000CDA - 00000DCF (0xf6 bytes), align: 1
  Segment part 12.            Intra module refs:   StdMdTcpInit
           ENTRY                   ADDRESS         REF BY
           =====                   =======         ======
           PDR                     00000CDA 
               RSTACK = 00000000 ( 00000002 )
    -------------------------------------------------------------------------
CODE
  Relative segment, address: CODE 00000DD0 - 00000DDF (0x10 bytes), align: 1
  Segment part 13.            Intra module refs:   PDW
           ENTRY                   ADDRESS         REF BY
           =====                   =======         ======
           WriteOneData            00000DD0 
               RSTACK = 00000000 ( 00000002 )
    -------------------------------------------------------------------------
CODE
  Relative segment, address: CODE 00000DE0 - 00000E71 (0x92 bytes), align: 1
  Segment part 14.            Intra module refs:   StdMdTcpInit
           ENTRY                   ADDRESS         REF BY
           =====                   =======         ======
           PDW                     00000DE0 
               calls direct
               CSTACK = 00000000 ( 00000004 )
               RSTACK = 00000000 ( 00000002 )
    -------------------------------------------------------------------------
CODE
  Relative segment, address: CODE 00000E72 - 00000E91 (0x20 bytes), align: 1
  Segment part 15.            Intra module refs:   MdTcbInit
           ENTRY                   ADDRESS         REF BY
           =====                   =======         ======
           StdMdTcpInit            00000E72 
               RSTACK = 00000000 ( 00000002 )
    -------------------------------------------------------------------------
CODE
  Relative segment, address: CODE 00000E92 - 00000EC3 (0x32 bytes), align: 1
  Segment part 16.            Intra module refs:   MdPoll
                                                   MdTcbInit
           ENTRY                   ADDRESS         REF BY
           =====                   =======         ======
           StdMdTcpGetReady        00000E92 
               RSTACK = 00000000 ( 00000002 )
    -------------------------------------------------------------------------
CODE
  Relative segment, address: CODE 00000EC4 - 00000EF9 (0x36 bytes), align: 1
  Segment part 17.            Intra module refs:   MdPoll
           ENTRY                   ADDRESS         REF BY
           =====                   =======         ======
           StdMdTcpRsp             00000EC4 
               calls direct
               CSTACK = 00000000 ( 00000002 )
               RSTACK = 00000000 ( 00000002 )
    -------------------------------------------------------------------------
CODE
  Relative segment, address: CODE 00000EFA - 00000F0B (0x12 bytes), align: 1
  Segment part 18.
           ENTRY                   ADDRESS         REF BY
           =====                   =======         ======
           MdTcbInit               00000EFA        main (main)
               calls direct
               RSTACK = 00000000 ( 00000002 )
    -------------------------------------------------------------------------
NEAR_Z
  Relative segment, address: DATA 000000EB - 000000EC (0x2 bytes), align: 0
  Segment part 7.             Intra module refs:   MdPoll
           ENTRY                   ADDRESS         REF BY
           =====                   =======         ======
           MdRet                   000000EB 
    -------------------------------------------------------------------------
CODE
  Relative segment, address: CODE 00000F0C - 00000F59 (0x4e bytes), align: 1
  Segment part 19.
           ENTRY                   ADDRESS         REF BY
           =====                   =======         ======
           MdPoll                  00000F0C        main (main)
               calls direct
               CSTACK = 00000000 ( 00000002 )
               RSTACK = 00000000 ( 00000002 )

    *************************************************************************

  FILE NAME : F:\1.项目建立文件夹\04.扩展模块\代码文件\IAR\Debug\Obj\Timer.r90
  PROGRAM MODULE, NAME : Timer

  SEGMENTS IN THE MODULE
  ======================
ABSOLUTE
  Relative segment, address: DATA 00000059 - 00000059 (0x1 bytes), align: 0
  Segment part 1. ROOT.       Intra module refs:   Timer1_Init
           ENTRY                   ADDRESS         REF BY
           =====                   =======         ======
           _A_TIMSK                00000059 
    -------------------------------------------------------------------------
NEAR_Z
  Relative segment, address: DATA 000000ED - 000000F1 (0x5 bytes), align: 0
  Segment part 15.            Intra module refs:   T1_OVF_ISR
           ENTRY                   ADDRESS         REF BY
           =====                   =======         ======
           Timer1                  000000ED        main (main)
    -------------------------------------------------------------------------
CODE
  Relative segment, address: CODE 00000F5A - 00000F6D (0x14 bytes), align: 1
  Segment part 18.            Intra module refs:   T0_OVF_ISR::??INTVEC 36
           ENTRY                   ADDRESS         REF BY
           =====                   =======         ======
           T0_OVF_ISR              00000F5A 
               interrupt function
               CSTACK = 00000000 ( 00000002 )
               RSTACK = 00000000 ( 00000002 )
    -------------------------------------------------------------------------
CODE
  Relative segment, address: CODE 00000F6E - 00000F87 (0x1a bytes), align: 1
  Segment part 19.
           ENTRY                   ADDRESS         REF BY
           =====                   =======         ======
           Timer1_Init             00000F6E        main (main)
               RSTACK = 00000000 ( 00000002 )
    -------------------------------------------------------------------------
CODE
  Relative segment, address: CODE 00000F88 - 00000FA7 (0x20 bytes), align: 1
  Segment part 20.            Intra module refs:   T1_OVF_ISR::??INTVEC 32
           ENTRY                   ADDRESS         REF BY
           =====                   =======         ======
           T1_OVF_ISR              00000F88 
               interrupt function
               CSTACK = 00000000 ( 00000002 )
               RSTACK = 00000000 ( 00000002 )
    -------------------------------------------------------------------------
CODE
  Relative segment, address: CODE 00000FA8 - 000010DD (0x136 bytes), align: 1
  Segment part 21.
           ENTRY                   ADDRESS         REF BY
           =====                   =======         ======
           TimerDeal               00000FA8        main (main)
               CSTACK = 00000000 ( 00000002 )
               RSTACK = 00000000 ( 00000004 )
    -------------------------------------------------------------------------
INTVEC
  Common segment, address: CODE 00000000 - 00000023 (0x24 bytes), align: 1
  Segment part 11. ROOT.
           ENTRY                   ADDRESS         REF BY
           =====                   =======         ======
           T1_OVF_ISR::??INTVEC 32
                                   00000020 
    -------------------------------------------------------------------------
INTVEC
  Common segment, address: CODE 00000000 - 00000027 (0x28 bytes), align: 1
  Segment part 12. ROOT.
           ENTRY                   ADDRESS         REF BY
           =====                   =======         ======
           T0_OVF_ISR::??INTVEC 36
                                   00000024 

    *************************************************************************

  FILE NAME : F:\1.项目建立文件夹\04.扩展模块\代码文件\IAR\Debug\Obj\main.r90
  PROGRAM MODULE, NAME : main

  SEGMENTS IN THE MODULE
  ======================
ABSOLUTE
  Relative segment, address: DATA 0000005F - 0000005F (0x1 bytes), align: 0
  Segment part 1. ROOT.       Intra module refs:   TotalInterrupt
           ENTRY                   ADDRESS         REF BY
           =====                   =======         ======
           _A_SREG                 0000005F 
    -------------------------------------------------------------------------
ABSOLUTE
  Relative segment, address: DATA 0000003B - 0000003B (0x1 bytes), align: 0
  Segment part 2. ROOT.       Intra module refs:   Pin_Init
           ENTRY                   ADDRESS         REF BY
           =====                   =======         ======
           _A_PORTA                0000003B 
    -------------------------------------------------------------------------
ABSOLUTE
  Relative segment, address: DATA 0000003A - 0000003A (0x1 bytes), align: 0
  Segment part 3. ROOT.       Intra module refs:   Pin_Init
           ENTRY                   ADDRESS         REF BY
           =====                   =======         ======
           _A_DDRA                 0000003A 
    -------------------------------------------------------------------------
ABSOLUTE
  Relative segment, address: DATA 00000037 - 00000037 (0x1 bytes), align: 0
  Segment part 5. ROOT.       Intra module refs:   Pin_Init
           ENTRY                   ADDRESS         REF BY
           =====                   =======         ======
           _A_DDRB                 00000037 
    -------------------------------------------------------------------------
ABSOLUTE
  Relative segment, address: DATA 00000034 - 00000034 (0x1 bytes), align: 0
  Segment part 7. ROOT.       Intra module refs:   Pin_Init
           ENTRY                   ADDRESS         REF BY
           =====                   =======         ======
           _A_DDRC                 00000034 
    -------------------------------------------------------------------------
ABSOLUTE
  Relative segment, address: DATA 00000031 - 00000031 (0x1 bytes), align: 0
  Segment part 9. ROOT.       Intra module refs:   Pin_Init
           ENTRY                   ADDRESS         REF BY
           =====                   =======         ======
           _A_DDRD                 00000031 
    -------------------------------------------------------------------------
NEAR_Z
  Relative segment, address: DATA 000000F2 - 0000010E (0x1d bytes), align: 0
  Segment part 16.            Intra module refs:   main
           ENTRY                   ADDRESS         REF BY
           =====                   =======         ======
           MODE1                   000000F2        CheckAddress (CLModbus)
                                                   EEpromSaveInit (EEProm)
                                                   EEpromWrite (EEProm)
                                                   PDR (StdMd)
                                                   PDW (StdMd)
                                                   PWMDeal (PWM)
    -------------------------------------------------------------------------
CODE
  Relative segment, address: CODE 000010DE - 00001133 (0x56 bytes), align: 1
  Segment part 18.            Intra module refs:   main
           ENTRY                   ADDRESS         REF BY
           =====                   =======         ======
           Pin_Init                000010DE 
               RSTACK = 00000000 ( 00000002 )
    -------------------------------------------------------------------------
CODE
  Relative segment, address: CODE 00001134 - 00001137 (0x4 bytes), align: 1
  Segment part 27.            Intra module refs:   main
           ENTRY                   ADDRESS         REF BY
           =====                   =======         ======
           TotalInterrupt          00001134 
               RSTACK = 00000000 ( 00000002 )
    -------------------------------------------------------------------------
CODE
  Relative segment, address: CODE 00001138 - 000011EB (0xb4 bytes), align: 1
  Segment part 29.
           ENTRY                   ADDRESS         REF BY
           =====                   =======         ======
           main                    00001138        ?cstartup_call_main (?C_STARTUP)
               calls direct
               RSTACK = 00000000 ( 00000002 )

    *************************************************************************

  FILE NAME : F:\1.项目建立文件夹\04.扩展模块\代码文件\IAR\Debug\Obj\uart.r90
  PROGRAM MODULE, NAME : uart

  SEGMENTS IN THE MODULE
  ======================
ABSOLUTE
  Relative segment, address: DATA 00000040 - 00000040 (0x1 bytes), align: 0
  Segment part 1. ROOT.       Intra module refs:   Uart_Init
           ENTRY                   ADDRESS         REF BY
           =====                   =======         ======
           _A_UBRRH                00000040 
    -------------------------------------------------------------------------
ABSOLUTE
  Relative segment, address: DATA 0000002C - 0000002C (0x1 bytes), align: 0
  Segment part 3. ROOT.       Intra module refs:   StartUartSend
                                                   UART0_RX_ISR
                                                   UART_TX_ISR
           ENTRY                   ADDRESS         REF BY
           =====                   =======         ======
           _A_UDR                  0000002C 
    -------------------------------------------------------------------------
ABSOLUTE
  Relative segment, address: DATA 0000002B - 0000002B (0x1 bytes), align: 0
  Segment part 4. ROOT.       Intra module refs:   StartUartSend
                                                   UART_TX_ISR
                                                   Uart_Init
           ENTRY                   ADDRESS         REF BY
           =====                   =======         ======
           _A_UCSRA                0000002B 
    -------------------------------------------------------------------------
ABSOLUTE
  Relative segment, address: DATA 0000002A - 0000002A (0x1 bytes), align: 0
  Segment part 5. ROOT.       Intra module refs:   StartUartSend
                                                   UART_TXC_ISR
                                                   UART_TX_ISR
                                                   Uart_Init
           ENTRY                   ADDRESS         REF BY
           =====                   =======         ======
           _A_UCSRB                0000002A 
    -------------------------------------------------------------------------
ABSOLUTE
  Relative segment, address: DATA 00000029 - 00000029 (0x1 bytes), align: 0
  Segment part 6. ROOT.       Intra module refs:   Uart_Init
           ENTRY                   ADDRESS         REF BY
           =====                   =======         ======
           _A_UBRRL                00000029 
    -------------------------------------------------------------------------
NEAR_Z
  Relative segment, address: DATA 0000010F - 00000219 (0x10b bytes), align: 0
  Segment part 16.            Intra module refs:   UART0_RX_ISR
                                                   UART_TXC_ISR
                                                   UART_TX_ISR
                                                   Uart_AppInit
           ENTRY                   ADDRESS         REF BY
           =====                   =======         ======
           UartAppData1            0000010F        MdPoll (StdMd)
                                                   MdTcbInit (StdMd)
                                                   main (main)
    -------------------------------------------------------------------------
CODE
  Relative segment, address: CODE 000011EC - 000011EF (0x4 bytes), align: 1
  Segment part 18.            Intra module refs:   Uart_AppInit
           ENTRY                   ADDRESS         REF BY
           =====                   =======         ======
           UART1_TXEN              000011EC 
               RSTACK = 00000000 ( 00000002 )
    -------------------------------------------------------------------------
CODE
  Relative segment, address: CODE 000011F0 - 000011F3 (0x4 bytes), align: 1
  Segment part 19.            Intra module refs:   Uart_AppInit
           ENTRY                   ADDRESS         REF BY
           =====                   =======         ======
           UART1_TXDIS             000011F0 
               RSTACK = 00000000 ( 00000002 )
    -------------------------------------------------------------------------
CODE
  Relative segment, address: CODE 000011F4 - 00001203 (0x10 bytes), align: 1
  Segment part 20.            Intra module refs:   StartUartSend
                                                   UART_TXC_ISR
           ENTRY                   ADDRESS         REF BY
           =====                   =======         ======
           Run_void                000011F4 
               calls indirect
               RSTACK = 00000000 ( 00000002 )
    -------------------------------------------------------------------------
CODE
  Relative segment, address: CODE 00001204 - 0000121F (0x1c bytes), align: 1
  Segment part 21.
           ENTRY                   ADDRESS         REF BY
           =====                   =======         ======
           Uart_AppInit            00001204        main (main)
               calls direct
               RSTACK = 00000000 ( 00000002 )
    -------------------------------------------------------------------------
CODE
  Relative segment, address: CODE 00001220 - 00001235 (0x16 bytes), align: 1
  Segment part 22.
           ENTRY                   ADDRESS         REF BY
           =====                   =======         ======
           Uart_Init               00001220        main (main)
               RSTACK = 00000000 ( 00000002 )
    -------------------------------------------------------------------------
CODE
  Relative segment, address: CODE 00001236 - 000012E3 (0xae bytes), align: 1
  Segment part 23.            Intra module refs:   UART0_RX_ISR::??INTVEC 44
           ENTRY                   ADDRESS         REF BY
           =====                   =======         ======
           UART0_RX_ISR            00001236 
               interrupt function
               CSTACK = 00000000 ( 00000009 )
               RSTACK = 00000000 ( 00000002 )
    -------------------------------------------------------------------------
CODE
  Relative segment, address: CODE 000012E4 - 00001345 (0x62 bytes), align: 1
  Segment part 24.            Intra module refs:   UART_TX_ISR::??INTVEC 48
           ENTRY                   ADDRESS         REF BY
           =====                   =======         ======
           UART_TX_ISR             000012E4 
               interrupt function
               CSTACK = 00000000 ( 00000007 )
               RSTACK = 00000000 ( 00000002 )
    -------------------------------------------------------------------------
CODE
  Relative segment, address: CODE 00001346 - 000013A7 (0x62 bytes), align: 1
  Segment part 25.            Intra module refs:   UART_TXC_ISR::??INTVEC 52
           ENTRY                   ADDRESS         REF BY
           =====                   =======         ======
           UART_TXC_ISR            00001346 
               interrupt function
               calls direct
               CSTACK = 00000000 ( 00000011 )
               RSTACK = 00000000 ( 00000002 )
    -------------------------------------------------------------------------
CODE
  Relative segment, address: CODE 000013A8 - 00001491 (0xea bytes), align: 1
  Segment part 26.
           ENTRY                   ADDRESS         REF BY
           =====                   =======         ======
           StartUartSend           000013A8        StdMdTcpRsp (StdMd)
               calls direct
               CSTACK = 00000000 ( 00000006 )
               RSTACK = 00000000 ( 00000002 )
    -------------------------------------------------------------------------
CODE
  Relative segment, address: CODE 00001492 - 000014EF (0x5e bytes), align: 1
  Segment part 27.
           ENTRY                   ADDRESS         REF BY
           =====                   =======         ======
           UartTimeOut             00001492        main (main)
               RSTACK = 00000000 ( 00000002 )
    -------------------------------------------------------------------------
INTVEC
  Common segment, address: CODE 00000000 - 0000002F (0x30 bytes), align: 1
  Segment part 11. ROOT.
           ENTRY                   ADDRESS         REF BY
           =====                   =======         ======
           UART0_RX_ISR::??INTVEC 44
                                   0000002C 
    -------------------------------------------------------------------------
INTVEC
  Common segment, address: CODE 00000000 - 00000033 (0x34 bytes), align: 1
  Segment part 12. ROOT.
           ENTRY                   ADDRESS         REF BY
           =====                   =======         ======
           UART_TX_ISR::??INTVEC 48
                                   00000030 
    -------------------------------------------------------------------------
INTVEC
  Common segment, address: CODE 00000000 - 00000037 (0x38 bytes), align: 1
  Segment part 13. ROOT.
           ENTRY                   ADDRESS         REF BY
           =====                   =======         ======
           UART_TXC_ISR::??INTVEC 52
                                   00000034 

    *************************************************************************

  FILE NAME : D:\IAR Systems\Embedded Workbench Evaluation 5.4\avr\LIB\CLIB\cl3s-ec_mul-sf.r90
  LIBRARY MODULE, NAME : ?__exit

  SEGMENTS IN THE MODULE
  ======================
CODE
  Relative segment, address: CODE 000014F0 - 000014F5 (0x6 bytes), align: 1
  Segment part 0.
           ENTRY                   ADDRESS         REF BY
           =====                   =======         ======
           __exit                  000014F2 
           ?C_EXIT                 000014F2 
           ?C_FUNCALL              000014F0 
           _exit                   000014F0        ?cstartup_call_main (?C_STARTUP)
           exit                    000014F0        ?cstartup_call_main (?C_STARTUP)

    -------------------------------------------------------------------------
  LIBRARY MODULE, NAME : ?RESET

  SEGMENTS IN THE MODULE
  ======================
INTVEC
  Common segment, address: CODE 00000000 - 00000003 (0x4 bytes), align: 1
  Segment part 0. ROOT.
           ENTRY                   ADDRESS         REF BY
           =====                   =======         ======
           __program_start         00000000        Absolute parts (?ABS_ENTRY_MOD)
           ?RESET                  00000000        Segment part 2 (?C_STARTUP)

    -------------------------------------------------------------------------
  LIBRARY MODULE, NAME : ?C_STARTUP

  SEGMENTS IN THE MODULE
  ======================
CODE
  Relative segment, address: CODE 000014F6, align: 1
  Segment part 2.
           ENTRY                   ADDRESS         REF BY
           =====                   =======         ======
           ?C_STARTUP              000014F6        Segment part 0 (?RESET)
           __RESTART               000014F6 
    -------------------------------------------------------------------------
CODE
  Relative segment, address: CODE 000014F6 - 00001501 (0xc bytes), align: 1
  Segment part 5.             Intra module refs:   Segment part 2
    -------------------------------------------------------------------------
CODE
  Relative segment, address: CODE 00001502 - 00001505 (0x4 bytes), align: 1
  Segment part 7.             Intra module refs:   Segment part 5
           ENTRY                   ADDRESS         REF BY
           =====                   =======         ======
           ?call_low_level_init    00001502 
    -------------------------------------------------------------------------
CODE
  Relative segment, address: CODE 00001506 - 0000150D (0x8 bytes), align: 1
  Segment part 8.
           ENTRY                   ADDRESS         REF BY
           =====                   =======         ======
           ?need_segment_init      00001506        ?<Segment init: NEAR_Z> (ADC)
    -------------------------------------------------------------------------
CODE
  Relative segment, address: CODE 0000150E - 00001519 (0xc bytes), align: 1
  Segment part 9.             Intra module refs:   ?call_low_level_init
           ENTRY                   ADDRESS         REF BY
           =====                   =======         ======
           ?cstartup_call_main     0000150E 

    -------------------------------------------------------------------------
  LIBRARY MODULE, NAME : ?EEPROM_16

  SEGMENTS IN THE MODULE
  ======================
CODE
  Relative segment, address: CODE 0000151A - 0000151F (0x6 bytes), align: 1
  Segment part 0.             Intra module refs:   Segment part 1
    -------------------------------------------------------------------------
CODE
  Relative segment, address: CODE 00001520 - 0000152D (0xe bytes), align: 1
  Segment part 1.             Intra module refs:   __eeget8_16
    -------------------------------------------------------------------------
CODE
  Relative segment, address: CODE 0000152E - 00001533 (0x6 bytes), align: 1
  Segment part 3.
           ENTRY                   ADDRESS         REF BY
           =====                   =======         ======
           __eeget8_16             0000152E        AvrEeRead (EEProm)

    -------------------------------------------------------------------------
  LIBRARY MODULE, NAME : ?S_SHL_L02

  SEGMENTS IN THE MODULE
  ======================
CODE
  Relative segment, address: CODE 00001534 - 0000153F (0xc bytes), align: 1
  Segment part 0.
           ENTRY                   ADDRESS         REF BY
           =====                   =======         ======
           ?S_SHL_L02              00001534        EePromDeal (EEProm)
                                                   InputScan (Input)

    -------------------------------------------------------------------------
  LIBRARY MODULE, NAME : ?US_SHR_L02

  SEGMENTS IN THE MODULE
  ======================
CODE
  Relative segment, address: CODE 00001540 - 0000154B (0xc bytes), align: 1
  Segment part 0.
           ENTRY                   ADDRESS         REF BY
           =====                   =======         ======
           ?US_SHR_L02             00001540        GetCRC16 (CRC)

    -------------------------------------------------------------------------
  LIBRARY MODULE, NAME : ?US_DIVMOD_L02

  SEGMENTS IN THE MODULE
  ======================
CODE
  Relative segment, address: CODE 0000154C - 00001573 (0x28 bytes), align: 1
  Segment part 0.
           ENTRY                   ADDRESS         REF BY
           =====                   =======         ======
           ?US_DIVMOD_L02          0000154C        PWMDeal (PWM)
                                                   Slave_ModbusDataSetup (CLModbus)
                                                   TimerDeal (Timer)

    -------------------------------------------------------------------------
  LIBRARY MODULE, NAME : ?UL_SHR_L03

  SEGMENTS IN THE MODULE
  ======================
CODE
  Relative segment, address: CODE 00001574 - 00001583 (0x10 bytes), align: 1
  Segment part 0.
           ENTRY                   ADDRESS         REF BY
           =====                   =======         ======
           ?UL_SHR_L03             00001574        MaoPao (ADC)

    -------------------------------------------------------------------------
  LIBRARY MODULE, NAME : ?PROLOGUE_L09

  SEGMENTS IN THE MODULE
  ======================
CODE
  Relative segment, address: CODE 00001584 - 00001585 (0x2 bytes), align: 1
  Segment part 4.
           ENTRY                   ADDRESS         REF BY
           =====                   =======         ======
           ?PROLOGUE12_L09         00001584        Slave_ModbusDataSetup (CLModbus)
    -------------------------------------------------------------------------
CODE
  Relative segment, address: CODE 00001586 - 00001587 (0x2 bytes), align: 1
  Segment part 5.             Intra module refs:   ?PROLOGUE12_L09
           ENTRY                   ADDRESS         REF BY
           =====                   =======         ======
           ?PROLOGUE11_L09         00001586 
    -------------------------------------------------------------------------
CODE
  Relative segment, address: CODE 00001588 - 00001589 (0x2 bytes), align: 1
  Segment part 6.             Intra module refs:   ?PROLOGUE11_L09
           ENTRY                   ADDRESS         REF BY
           =====                   =======         ======
           ?PROLOGUE10_L09         00001588        MdDataDeal (CLModbus)
    -------------------------------------------------------------------------
CODE
  Relative segment, address: CODE 0000158A - 0000158B (0x2 bytes), align: 1
  Segment part 7.             Intra module refs:   ?PROLOGUE10_L09
           ENTRY                   ADDRESS         REF BY
           =====                   =======         ======
           ?PROLOGUE9_L09          0000158A 
    -------------------------------------------------------------------------
CODE
  Relative segment, address: CODE 0000158C - 0000158D (0x2 bytes), align: 1
  Segment part 8.             Intra module refs:   ?PROLOGUE9_L09
           ENTRY                   ADDRESS         REF BY
           =====                   =======         ======
           ?PROLOGUE8_L09          0000158C        AvrEeWrite (EEProm)
    -------------------------------------------------------------------------
CODE
  Relative segment, address: CODE 0000158E - 0000158F (0x2 bytes), align: 1
  Segment part 9.             Intra module refs:   ?PROLOGUE8_L09
           ENTRY                   ADDRESS         REF BY
           =====                   =======         ======
           ?PROLOGUE7_L09          0000158E 
    -------------------------------------------------------------------------
CODE
  Relative segment, address: CODE 00001590 - 00001591 (0x2 bytes), align: 1
  Segment part 10.            Intra module refs:   ?PROLOGUE7_L09
           ENTRY                   ADDRESS         REF BY
           =====                   =======         ======
           ?PROLOGUE6_L09          00001590        CrcCheck (EEProm)
                                                   EePromDeal (EEProm)
                                                   StartUartSend (uart)
    -------------------------------------------------------------------------
CODE
  Relative segment, address: CODE 00001592 - 00001593 (0x2 bytes), align: 1
  Segment part 11.            Intra module refs:   ?PROLOGUE6_L09
           ENTRY                   ADDRESS         REF BY
           =====                   =======         ======
           ?PROLOGUE5_L09          00001592 
    -------------------------------------------------------------------------
CODE
  Relative segment, address: CODE 00001594 - 00001595 (0x2 bytes), align: 1
  Segment part 12.            Intra module refs:   ?PROLOGUE5_L09
           ENTRY                   ADDRESS         REF BY
           =====                   =======         ======
           ?PROLOGUE4_L09          00001594        CrcAppend (EEProm)
                                                   MaoPao (ADC)
                                                   PDW (StdMd)
    -------------------------------------------------------------------------
CODE
  Relative segment, address: CODE 00001596 - 00001597 (0x2 bytes), align: 1
  Segment part 13.            Intra module refs:   ?PROLOGUE4_L09
           ENTRY                   ADDRESS         REF BY
           =====                   =======         ======
           ?PROLOGUE3_L09          00001596        AdcDeal (ADC)
    -------------------------------------------------------------------------
CODE
  Relative segment, address: CODE 00001598 - 00001599 (0x2 bytes), align: 1
  Segment part 14.            Intra module refs:   ?PROLOGUE3_L09
           ENTRY                   ADDRESS         REF BY
           =====                   =======         ======
           ?PROLOGUE2_L09          00001598 
    -------------------------------------------------------------------------
CODE
  Relative segment, address: CODE 0000159A - 0000159B (0x2 bytes), align: 1
  Segment part 15.            Intra module refs:   ?PROLOGUE2_L09
           ENTRY                   ADDRESS         REF BY
           =====                   =======         ======
           ?PROLOGUE1_L09          0000159A 
    -------------------------------------------------------------------------
CODE
  Relative segment, address: CODE 0000159C - 0000159D (0x2 bytes), align: 1
  Segment part 16.            Intra module refs:   ?PROLOGUE1_L09

    -------------------------------------------------------------------------
  LIBRARY MODULE, NAME : ?EPILOGUE_B_L09

  SEGMENTS IN THE MODULE
  ======================
CODE
  Relative segment, address: CODE 0000159E - 0000159F (0x2 bytes), align: 1
  Segment part 4.
           ENTRY                   ADDRESS         REF BY
           =====                   =======         ======
           ?EPILOGUE_B12_L09       0000159E        Slave_ModbusDataSetup (CLModbus)
    -------------------------------------------------------------------------
CODE
  Relative segment, address: CODE 000015A0 - 000015A1 (0x2 bytes), align: 1
  Segment part 5.             Intra module refs:   ?EPILOGUE_B12_L09
           ENTRY                   ADDRESS         REF BY
           =====                   =======         ======
           ?EPILOGUE_B11_L09       000015A0 
    -------------------------------------------------------------------------
CODE
  Relative segment, address: CODE 000015A2 - 000015A3 (0x2 bytes), align: 1
  Segment part 6.             Intra module refs:   ?EPILOGUE_B11_L09
           ENTRY                   ADDRESS         REF BY
           =====                   =======         ======
           ?EPILOGUE_B10_L09       000015A2        MdDataDeal (CLModbus)
    -------------------------------------------------------------------------
CODE
  Relative segment, address: CODE 000015A4 - 000015A5 (0x2 bytes), align: 1
  Segment part 7.             Intra module refs:   ?EPILOGUE_B10_L09
           ENTRY                   ADDRESS         REF BY
           =====                   =======         ======
           ?EPILOGUE_B9_L09        000015A4 
    -------------------------------------------------------------------------
CODE
  Relative segment, address: CODE 000015A6 - 000015A7 (0x2 bytes), align: 1
  Segment part 8.             Intra module refs:   ?EPILOGUE_B9_L09
           ENTRY                   ADDRESS         REF BY
           =====                   =======         ======
           ?EPILOGUE_B8_L09        000015A6        AvrEeWrite (EEProm)
    -------------------------------------------------------------------------
CODE
  Relative segment, address: CODE 000015A8 - 000015A9 (0x2 bytes), align: 1
  Segment part 9.             Intra module refs:   ?EPILOGUE_B8_L09
           ENTRY                   ADDRESS         REF BY
           =====                   =======         ======
           ?EPILOGUE_B7_L09        000015A8 
    -------------------------------------------------------------------------
CODE
  Relative segment, address: CODE 000015AA - 000015AB (0x2 bytes), align: 1
  Segment part 10.            Intra module refs:   ?EPILOGUE_B7_L09
           ENTRY                   ADDRESS         REF BY
           =====                   =======         ======
           ?EPILOGUE_B6_L09        000015AA        CrcCheck (EEProm)
                                                   EePromDeal (EEProm)
                                                   StartUartSend (uart)
    -------------------------------------------------------------------------
CODE
  Relative segment, address: CODE 000015AC - 000015AD (0x2 bytes), align: 1
  Segment part 11.            Intra module refs:   ?EPILOGUE_B6_L09
           ENTRY                   ADDRESS         REF BY
           =====                   =======         ======
           ?EPILOGUE_B5_L09        000015AC 
    -------------------------------------------------------------------------
CODE
  Relative segment, address: CODE 000015AE - 000015AF (0x2 bytes), align: 1
  Segment part 12.            Intra module refs:   ?EPILOGUE_B5_L09
           ENTRY                   ADDRESS         REF BY
           =====                   =======         ======
           ?EPILOGUE_B4_L09        000015AE        CrcAppend (EEProm)
                                                   MaoPao (ADC)
                                                   PDW (StdMd)
    -------------------------------------------------------------------------
CODE
  Relative segment, address: CODE 000015B0 - 000015B1 (0x2 bytes), align: 1
  Segment part 13.            Intra module refs:   ?EPILOGUE_B4_L09
           ENTRY                   ADDRESS         REF BY
           =====                   =======         ======
           ?EPILOGUE_B3_L09        000015B0        AdcDeal (ADC)
    -------------------------------------------------------------------------
CODE
  Relative segment, address: CODE 000015B2 - 000015B3 (0x2 bytes), align: 1
  Segment part 14.            Intra module refs:   ?EPILOGUE_B3_L09
           ENTRY                   ADDRESS         REF BY
           =====                   =======         ======
           ?EPILOGUE_B2_L09        000015B2 
    -------------------------------------------------------------------------
CODE
  Relative segment, address: CODE 000015B4 - 000015B5 (0x2 bytes), align: 1
  Segment part 15.            Intra module refs:   ?EPILOGUE_B2_L09
           ENTRY                   ADDRESS         REF BY
           =====                   =======         ======
           ?EPILOGUE_B1_L09        000015B4 
    -------------------------------------------------------------------------
CODE
  Relative segment, address: CODE 000015B6 - 000015BF (0xa bytes), align: 1
  Segment part 16.            Intra module refs:   ?EPILOGUE_B1_L09
           ENTRY                   ADDRESS         REF BY
           =====                   =======         ======
           ?EPILOGUE_B0_L09        000015B6 

    -------------------------------------------------------------------------
  LIBRARY MODULE, NAME : ?REGISTER_CGREGR4_L10

  SEGMENTS IN THE MODULE
  ======================
CODE
  Relative segment, address: CODE 000015C0, align: 1
  Segment part 0.
           ENTRY                   ADDRESS         REF BY
           =====                   =======         ======
           ?Register_R4_is_cg_reg
                                   000015C0        AvrEeWrite (EEProm)
                                                   CrcCheck (EEProm)
                                                   EePromDeal (EEProm)
                                                   MdDataDeal (CLModbus)
                                                   Slave_ModbusDataSetup (CLModbus)
                                                   StartUartSend (uart)

    -------------------------------------------------------------------------
  LIBRARY MODULE, NAME : ?REGISTER_CGREGR5_L10

  SEGMENTS IN THE MODULE
  ======================
CODE
  Relative segment, address: CODE 000015C0, align: 1
  Segment part 0.
           ENTRY                   ADDRESS         REF BY
           =====                   =======         ======
           ?Register_R5_is_cg_reg
                                   000015C0        AvrEeWrite (EEProm)
                                                   CrcCheck (EEProm)
                                                   EePromDeal (EEProm)
                                                   MdDataDeal (CLModbus)
                                                   Slave_ModbusDataSetup (CLModbus)
                                                   StartUartSend (uart)

    -------------------------------------------------------------------------
  LIBRARY MODULE, NAME : ?REGISTER_CGREGR6_L10

  SEGMENTS IN THE MODULE
  ======================
CODE
  Relative segment, address: CODE 000015C0, align: 1
  Segment part 0.
           ENTRY                   ADDRESS         REF BY
           =====                   =======         ======
           ?Register_R6_is_cg_reg
                                   000015C0        AvrEeWrite (EEProm)
                                                   MdDataDeal (CLModbus)
                                                   Slave_ModbusDataSetup (CLModbus)

    -------------------------------------------------------------------------
  LIBRARY MODULE, NAME : ?REGISTER_CGREGR7_L10

  SEGMENTS IN THE MODULE
  ======================
CODE
  Relative segment, address: CODE 000015C0, align: 1
  Segment part 0.
           ENTRY                   ADDRESS         REF BY
           =====                   =======         ======
           ?Register_R7_is_cg_reg
                                   000015C0        AvrEeWrite (EEProm)
                                                   MdDataDeal (CLModbus)
                                                   Slave_ModbusDataSetup (CLModbus)

    -------------------------------------------------------------------------
  LIBRARY MODULE, NAME : ?REGISTER_CGREGR8_L10

  SEGMENTS IN THE MODULE
  ======================
CODE
  Relative segment, address: CODE 000015C0, align: 1
  Segment part 0.
           ENTRY                   ADDRESS         REF BY
           =====                   =======         ======
           ?Register_R8_is_cg_reg
                                   000015C0        MdDataDeal (CLModbus)
                                                   Slave_ModbusDataSetup (CLModbus)

    -------------------------------------------------------------------------
  LIBRARY MODULE, NAME : ?REGISTER_CGREGR9_L10

  SEGMENTS IN THE MODULE
  ======================
CODE
  Relative segment, address: CODE 000015C0, align: 1
  Segment part 0.
           ENTRY                   ADDRESS         REF BY
           =====                   =======         ======
           ?Register_R9_is_cg_reg
                                   000015C0        MdDataDeal (CLModbus)
                                                   Slave_ModbusDataSetup (CLModbus)

    -------------------------------------------------------------------------
  LIBRARY MODULE, NAME : ?REGISTER_CGREGR10_L10

  SEGMENTS IN THE MODULE
  ======================
CODE
  Relative segment, address: CODE 000015C0, align: 1
  Segment part 0.
           ENTRY                   ADDRESS         REF BY
           =====                   =======         ======
           ?Register_R10_is_cg_reg
                                   000015C0        Slave_ModbusDataSetup (CLModbus)

    -------------------------------------------------------------------------
  LIBRARY MODULE, NAME : ?REGISTER_CGREGR11_L10

  SEGMENTS IN THE MODULE
  ======================
CODE
  Relative segment, address: CODE 000015C0, align: 1
  Segment part 0.
           ENTRY                   ADDRESS         REF BY
           =====                   =======         ======
           ?Register_R11_is_cg_reg
                                   000015C0        Slave_ModbusDataSetup (CLModbus)

    -------------------------------------------------------------------------
  LIBRARY MODULE, NAME : ?low_level_init

  SEGMENTS IN THE MODULE
  ======================
CODE
  Relative segment, address: CODE 000015C0 - 000015C3 (0x4 bytes), align: 1
  Segment part 3.
           ENTRY                   ADDRESS         REF BY
           =====                   =======         ======
           __low_level_init        000015C0        ?call_low_level_init (?C_STARTUP)
               RSTACK = 00000000 ( 00000002 )

    -------------------------------------------------------------------------
  LIBRARY MODULE, NAME : ?memcpy

  SEGMENTS IN THE MODULE
  ======================
CODE
  Relative segment, address: CODE 000015C4 - 000015DF (0x1c bytes), align: 1
  Segment part 3.
           ENTRY                   ADDRESS         REF BY
           =====                   =======         ======
           memcpy                  000015C4        StartUartSend (uart)
               RSTACK = 00000000 ( 00000002 )

    -------------------------------------------------------------------------
  LIBRARY MODULE, NAME : ?segment_init

  SEGMENTS IN THE MODULE
  ======================
CODE
  Relative segment, address: CODE 000015E0 - 000015E7 (0x8 bytes), align: 1
  Segment part 3.             Intra module refs:   __segment_init
           LOCAL                   ADDRESS         
           =====                   =======         
           __memclr                000015E0 
               RSTACK = 00000000 ( 00000002 )
    -------------------------------------------------------------------------
CODE
  Relative segment, address: CODE 000015E8 - 000015EF (0x8 bytes), align: 1
  Segment part 4.             Intra module refs:   __segment_init
           LOCAL                   ADDRESS         
           =====                   =======         
           __flashcpy              000015E8 
               RSTACK = 00000000 ( 00000002 )
    -------------------------------------------------------------------------
CODE
  Relative segment, address: CODE 000015F0 - 000015FB (0xc bytes), align: 1
  Segment part 5.             Intra module refs:   __flashcpy
                                                   __memclr
    -------------------------------------------------------------------------
CODE
  Relative segment, address: CODE 000015FC - 0000162F (0x34 bytes), align: 1
  Segment part 6.
           ENTRY                   ADDRESS         REF BY
           =====                   =======         ======
           __segment_init          000015FC        ?need_segment_init (?C_STARTUP)
               calls direct
               RSTACK = 00000000 ( 00000002 )

    *************************************************************************

  DEFINED ABSOLUTE ENTRIES
  PROGRAM MODULE, NAME : ?FILLER_BYTES

  SEGMENTS IN THE MODULE
  ======================
INTVEC
  Common segment, address: CODE 00000000 - 00000037 (0x38 bytes), align: 0
  Segment part 1.
    -------------------------------------------------------------------------
?FILL1
  Relative segment, address: CODE 00000038 - 00000053 (0x1c bytes), align: 0
  Segment part 0.




                ****************************************
                *                                      *
                *      SEGMENTS IN ADDRESS ORDER       *
                *                                      *
                ****************************************


SEGMENT              SPACE    START ADDRESS   END ADDRESS     SIZE  TYPE  ALIGN
=======              =====    =============   ===========     ====  ====  =====
INTVEC               CODE          00000000 - 00000037          38   com    1
?FILL1               CODE          00000038 - 00000053          1C   rel    0
NEAR_F               CODE          00000054 - 00000073          20   rel    0
CODE                 CODE          00000074 - 0000162F        15BC   rel    1
INITTAB              CODE          00001630 - 00001635           6   rel    0
ABSOLUTE             DATA               0000001C                     rel    0
                     DATA               0000001D                   
                     DATA               0000001E                   
                     DATA               0000001F                   
                     DATA          00000024 - 00000027           4 
                     DATA          00000029 - 0000002C           4 
                     DATA          00000030 - 00000035           6 
                     DATA          00000037 - 00000038           2 
                     DATA          0000003A - 00000040           7 
                     DATA          00000043 - 0000004F           D 
                     DATA          00000052 - 00000053           2 
                     DATA          00000059 - 00000059           1 
                     DATA          0000005C - 0000005C           1 
                     DATA          0000005F - 0000005F           1 
CSTACK               DATA          00000060 - 0000007F          20   dse    0
RSTACK               DATA          00000080 - 0000009F          20   dse    0
NEAR_I               DATA               000000A0                     dse    0
NEAR_Z               DATA          000000A0 - 00000219         17A   rel    0

                ****************************************
                *                                      *
                *        END OF CROSS REFERENCE        *
                *                                      *
                ****************************************

 5 658 bytes of CODE memory (+             28 range fill )
   442 bytes of DATA memory (+ 41 absolute )

Errors: none
Warnings: none

