################################################################################
#                                                                              #
#      IAR Universal Linker V4.61L/W32                                         #
#                                                                              #
#           Link time     =  29/Apr/2016  17:42:19                             #
#           Target CPU    =  A90                                               #
#           List file     =  F:\1.项目建立文件夹\07.空调板\IAR\Debug\List\FCU_ #
#                            B.map                                             #
#           Output file 1 =  F:\1.项目建立文件夹\07.空调板\IAR\Debug\Exe\FCU_B #
#                            .hex                                              #
#                            Format: intel-extended                            #
#           Output file 2 =  F:\1.项目建立文件夹\07.空调板\IAR\Debug\Exe\FCU_B #
#                            .d90                                              #
#                            Format: debug                                     #
#                            UBROF version 10.0.2                              #
#                            Using library modules for C-SPY (-rt)             #
#           Command line  =  F:\1.项目建立文件夹\07.空调板\IAR\Debug\Obj\AvrEE #
#                            p.r90                                             #
#                            F:\1.项目建立文件夹\07.空调板\IAR\Debug\Obj\AvrUA #
#                            RT.r90                                            #
#                            F:\1.项目建立文件夹\07.空调板\IAR\Debug\Obj\CLMod #
#                            bus.r90                                           #
#                            F:\1.项目建立文件夹\07.空调板\IAR\Debug\Obj\CRC.r #
#                            90                                                #
#                            F:\1.项目建立文件夹\07.空调板\IAR\Debug\Obj\Outpu #
#                            t.r90                                             #
#                            F:\1.项目建立文件夹\07.空调板\IAR\Debug\Obj\StdMd #
#                            .r90                                              #
#                            F:\1.项目建立文件夹\07.空调板\IAR\Debug\Obj\input #
#                            .r90                                              #
#                            F:\1.项目建立文件夹\07.空调板\IAR\Debug\Obj\main. #
#                            r90                                               #
#                            -o                                                #
#                            F:\1.项目建立文件夹\07.空调板\IAR\Debug\Exe\FCU_B #
#                            .d90                                              #
#                            -l                                                #
#                            F:\1.项目建立文件夹\07.空调板\IAR\Debug\List\FCU_ #
#                            B.map                                             #
#                            -xms                                              #
#                            "-ID:\IAR Systems\Embedded Workbench Evaluation 5 #
#                            .4\avr\LIB\"                                      #
#                            -f                                                #
#                            "D:\IAR Systems\Embedded Workbench Evaluation 5.4 #
#                            \avr\src\template\cfgm128a.xcl"                   #
#                            (-D_..X_INTVEC_SIZE=8C -D_..X_FLASH_NEND=FFFF     #
#                            -D_..X_FLASH_END=1FFFF -D_..X_SRAM_BASE=100       #
#                            -D_..X_SRAM_TBASE=0 -D_..X_SRAM_TSIZE=0           #
#                            -D_..X_SRAM_END=10FF -D_..X_EEPROM_END=FFF        #
#                            -D_..X_EEPROM_START=0) -D_..X_HEAP_SIZE=100       #
#                            -D_..X_TINY_HEAP_SIZE=0 -D_..X_NEAR_HEAP_SIZE=0   #
#                            -D_..X_FAR_HEAP_SIZE=0 -D_..X_HUGE_HEAP_SIZE=0    #
#                            -D_..X_CSTACK_SIZE=100 -D_..X_RSTACK_SIZE=40 -f   #
#                            "D:\IAR Systems\Embedded Workbench Evaluation 5.4 #
#                            \avr\src\template\cfg3soim.xcl"                   #
#                            (-ca90 -w29                                       #
#                            -Z(CODE)INTVEC=0-(_..X_INTVEC_SIZE-1)             #
#                            -Z(CODE)TINY_F=_..X_FLASH_BASE-FF                 #
#                            -Z(CODE)NEAR_F=_..X_FLASH_BASE-_..X_FLASH_NEND    #
#                            -Z(CODE)SWITCH=_..X_FLASH_BASE-_..X_FLASH_NEND    #
#                            -Z(CODE)DIFUNCT=_..X_FLASH_BASE-_..X_FLASH_NEND   #
#                            -Z(CODE)CODE=_..X_FLASH_BASE-_..X_FLASH_END       #
#                            -Z(CODE)FAR_F=[_..X_FLASH_BASE-_..X_FLASH_END]/10 #
#                            000                                               #
#                            -Z(CODE)INITTAB=_..X_FLASH_BASE-_..X_FLASH_END    #
#                            -Z(CODE)HUGE_F=_..X_FLASH_BASE-_..X_FLASH_END     #
#                            -Z(CODE)TINY_ID=_..X_FLASH_BASE-_..X_FLASH_END    #
#                            -Z(CODE)NEAR_ID=_..X_FLASH_BASE-_..X_FLASH_END    #
#                            -Z(CODE)CHECKSUM#_..X_FLASH_END                   #
#                            -Z(DATA)TINY_I,TINY_Z,TINY_N=_..X_SRAM_TBASE:+_.. #
#                            X_SRAM_TSIZE                                      #
#                            -Z(DATA)CSTACK+_..X_CSTACK_SIZE=_..X_CSTACK_BASE- #
#                            _..X_CSTACK_END                                   #
#                            -Z(DATA)HEAP+_..X_HEAP_SIZE=_..X_SRAM_BASE-_..X_S #
#                            RAM_END                                           #
#                            -Z(DATA)IOSTREAM_N#_..X_SRAM_BASE-_..X_SRAM_END   #
#                            -Z(DATA)NEAR_HEAP+_..X_NEAR_HEAP_SIZE=_..X_SRAM_B #
#                            ASE-_..X_SRAM_END                                 #
#                            -Z(DATA)RSTACK+_..X_RSTACK_SIZE=_..X_RSTACK_BASE- #
#                            _..X_RSTACK_END                                   #
#                            -Z(DATA)NEAR_I,NEAR_Z,NEAR_N=_..X_SRAM_BASE-_..X_ #
#                            SRAM_END                                          #
#                            -Z(XDATA)EEPROM_I,EEPROM_N=_..X_EEPROM_START-_..X #
#                            _EEPROM_END)                                      #
#                            -D_..X_FLASH_BASE=_..X_INTVEC_SIZE -H1895         #
#                            -h(CODE)0-(_..X_INTVEC_SIZE-1)                    #
#                            -D_..X_EXT_SRAM_BASE=_..X_SRAM_END                #
#                            -D_..X_EXT_SRAM_SIZE=0                            #
#                            -D_..X_EXT_ROM_BASE=_..X_SRAM_END                 #
#                            -D_..X_EXT_ROM_SIZE=0                             #
#                            -D_..X_EXT_NV_BASE=_..X_SRAM_END                  #
#                            -D_..X_EXT_NV_SIZE=0                              #
#                            -D_..X_CSTACK_BASE=_..X_SRAM_BASE                 #
#                            -D_..X_CSTACK_END=_..X_SRAM_END                   #
#                            -D_..X_RSTACK_BASE=_..X_SRAM_BASE                 #
#                            -D_..X_RSTACK_END=_..X_SRAM_END -rt               #
#                            -Ointel-extended=F:\1.项目建立文件夹\07.空调板\IA #
#                            R\Debug\Exe\FCU_B.hex                             #
#                            -s __program_start                                #
#                            "D:\IAR Systems\Embedded Workbench Evaluation 5.4 #
#                            \avr\LIB\CLIB\cl3s-ec_mul.r90"                    #
#                            -e_small_write=_formatted_write                   #
#                            -e_medium_read=_formatted_read                    #
#                                                                              #
#                           Copyright (C) 1987-2009 IAR Systems AB.            #
################################################################################





                ****************************************
                *                                      *
                *           CROSS REFERENCE            *
                *                                      *
                ****************************************

       Program entry at : CODE      00000000  Relocatable, from module : ?RESET




                ****************************************
                *                                      *
                *            RUNTIME MODEL             *
                *                                      *
                ****************************************

  EEPROM_SIZE     = 2
  R10             = REG
  R11             = REG
  R4              = REG
  R5              = REG
  R6              = REG
  R7              = REG
  R8              = REG
  R9              = REG
  __64bit_doubles = disabled
  __cpu           = 3
  __cpu_name      = ATmega128A
  __enhanced_core = enabled
  __has_elpm      = true
  __memory_model  = 2
  __no_rampd      = enabled
  __rt_version    = 3



                ****************************************
                *                                      *
                *              MODULE MAP              *
                *                                      *
                ****************************************


  DEFINED ABSOLUTE ENTRIES
  PROGRAM MODULE, NAME : ?ABS_ENTRY_MOD

Absolute parts
           ENTRY                   ADDRESS         REF BY
           =====                   =======         ======
           _..X_RSTACK_END         000010FF 
           _..X_RSTACK_BASE        00000100 
           _..X_CSTACK_END         000010FF 
           _..X_CSTACK_BASE        00000100 
           _..X_EXT_NV_SIZE        00000000 
           _..X_EXT_NV_BASE        000010FF 
           _..X_EXT_ROM_SIZE       00000000 
           _..X_EXT_ROM_BASE       000010FF 
           _..X_EXT_SRAM_SIZE      00000000 
           _..X_EXT_SRAM_BASE      000010FF 
           _..X_FLASH_BASE         0000008C 
           _..X_RSTACK_SIZE        00000040 
           _..X_CSTACK_SIZE        00000100 
           _..X_HUGE_HEAP_SIZE     00000000 
           _..X_FAR_HEAP_SIZE      00000000 
           _..X_NEAR_HEAP_SIZE     00000000 
           _..X_TINY_HEAP_SIZE     00000000 
           _..X_HEAP_SIZE          00000100 
           _..X_EEPROM_START       00000000 
           _..X_EEPROM_END         00000FFF 
           _..X_SRAM_END           000010FF 
           _..X_SRAM_TSIZE         00000000 
           _..X_SRAM_TBASE         00000000 
           _..X_SRAM_BASE          00000100 
           _..X_FLASH_END          0001FFFF 
           _..X_FLASH_NEND         0000FFFF 
           _..X_INTVEC_SIZE        0000008C 
    *************************************************************************

  FILE NAME : F:\1.项目建立文件夹\07.空调板\IAR\Debug\Obj\AvrEEp.r90
  PROGRAM MODULE, NAME : AvrEEp

  SEGMENTS IN THE MODULE
  ======================
ABSOLUTE
  Relative segment, address: DATA 0000003C - 0000003C (0x1 bytes), align: 0
  Segment part 1. ROOT.
           ENTRY                   ADDRESS         REF BY
           =====                   =======         ======
           _A_EECR                 0000003C 
    -------------------------------------------------------------------------
ABSOLUTE
  Relative segment, address: DATA 0000003D - 0000003D (0x1 bytes), align: 0
  Segment part 2. ROOT.
           ENTRY                   ADDRESS         REF BY
           =====                   =======         ======
           _A_EEDR                 0000003D 
    -------------------------------------------------------------------------
ABSOLUTE
  Relative segment, address: DATA 0000003E - 0000003F (0x2 bytes), align: 0
  Segment part 3. ROOT.
           ENTRY                   ADDRESS         REF BY
           =====                   =======         ======
           _A_EEAR                 0000003E 
    -------------------------------------------------------------------------
ABSOLUTE
  Relative segment, address: DATA 0000001C, align: 0
  Segment part 4. ROOT.
           ENTRY                   ADDRESS         REF BY
           =====                   =======         ======
           __?EECR                 0000001C 
    -------------------------------------------------------------------------
ABSOLUTE
  Relative segment, address: DATA 0000001D, align: 0
  Segment part 5. ROOT.
           ENTRY                   ADDRESS         REF BY
           =====                   =======         ======
           __?EEDR                 0000001D 
    -------------------------------------------------------------------------
ABSOLUTE
  Relative segment, address: DATA 0000001E, align: 0
  Segment part 6. ROOT.
           ENTRY                   ADDRESS         REF BY
           =====                   =======         ======
           __?EEARL                0000001E 
    -------------------------------------------------------------------------
ABSOLUTE
  Relative segment, address: DATA 0000001F, align: 0
  Segment part 7. ROOT.
           ENTRY                   ADDRESS         REF BY
           =====                   =======         ======
           __?EEARH                0000001F 
    -------------------------------------------------------------------------
INITTAB
  Relative segment, address: CODE 000016FE - 00001704 (0x7 bytes), align: 0
  Segment part 11.            Intra module refs:   Ahu1 (main)
                                                   KeyScanDeal::KeyInputCnt (input)
                                                   KeyScanDeal::KeyLastRec (input)
                                                   KeyScanDeal::KeyOut (input)
                                                   MdRet (StdMd)
                                                   MdTcp1 (StdMd)
                                                   MdTcp2 (StdMd)
                                                   NumberDisplayScan::step (Output)
                                                   UartAppData1 (AvrUART)
                                                   UartAppData2 (AvrUART)
                                                   flag (main)
                                                   mSTimeCnt (main)
                                                   msTick (main)
           ENTRY                   ADDRESS         REF BY
           =====                   =======         ======
           ?<Segment init: NEAR_Z>
                                   000016FE 

    *************************************************************************

  FILE NAME : F:\1.项目建立文件夹\07.空调板\IAR\Debug\Obj\AvrUART.r90
  PROGRAM MODULE, NAME : AvrUART

  SEGMENTS IN THE MODULE
  ======================
ABSOLUTE
  Relative segment, address: DATA 00000023 - 00000023 (0x1 bytes), align: 0
  Segment part 1. ROOT.       Intra module refs:   LedOutputScan (Output)
                                                   Pin_Init (main)
                                                   RhDisplayScan (Output)
                                                   TmepDisplayScan (Output)
                                                   UART1_TXDIS
                                                   UART1_TXEN
           ENTRY                   ADDRESS         REF BY
           =====                   =======         ======
           _A_PORTE                00000023 
    -------------------------------------------------------------------------
ABSOLUTE
  Relative segment, address: DATA 00000029 - 00000029 (0x1 bytes), align: 0
  Segment part 2. ROOT.       Intra module refs:   Uart2_Init
           ENTRY                   ADDRESS         REF BY
           =====                   =======         ======
           _A_UBRR0L               00000029 
    -------------------------------------------------------------------------
ABSOLUTE
  Relative segment, address: DATA 0000002A - 0000002A (0x1 bytes), align: 0
  Segment part 3. ROOT.       Intra module refs:   StartUart1Send
                                                   UART1_TXC_ISR
                                                   UART1_TX_ISR
                                                   Uart2_Init
           ENTRY                   ADDRESS         REF BY
           =====                   =======         ======
           _A_UCSR0B               0000002A 
    -------------------------------------------------------------------------
ABSOLUTE
  Relative segment, address: DATA 0000002B - 0000002B (0x1 bytes), align: 0
  Segment part 4. ROOT.       Intra module refs:   StartUart1Send
                                                   UART1_TX_ISR
                                                   Uart2_Init
           ENTRY                   ADDRESS         REF BY
           =====                   =======         ======
           _A_UCSR0A               0000002B 
    -------------------------------------------------------------------------
ABSOLUTE
  Relative segment, address: DATA 0000002C - 0000002C (0x1 bytes), align: 0
  Segment part 5. ROOT.       Intra module refs:   UART1_RX_ISR
                                                   UART1_TX_ISR
           ENTRY                   ADDRESS         REF BY
           =====                   =======         ======
           _A_UDR0                 0000002C 
    -------------------------------------------------------------------------
ABSOLUTE
  Relative segment, address: DATA 00000032 - 00000032 (0x1 bytes), align: 0
  Segment part 6. ROOT.       Intra module refs:   NumberDisplayScan (Output)
                                                   Pin_Init (main)
                                                   UART2_TXDIS
                                                   UART2_TXEN
           ENTRY                   ADDRESS         REF BY
           =====                   =======         ======
           _A_PORTD                00000032 
    -------------------------------------------------------------------------
ABSOLUTE
  Relative segment, address: DATA 00000090 - 00000090 (0x1 bytes), align: 0
  Segment part 7. ROOT.       Intra module refs:   Uart2_Init
           ENTRY                   ADDRESS         REF BY
           =====                   =======         ======
           _A_UBRR0H               00000090 
    -------------------------------------------------------------------------
ABSOLUTE
  Relative segment, address: DATA 00000095 - 00000095 (0x1 bytes), align: 0
  Segment part 8. ROOT.       Intra module refs:   Uart2_Init
           ENTRY                   ADDRESS         REF BY
           =====                   =======         ======
           _A_UCSR0C               00000095 
    -------------------------------------------------------------------------
ABSOLUTE
  Relative segment, address: DATA 00000098 - 00000098 (0x1 bytes), align: 0
  Segment part 9. ROOT.       Intra module refs:   Uart1_Init
           ENTRY                   ADDRESS         REF BY
           =====                   =======         ======
           _A_UBRR1H               00000098 
    -------------------------------------------------------------------------
ABSOLUTE
  Relative segment, address: DATA 00000099 - 00000099 (0x1 bytes), align: 0
  Segment part 10. ROOT.      Intra module refs:   Uart1_Init
           ENTRY                   ADDRESS         REF BY
           =====                   =======         ======
           _A_UBRR1L               00000099 
    -------------------------------------------------------------------------
ABSOLUTE
  Relative segment, address: DATA 0000009A - 0000009A (0x1 bytes), align: 0
  Segment part 11. ROOT.      Intra module refs:   StartUart2Send
                                                   UART2_TXC_ISR
                                                   UART2_TX_ISR
                                                   Uart1_Init
           ENTRY                   ADDRESS         REF BY
           =====                   =======         ======
           _A_UCSR1B               0000009A 
    -------------------------------------------------------------------------
ABSOLUTE
  Relative segment, address: DATA 0000009B - 0000009B (0x1 bytes), align: 0
  Segment part 12. ROOT.      Intra module refs:   StartUart2Send
                                                   UART2_TX_ISR
                                                   Uart1_Init
           ENTRY                   ADDRESS         REF BY
           =====                   =======         ======
           _A_UCSR1A               0000009B 
    -------------------------------------------------------------------------
ABSOLUTE
  Relative segment, address: DATA 0000009C - 0000009C (0x1 bytes), align: 0
  Segment part 13. ROOT.      Intra module refs:   UART2_RX_ISR
                                                   UART2_TX_ISR
           ENTRY                   ADDRESS         REF BY
           =====                   =======         ======
           _A_UDR1                 0000009C 
    -------------------------------------------------------------------------
ABSOLUTE
  Relative segment, address: DATA 0000009D - 0000009D (0x1 bytes), align: 0
  Segment part 14. ROOT.      Intra module refs:   Uart1_Init
           ENTRY                   ADDRESS         REF BY
           =====                   =======         ======
           _A_UCSR1C               0000009D 
    -------------------------------------------------------------------------
NEAR_Z
  Relative segment, address: DATA 00000252 - 0000035F (0x10e bytes), align: 0
  Segment part 27.            Intra module refs:   UART1_RX_ISR
                                                   UART1_TXC_ISR
                                                   UART1_TX_ISR
                                                   Uart1_AppInit
           ENTRY                   ADDRESS         REF BY
           =====                   =======         ======
           UartAppData1            00000252        MdPoll01 (StdMd)
                                                   MdTcbInit1 (StdMd)
                                                   main (main)
    -------------------------------------------------------------------------
NEAR_Z
  Relative segment, address: DATA 00000360 - 0000046D (0x10e bytes), align: 0
  Segment part 29.            Intra module refs:   UART2_RX_ISR
                                                   UART2_TXC_ISR
                                                   UART2_TX_ISR
                                                   Uart2_AppInit
           ENTRY                   ADDRESS         REF BY
           =====                   =======         ======
           UartAppData2            00000360        MdPoll02 (StdMd)
                                                   MdTcbInit2 (StdMd)
                                                   main (main)
    -------------------------------------------------------------------------
CODE
  Relative segment, address: CODE 000000AC - 000000AF (0x4 bytes), align: 1
  Segment part 30.            Intra module refs:   Uart1_AppInit
           ENTRY                   ADDRESS         REF BY
           =====                   =======         ======
           UART1_TXEN              000000AC 
               RSTACK = 00000000 ( 00000002 )
    -------------------------------------------------------------------------
CODE
  Relative segment, address: CODE 000000B0 - 000000B3 (0x4 bytes), align: 1
  Segment part 31.            Intra module refs:   Uart1_AppInit
           ENTRY                   ADDRESS         REF BY
           =====                   =======         ======
           UART1_TXDIS             000000B0 
               RSTACK = 00000000 ( 00000002 )
    -------------------------------------------------------------------------
CODE
  Relative segment, address: CODE 000000B4 - 000000B7 (0x4 bytes), align: 1
  Segment part 32.            Intra module refs:   Uart2_AppInit
           ENTRY                   ADDRESS         REF BY
           =====                   =======         ======
           UART2_TXEN              000000B4 
               RSTACK = 00000000 ( 00000002 )
    -------------------------------------------------------------------------
CODE
  Relative segment, address: CODE 000000B8 - 000000BB (0x4 bytes), align: 1
  Segment part 33.            Intra module refs:   Uart2_AppInit
           ENTRY                   ADDRESS         REF BY
           =====                   =======         ======
           UART2_TXDIS             000000B8 
               RSTACK = 00000000 ( 00000002 )
    -------------------------------------------------------------------------
CODE
  Relative segment, address: CODE 000000BC - 000000DB (0x20 bytes), align: 1
  Segment part 34.
           ENTRY                   ADDRESS         REF BY
           =====                   =======         ======
           Uart1_Init              000000BC        main (main)
               RSTACK = 00000000 ( 00000002 )
    -------------------------------------------------------------------------
CODE
  Relative segment, address: CODE 000000DC - 000000F5 (0x1a bytes), align: 1
  Segment part 35.
           ENTRY                   ADDRESS         REF BY
           =====                   =======         ======
           Uart2_Init              000000DC        main (main)
               RSTACK = 00000000 ( 00000002 )
    -------------------------------------------------------------------------
CODE
  Relative segment, address: CODE 000000F6 - 00000111 (0x1c bytes), align: 1
  Segment part 36.
           ENTRY                   ADDRESS         REF BY
           =====                   =======         ======
           Uart1_AppInit           000000F6        main (main)
               calls direct
               RSTACK = 00000000 ( 00000002 )
    -------------------------------------------------------------------------
CODE
  Relative segment, address: CODE 00000112 - 0000012D (0x1c bytes), align: 1
  Segment part 37.
           ENTRY                   ADDRESS         REF BY
           =====                   =======         ======
           Uart2_AppInit           00000112        main (main)
               calls direct
               RSTACK = 00000000 ( 00000002 )
    -------------------------------------------------------------------------
CODE
  Relative segment, address: CODE 0000012E - 000001E3 (0xb6 bytes), align: 1
  Segment part 38.            Intra module refs:   UART1_RX_ISR::??INTVEC 72
           ENTRY                   ADDRESS         REF BY
           =====                   =======         ======
           UART1_RX_ISR            0000012E 
               interrupt function
               RSTACK = 00000000 ( 00000002 )
               CSTACK = 00000000 ( 0000000A )
    -------------------------------------------------------------------------
CODE
  Relative segment, address: CODE 000001E4 - 0000024D (0x6a bytes), align: 1
  Segment part 39.            Intra module refs:   UART1_TX_ISR::??INTVEC 76
           ENTRY                   ADDRESS         REF BY
           =====                   =======         ======
           UART1_TX_ISR            000001E4 
               interrupt function
               RSTACK = 00000000 ( 00000002 )
               CSTACK = 00000000 ( 00000008 )
    -------------------------------------------------------------------------
CODE
  Relative segment, address: CODE 0000024E - 000002B7 (0x6a bytes), align: 1
  Segment part 40.            Intra module refs:   UART1_TXC_ISR::??INTVEC 80
           ENTRY                   ADDRESS         REF BY
           =====                   =======         ======
           UART1_TXC_ISR           0000024E 
               interrupt function
               calls direct
               RSTACK = 00000000 ( 00000002 )
               CSTACK = 00000000 ( 00000012 )
    -------------------------------------------------------------------------
CODE
  Relative segment, address: CODE 000002B8 - 0000036F (0xb8 bytes), align: 1
  Segment part 41.            Intra module refs:   UART2_RX_ISR::??INTVEC 120
           ENTRY                   ADDRESS         REF BY
           =====                   =======         ======
           UART2_RX_ISR            000002B8 
               interrupt function
               RSTACK = 00000000 ( 00000002 )
               CSTACK = 00000000 ( 0000000A )
    -------------------------------------------------------------------------
CODE
  Relative segment, address: CODE 00000370 - 000003F3 (0x84 bytes), align: 1
  Segment part 42.            Intra module refs:   UART2_TX_ISR::??INTVEC 124
           ENTRY                   ADDRESS         REF BY
           =====                   =======         ======
           UART2_TX_ISR            00000370 
               interrupt function
               RSTACK = 00000000 ( 00000002 )
               CSTACK = 00000000 ( 00000008 )
    -------------------------------------------------------------------------
CODE
  Relative segment, address: CODE 000003F4 - 00000465 (0x72 bytes), align: 1
  Segment part 43.            Intra module refs:   UART2_TXC_ISR::??INTVEC 128
           ENTRY                   ADDRESS         REF BY
           =====                   =======         ======
           UART2_TXC_ISR           000003F4 
               interrupt function
               calls direct
               RSTACK = 00000000 ( 00000002 )
               CSTACK = 00000000 ( 00000012 )
    -------------------------------------------------------------------------
CODE
  Relative segment, address: CODE 00000466 - 00000475 (0x10 bytes), align: 1
  Segment part 44.            Intra module refs:   StartUart1Send
                                                   StartUart2Send
                                                   UART1_TXC_ISR
                                                   UART2_TXC_ISR
           ENTRY                   ADDRESS         REF BY
           =====                   =======         ======
           Run_void                00000466 
               calls indirect
               RSTACK = 00000000 ( 00000002 )
    -------------------------------------------------------------------------
CODE
  Relative segment, address: CODE 00000476 - 00000553 (0xde bytes), align: 1
  Segment part 45.
           ENTRY                   ADDRESS         REF BY
           =====                   =======         ======
           StartUart1Send          00000476        StdMdTcpRsp1 (StdMd)
               calls direct
               RSTACK = 00000000 ( 00000002 )
               CSTACK = 00000000 ( 00000006 )
    -------------------------------------------------------------------------
CODE
  Relative segment, address: CODE 00000554 - 00000641 (0xee bytes), align: 1
  Segment part 46.
           ENTRY                   ADDRESS         REF BY
           =====                   =======         ======
           StartUart2Send          00000554        StdMdTcpRsp2 (StdMd)
               calls direct
               RSTACK = 00000000 ( 00000002 )
               CSTACK = 00000000 ( 00000006 )
    -------------------------------------------------------------------------
CODE
  Relative segment, address: CODE 00000642 - 0000069F (0x5e bytes), align: 1
  Segment part 47.
           ENTRY                   ADDRESS         REF BY
           =====                   =======         ======
           UartTimeOut             00000642        main (main)
               RSTACK = 00000000 ( 00000002 )
    -------------------------------------------------------------------------
CODE
  Relative segment, address: CODE 000006A0 - 000006C9 (0x2a bytes), align: 1
  Segment part 48.            Intra module refs:   StartUart1Send
                                                   StartUart2Send
           ENTRY                   ADDRESS         REF BY
           =====                   =======         ======
           rt_memcpy               000006A0 
               RSTACK = 00000000 ( 00000002 )
    -------------------------------------------------------------------------
INTVEC
  Common segment, address: CODE 00000000 - 0000004B (0x4c bytes), align: 1
  Segment part 19. ROOT.
           ENTRY                   ADDRESS         REF BY
           =====                   =======         ======
           UART1_RX_ISR::??INTVEC 72
                                   00000048 
    -------------------------------------------------------------------------
INTVEC
  Common segment, address: CODE 00000000 - 0000004F (0x50 bytes), align: 1
  Segment part 20. ROOT.
           ENTRY                   ADDRESS         REF BY
           =====                   =======         ======
           UART1_TX_ISR::??INTVEC 76
                                   0000004C 
    -------------------------------------------------------------------------
INTVEC
  Common segment, address: CODE 00000000 - 00000053 (0x54 bytes), align: 1
  Segment part 21. ROOT.
           ENTRY                   ADDRESS         REF BY
           =====                   =======         ======
           UART1_TXC_ISR::??INTVEC 80
                                   00000050 
    -------------------------------------------------------------------------
INTVEC
  Common segment, address: CODE 00000000 - 0000007B (0x7c bytes), align: 1
  Segment part 22. ROOT.
           ENTRY                   ADDRESS         REF BY
           =====                   =======         ======
           UART2_RX_ISR::??INTVEC 120
                                   00000078 
    -------------------------------------------------------------------------
INTVEC
  Common segment, address: CODE 00000000 - 0000007F (0x80 bytes), align: 1
  Segment part 23. ROOT.
           ENTRY                   ADDRESS         REF BY
           =====                   =======         ======
           UART2_TX_ISR::??INTVEC 124
                                   0000007C 
    -------------------------------------------------------------------------
INTVEC
  Common segment, address: CODE 00000000 - 00000083 (0x84 bytes), align: 1
  Segment part 24. ROOT.
           ENTRY                   ADDRESS         REF BY
           =====                   =======         ======
           UART2_TXC_ISR::??INTVEC 128
                                   00000080 

    *************************************************************************

  FILE NAME : F:\1.项目建立文件夹\07.空调板\IAR\Debug\Obj\CLModbus.r90
  PROGRAM MODULE, NAME : CLModbus

  SEGMENTS IN THE MODULE
  ======================
NEAR_I
  Relative segment, address: DATA 00000240 - 00000241 (0x2 bytes), align: 0
  Segment part 7.             Intra module refs:   MdDataDeal
           ENTRY                   ADDRESS         REF BY
           =====                   =======         ======
           MyMdAddr                00000240 
    -------------------------------------------------------------------------
CODE
  Relative segment, address: CODE 000006CA - 00000A03 (0x33a bytes), align: 1
  Segment part 10.
           ENTRY                   ADDRESS         REF BY
           =====                   =======         ======
           MdDataDeal              000006CA        MdPoll01 (StdMd)
                                                   MdPoll02 (StdMd)
               calls direct and indirect
               RSTACK = 00000000 ( 00000004 )
               CSTACK = 00000000 ( 0000000A )
    -------------------------------------------------------------------------
CODE
  Relative segment, address: CODE 00000A04 - 00000BEB (0x1e8 bytes), align: 1
  Segment part 11.            Intra module refs:   MdDataDeal
           ENTRY                   ADDRESS         REF BY
           =====                   =======         ======
           Slave_ModbusDataSetup   00000A04 
               calls direct and indirect
               RSTACK = 00000000 ( 00000004 )
               CSTACK = 00000000 ( 0000000C )
    -------------------------------------------------------------------------
NEAR_ID
  Relative segment, address: CODE 0000170C - 0000170D (0x2 bytes), align: 0
  Segment part 8.             Intra module refs:   MyMdAddr
    -------------------------------------------------------------------------
INITTAB
  Relative segment, address: CODE 00001705 - 0000170B (0x7 bytes), align: 0
  Segment part 9.             Intra module refs:   MyMdAddr
                                                   numbers (Output)
           ENTRY                   ADDRESS         REF BY
           =====                   =======         ======
           ?<Segment init: NEAR_I>
                                   00001705 

    *************************************************************************

  FILE NAME : F:\1.项目建立文件夹\07.空调板\IAR\Debug\Obj\CRC.r90
  PROGRAM MODULE, NAME : CRC

  SEGMENTS IN THE MODULE
  ======================
NEAR_F
  Relative segment, address: CODE 0000008C - 000000AB (0x20 bytes), align: 0
  Segment part 7.             Intra module refs:   GetCRC16
           ENTRY                   ADDRESS         REF BY
           =====                   =======         ======
           CRCtbl                  0000008C 
    -------------------------------------------------------------------------
CODE
  Relative segment, address: CODE 00000BEC - 00000C5B (0x70 bytes), align: 1
  Segment part 8.
           ENTRY                   ADDRESS         REF BY
           =====                   =======         ======
           GetCRC16                00000BEC        MdDataDeal (CLModbus)
                                                   Slave_ModbusDataSetup (CLModbus)
               RSTACK = 00000000 ( 00000004 )

    *************************************************************************

  FILE NAME : F:\1.项目建立文件夹\07.空调板\IAR\Debug\Obj\Output.r90
  PROGRAM MODULE, NAME : Output

  SEGMENTS IN THE MODULE
  ======================
ABSOLUTE
  Relative segment, address: DATA 00000035 - 00000035 (0x1 bytes), align: 0
  Segment part 3. ROOT.       Intra module refs:   Pin_Init (main)
                                                   RhDisplayScan
                                                   TmepDisplayScan
           ENTRY                   ADDRESS         REF BY
           =====                   =======         ======
           _A_PORTC                00000035 
    -------------------------------------------------------------------------
ABSOLUTE
  Relative segment, address: DATA 00000038 - 00000038 (0x1 bytes), align: 0
  Segment part 4. ROOT.       Intra module refs:   LedOutputScan
                                                   Pin_Init (main)
           ENTRY                   ADDRESS         REF BY
           =====                   =======         ======
           _A_PORTB                00000038 
    -------------------------------------------------------------------------
ABSOLUTE
  Relative segment, address: DATA 0000003B - 0000003B (0x1 bytes), align: 0
  Segment part 5. ROOT.       Intra module refs:   NumberDisplayScan
                                                   Pin_Init (main)
                                                   TmepDisplayScan
           ENTRY                   ADDRESS         REF BY
           =====                   =======         ======
           _A_PORTA                0000003B 
    -------------------------------------------------------------------------
ABSOLUTE
  Relative segment, address: DATA 00000065 - 00000065 (0x1 bytes), align: 0
  Segment part 6. ROOT.       Intra module refs:   NumberDisplayScan
                                                   Pin_Init (main)
                                                   TmepDisplayScan
           ENTRY                   ADDRESS         REF BY
           =====                   =======         ======
           _A_PORTG                00000065 
    -------------------------------------------------------------------------
CODE
  Relative segment, address: CODE 00000C5C - 00000CA3 (0x48 bytes), align: 1
  Segment part 18.
           ENTRY                   ADDRESS         REF BY
           =====                   =======         ======
           LedOutputScan           00000C5C        main (main)
               RSTACK = 00000000 ( 00000002 )
    -------------------------------------------------------------------------
CODE
  Relative segment, address: CODE 00000CA4 - 00000D25 (0x82 bytes), align: 1
  Segment part 19.
           ENTRY                   ADDRESS         REF BY
           =====                   =======         ======
           TmepDisplayScan         00000CA4        main (main)
               RSTACK = 00000000 ( 00000002 )
    -------------------------------------------------------------------------
CODE
  Relative segment, address: CODE 00000D26 - 00000D97 (0x72 bytes), align: 1
  Segment part 20.
           ENTRY                   ADDRESS         REF BY
           =====                   =======         ======
           RhDisplayScan           00000D26        main (main)
               RSTACK = 00000000 ( 00000002 )
    -------------------------------------------------------------------------
NEAR_I
  Relative segment, address: DATA 00000242 - 00000251 (0x10 bytes), align: 0
  Segment part 13.            Intra module refs:   DisplayNumber
           ENTRY                   ADDRESS         REF BY
           =====                   =======         ======
           numbers                 00000242 
    -------------------------------------------------------------------------
CODE
  Relative segment, address: CODE 00000D98 - 00000E07 (0x70 bytes), align: 1
  Segment part 21.
           ENTRY                   ADDRESS         REF BY
           =====                   =======         ======
           NumberDisplayScan       00000D98        main (main)
               RSTACK = 00000000 ( 00000002 )
    -------------------------------------------------------------------------
NEAR_Z
  Relative segment, address: DATA 0000046E - 0000046E (0x1 bytes), align: 0
  Segment part 16.            Intra module refs:   NumberDisplayScan
           LOCAL                   ADDRESS         
           =====                   =======         
           NumberDisplayScan::step
                                   0000046E 
    -------------------------------------------------------------------------
CODE
  Relative segment, address: CODE 00000E08 - 00000E63 (0x5c bytes), align: 1
  Segment part 22.
           ENTRY                   ADDRESS         REF BY
           =====                   =======         ======
           DisplayNumber           00000E08        main (main)
               RSTACK = 00000000 ( 00000004 )
               CSTACK = 00000000 ( 00000002 )
    -------------------------------------------------------------------------
NEAR_ID
  Relative segment, address: CODE 0000170E - 0000171D (0x10 bytes), align: 0
  Segment part 14.            Intra module refs:   numbers

    *************************************************************************

  FILE NAME : F:\1.项目建立文件夹\07.空调板\IAR\Debug\Obj\StdMd.r90
  PROGRAM MODULE, NAME : StdMd

  SEGMENTS IN THE MODULE
  ======================
NEAR_Z
  Relative segment, address: DATA 0000046F - 00000481 (0x13 bytes), align: 0
  Segment part 7.             Intra module refs:   MdPoll01
                                                   MdTcbInit1
           ENTRY                   ADDRESS         REF BY
           =====                   =======         ======
           MdTcp1                  0000046F 
    -------------------------------------------------------------------------
NEAR_Z
  Relative segment, address: DATA 00000482 - 00000494 (0x13 bytes), align: 0
  Segment part 9.             Intra module refs:   MdPoll02
                                                   MdTcbInit2
           ENTRY                   ADDRESS         REF BY
           =====                   =======         ======
           MdTcp2                  00000482 
    -------------------------------------------------------------------------
CODE
  Relative segment, address: CODE 00000E64 - 00000E8F (0x2c bytes), align: 1
  Segment part 14.            Intra module refs:   StdMdTcpInit1
                                                   StdMdTcpInit2
           ENTRY                   ADDRESS         REF BY
           =====                   =======         ======
           LengthCheck             00000E64 
               RSTACK = 00000000 ( 00000002 )
    -------------------------------------------------------------------------
CODE
  Relative segment, address: CODE 00000E90 - 00000E9F (0x10 bytes), align: 1
  Segment part 15.            Intra module refs:   StdMdTcpInit1
           ENTRY                   ADDRESS         REF BY
           =====                   =======         ======
           PDR1                    00000E90 
               RSTACK = 00000000 ( 00000002 )
    -------------------------------------------------------------------------
CODE
  Relative segment, address: CODE 00000EA0 - 00000EA1 (0x2 bytes), align: 1
  Segment part 16.            Intra module refs:   StdMdTcpInit1
           ENTRY                   ADDRESS         REF BY
           =====                   =======         ======
           PDW1                    00000EA0 
               RSTACK = 00000000 ( 00000002 )
    -------------------------------------------------------------------------
CODE
  Relative segment, address: CODE 00000EA2 - 00000EC1 (0x20 bytes), align: 1
  Segment part 17.            Intra module refs:   MdTcbInit1
           ENTRY                   ADDRESS         REF BY
           =====                   =======         ======
           StdMdTcpInit1           00000EA2 
               RSTACK = 00000000 ( 00000002 )
    -------------------------------------------------------------------------
CODE
  Relative segment, address: CODE 00000EC2 - 00000ED1 (0x10 bytes), align: 1
  Segment part 18.            Intra module refs:   StdMdTcpInit2
           ENTRY                   ADDRESS         REF BY
           =====                   =======         ======
           PDR2                    00000EC2 
               RSTACK = 00000000 ( 00000002 )
    -------------------------------------------------------------------------
CODE
  Relative segment, address: CODE 00000ED2 - 00000ED3 (0x2 bytes), align: 1
  Segment part 19.            Intra module refs:   StdMdTcpInit2
           ENTRY                   ADDRESS         REF BY
           =====                   =======         ======
           PDW2                    00000ED2 
               RSTACK = 00000000 ( 00000002 )
    -------------------------------------------------------------------------
CODE
  Relative segment, address: CODE 00000ED4 - 00000EF3 (0x20 bytes), align: 1
  Segment part 20.            Intra module refs:   MdTcbInit2
           ENTRY                   ADDRESS         REF BY
           =====                   =======         ======
           StdMdTcpInit2           00000ED4 
               RSTACK = 00000000 ( 00000002 )
    -------------------------------------------------------------------------
CODE
  Relative segment, address: CODE 00000EF4 - 00000F25 (0x32 bytes), align: 1
  Segment part 21.            Intra module refs:   MdPoll01
                                                   MdPoll02
                                                   MdTcbInit1
                                                   MdTcbInit2
           ENTRY                   ADDRESS         REF BY
           =====                   =======         ======
           StdMdTcpGetReady        00000EF4 
               RSTACK = 00000000 ( 00000002 )
    -------------------------------------------------------------------------
CODE
  Relative segment, address: CODE 00000F26 - 00000F5B (0x36 bytes), align: 1
  Segment part 22.            Intra module refs:   MdPoll01
           ENTRY                   ADDRESS         REF BY
           =====                   =======         ======
           StdMdTcpRsp1            00000F26 
               calls direct
               RSTACK = 00000000 ( 00000002 )
               CSTACK = 00000000 ( 00000002 )
    -------------------------------------------------------------------------
CODE
  Relative segment, address: CODE 00000F5C - 00000F91 (0x36 bytes), align: 1
  Segment part 23.            Intra module refs:   MdPoll02
           ENTRY                   ADDRESS         REF BY
           =====                   =======         ======
           StdMdTcpRsp2            00000F5C 
               calls direct
               RSTACK = 00000000 ( 00000002 )
               CSTACK = 00000000 ( 00000002 )
    -------------------------------------------------------------------------
CODE
  Relative segment, address: CODE 00000F92 - 00000FA3 (0x12 bytes), align: 1
  Segment part 24.
           ENTRY                   ADDRESS         REF BY
           =====                   =======         ======
           MdTcbInit1              00000F92        main (main)
               calls direct
               RSTACK = 00000000 ( 00000002 )
    -------------------------------------------------------------------------
CODE
  Relative segment, address: CODE 00000FA4 - 00000FB5 (0x12 bytes), align: 1
  Segment part 25.
           ENTRY                   ADDRESS         REF BY
           =====                   =======         ======
           MdTcbInit2              00000FA4        main (main)
               calls direct
               RSTACK = 00000000 ( 00000002 )
    -------------------------------------------------------------------------
NEAR_Z
  Relative segment, address: DATA 00000495 - 00000495 (0x1 bytes), align: 0
  Segment part 10.            Intra module refs:   MdPoll01
                                                   MdPoll02
           ENTRY                   ADDRESS         REF BY
           =====                   =======         ======
           MdRet                   00000495 
    -------------------------------------------------------------------------
CODE
  Relative segment, address: CODE 00000FB6 - 00000FFF (0x4a bytes), align: 1
  Segment part 26.
           ENTRY                   ADDRESS         REF BY
           =====                   =======         ======
           MdPoll01                00000FB6        main (main)
               calls direct
               RSTACK = 00000000 ( 00000002 )
               CSTACK = 00000000 ( 00000002 )
    -------------------------------------------------------------------------
CODE
  Relative segment, address: CODE 00001000 - 00001049 (0x4a bytes), align: 1
  Segment part 27.
           ENTRY                   ADDRESS         REF BY
           =====                   =======         ======
           MdPoll02                00001000        main (main)
               calls direct
               RSTACK = 00000000 ( 00000002 )
               CSTACK = 00000000 ( 00000002 )

    *************************************************************************

  FILE NAME : F:\1.项目建立文件夹\07.空调板\IAR\Debug\Obj\input.r90
  PROGRAM MODULE, NAME : input

  SEGMENTS IN THE MODULE
  ======================
ABSOLUTE
  Relative segment, address: DATA 00000020 - 00000020 (0x1 bytes), align: 0
  Segment part 1. ROOT.       Intra module refs:   KeyGet
           ENTRY                   ADDRESS         REF BY
           =====                   =======         ======
           _A_PINF                 00000020 
    -------------------------------------------------------------------------
ABSOLUTE
  Relative segment, address: DATA 00000021 - 00000021 (0x1 bytes), align: 0
  Segment part 2. ROOT.       Intra module refs:   KeyGet
           ENTRY                   ADDRESS         REF BY
           =====                   =======         ======
           _A_PINE                 00000021 
    -------------------------------------------------------------------------
ABSOLUTE
  Relative segment, address: DATA 00000030 - 00000030 (0x1 bytes), align: 0
  Segment part 3. ROOT.       Intra module refs:   KeyGet
           ENTRY                   ADDRESS         REF BY
           =====                   =======         ======
           _A_PIND                 00000030 
    -------------------------------------------------------------------------
ABSOLUTE
  Relative segment, address: DATA 00000036 - 00000036 (0x1 bytes), align: 0
  Segment part 4. ROOT.       Intra module refs:   KeyGet
           ENTRY                   ADDRESS         REF BY
           =====                   =======         ======
           _A_PINB                 00000036 
    -------------------------------------------------------------------------
ABSOLUTE
  Relative segment, address: DATA 00000063 - 00000063 (0x1 bytes), align: 0
  Segment part 5. ROOT.       Intra module refs:   KeyGet
           ENTRY                   ADDRESS         REF BY
           =====                   =======         ======
           _A_PING                 00000063 
    -------------------------------------------------------------------------
CODE
  Relative segment, address: CODE 0000104A - 00001079 (0x30 bytes), align: 1
  Segment part 16.
           ENTRY                   ADDRESS         REF BY
           =====                   =======         ======
           KeyGet                  0000104A        main (main)
               RSTACK = 00000000 ( 00000002 )
    -------------------------------------------------------------------------
CODE
  Relative segment, address: CODE 0000107A - 00001191 (0x118 bytes), align: 1
  Segment part 17.
           ENTRY                   ADDRESS         REF BY
           =====                   =======         ======
           KeyScanDeal             0000107A        main (main)
               RSTACK = 00000000 ( 00000004 )
               CSTACK = 00000000 ( 00000002 )
    -------------------------------------------------------------------------
NEAR_Z
  Relative segment, address: DATA 00000496 - 00000497 (0x2 bytes), align: 0
  Segment part 12.            Intra module refs:   KeyScanDeal
           LOCAL                   ADDRESS         
           =====                   =======         
           KeyScanDeal::KeyLastRec
                                   00000496 
    -------------------------------------------------------------------------
NEAR_Z
  Relative segment, address: DATA 00000498 - 00000499 (0x2 bytes), align: 0
  Segment part 14.            Intra module refs:   KeyScanDeal
           LOCAL                   ADDRESS         
           =====                   =======         
           KeyScanDeal::KeyOut     00000498 
    -------------------------------------------------------------------------
NEAR_Z
  Relative segment, address: DATA 0000049A - 000004AB (0x12 bytes), align: 0
  Segment part 15.            Intra module refs:   KeyScanDeal
           LOCAL                   ADDRESS         
           =====                   =======         
           KeyScanDeal::KeyInputCnt
                                   0000049A 
    -------------------------------------------------------------------------
CODE
  Relative segment, address: CODE 00001192 - 000011E9 (0x58 bytes), align: 1
  Segment part 18.            Intra module refs:   KeyAllStateDeal
           ENTRY                   ADDRESS         REF BY
           =====                   =======         ======
           KeyRunning              00001192 
               RSTACK = 00000000 ( 00000002 )
    -------------------------------------------------------------------------
CODE
  Relative segment, address: CODE 000011EA - 00001241 (0x58 bytes), align: 1
  Segment part 19.            Intra module refs:   KeyAllStateDeal
           ENTRY                   ADDRESS         REF BY
           =====                   =======         ======
           KeyStadby               000011EA 
               RSTACK = 00000000 ( 00000002 )
    -------------------------------------------------------------------------
CODE
  Relative segment, address: CODE 00001242 - 000012A3 (0x62 bytes), align: 1
  Segment part 20.            Intra module refs:   KeyAllStateDeal
           ENTRY                   ADDRESS         REF BY
           =====                   =======         ======
           KeyNgt                  00001242 
               RSTACK = 00000000 ( 00000002 )
    -------------------------------------------------------------------------
CODE
  Relative segment, address: CODE 000012A4 - 000012BB (0x18 bytes), align: 1
  Segment part 25.
           ENTRY                   ADDRESS         REF BY
           =====                   =======         ======
           KeyAllStateDeal         000012A4        main (main)
               calls direct
               RSTACK = 00000000 ( 00000002 )
               CSTACK = 00000000 ( 00000002 )

    *************************************************************************

  FILE NAME : F:\1.项目建立文件夹\07.空调板\IAR\Debug\Obj\main.r90
  PROGRAM MODULE, NAME : main

  SEGMENTS IN THE MODULE
  ======================
ABSOLUTE
  Relative segment, address: DATA 00000022 - 00000022 (0x1 bytes), align: 0
  Segment part 1. ROOT.       Intra module refs:   Pin_Init
           ENTRY                   ADDRESS         REF BY
           =====                   =======         ======
           _A_DDRE                 00000022 
    -------------------------------------------------------------------------
ABSOLUTE
  Relative segment, address: DATA 00000031 - 00000031 (0x1 bytes), align: 0
  Segment part 3. ROOT.       Intra module refs:   Pin_Init
           ENTRY                   ADDRESS         REF BY
           =====                   =======         ======
           _A_DDRD                 00000031 
    -------------------------------------------------------------------------
ABSOLUTE
  Relative segment, address: DATA 00000034 - 00000034 (0x1 bytes), align: 0
  Segment part 5. ROOT.       Intra module refs:   Pin_Init
           ENTRY                   ADDRESS         REF BY
           =====                   =======         ======
           _A_DDRC                 00000034 
    -------------------------------------------------------------------------
ABSOLUTE
  Relative segment, address: DATA 00000037 - 00000037 (0x1 bytes), align: 0
  Segment part 7. ROOT.       Intra module refs:   Pin_Init
           ENTRY                   ADDRESS         REF BY
           =====                   =======         ======
           _A_DDRB                 00000037 
    -------------------------------------------------------------------------
ABSOLUTE
  Relative segment, address: DATA 0000003A - 0000003A (0x1 bytes), align: 0
  Segment part 9. ROOT.       Intra module refs:   Pin_Init
           ENTRY                   ADDRESS         REF BY
           =====                   =======         ======
           _A_DDRA                 0000003A 
    -------------------------------------------------------------------------
ABSOLUTE
  Relative segment, address: DATA 0000004C - 0000004D (0x2 bytes), align: 0
  Segment part 11. ROOT.      Intra module refs:   T1_OVF_ISR
           ENTRY                   ADDRESS         REF BY
           =====                   =======         ======
           _A_TCNT1                0000004C 
    -------------------------------------------------------------------------
ABSOLUTE
  Relative segment, address: DATA 0000004E - 0000004E (0x1 bytes), align: 0
  Segment part 12. ROOT.
           ENTRY                   ADDRESS         REF BY
           =====                   =======         ======
           _A_TCCR1B               0000004E 
    -------------------------------------------------------------------------
ABSOLUTE
  Relative segment, address: DATA 0000004F - 0000004F (0x1 bytes), align: 0
  Segment part 13. ROOT.
           ENTRY                   ADDRESS         REF BY
           =====                   =======         ======
           _A_TCCR1A               0000004F 
    -------------------------------------------------------------------------
ABSOLUTE
  Relative segment, address: DATA 00000052 - 00000052 (0x1 bytes), align: 0
  Segment part 14. ROOT.      Intra module refs:   T0_Init
                                                   T0_OVF_ISR
           ENTRY                   ADDRESS         REF BY
           =====                   =======         ======
           _A_TCNT0                00000052 
    -------------------------------------------------------------------------
ABSOLUTE
  Relative segment, address: DATA 00000053 - 00000053 (0x1 bytes), align: 0
  Segment part 15. ROOT.      Intra module refs:   T0_Init
           ENTRY                   ADDRESS         REF BY
           =====                   =======         ======
           _A_TCCR0                00000053 
    -------------------------------------------------------------------------
ABSOLUTE
  Relative segment, address: DATA 00000057 - 00000057 (0x1 bytes), align: 0
  Segment part 16. ROOT.      Intra module refs:   T0_Init
           ENTRY                   ADDRESS         REF BY
           =====                   =======         ======
           _A_TIMSK                00000057 
    -------------------------------------------------------------------------
ABSOLUTE
  Relative segment, address: DATA 0000005F - 0000005F (0x1 bytes), align: 0
  Segment part 17. ROOT.      Intra module refs:   T0_Init
                                                   main
           ENTRY                   ADDRESS         REF BY
           =====                   =======         ======
           _A_SREG                 0000005F 
    -------------------------------------------------------------------------
ABSOLUTE
  Relative segment, address: DATA 00000061 - 00000061 (0x1 bytes), align: 0
  Segment part 18. ROOT.      Intra module refs:   Pin_Init
           ENTRY                   ADDRESS         REF BY
           =====                   =======         ======
           _A_DDRF                 00000061 
    -------------------------------------------------------------------------
ABSOLUTE
  Relative segment, address: DATA 00000062 - 00000062 (0x1 bytes), align: 0
  Segment part 19. ROOT.      Intra module refs:   Pin_Init
           ENTRY                   ADDRESS         REF BY
           =====                   =======         ======
           _A_PORTF                00000062 
    -------------------------------------------------------------------------
ABSOLUTE
  Relative segment, address: DATA 00000064 - 00000064 (0x1 bytes), align: 0
  Segment part 20. ROOT.      Intra module refs:   Pin_Init
           ENTRY                   ADDRESS         REF BY
           =====                   =======         ======
           _A_DDRG                 00000064 
    -------------------------------------------------------------------------
NEAR_Z
  Relative segment, address: DATA 000004AC - 000004B6 (0xb bytes), align: 0
  Segment part 30.            Intra module refs:   main
           ENTRY                   ADDRESS         REF BY
           =====                   =======         ======
           Ahu1                    000004AC        DisplayNumber (Output)
                                                   KeyNgt (input)
                                                   KeyScanDeal (input)
    -------------------------------------------------------------------------
NEAR_Z
  Relative segment, address: DATA 000004B7 - 000004B7 (0x1 bytes), align: 0
  Segment part 32.            Intra module refs:   T0_OVF_ISR
                                                   TimeDeal
           ENTRY                   ADDRESS         REF BY
           =====                   =======         ======
           mSTimeCnt               000004B7 
    -------------------------------------------------------------------------
NEAR_Z
  Relative segment, address: DATA 000004B8 - 000004B9 (0x2 bytes), align: 0
  Segment part 33.            Intra module refs:   TimeDeal
           ENTRY                   ADDRESS         REF BY
           =====                   =======         ======
           msTick                  000004B8 
    -------------------------------------------------------------------------
CODE
  Relative segment, address: CODE 000012BC - 000013E5 (0x12a bytes), align: 1
  Segment part 35.            Intra module refs:   main
           ENTRY                   ADDRESS         REF BY
           =====                   =======         ======
           Pin_Init                000012BC 
               RSTACK = 00000000 ( 00000002 )
    -------------------------------------------------------------------------
CODE
  Relative segment, address: CODE 000013E6 - 000013F7 (0x12 bytes), align: 1
  Segment part 36.            Intra module refs:   main
           ENTRY                   ADDRESS         REF BY
           =====                   =======         ======
           T0_Init                 000013E6 
               RSTACK = 00000000 ( 00000002 )
    -------------------------------------------------------------------------
CODE
  Relative segment, address: CODE 000013F8 - 0000141B (0x24 bytes), align: 1
  Segment part 37.            Intra module refs:   T0_OVF_ISR::??INTVEC 64
           ENTRY                   ADDRESS         REF BY
           =====                   =======         ======
           T0_OVF_ISR              000013F8 
               interrupt function
               RSTACK = 00000000 ( 00000002 )
               CSTACK = 00000000 ( 00000003 )
    -------------------------------------------------------------------------
CODE
  Relative segment, address: CODE 0000141C - 00001439 (0x1e bytes), align: 1
  Segment part 39.            Intra module refs:   T1_OVF_ISR::??INTVEC 56
           ENTRY                   ADDRESS         REF BY
           =====                   =======         ======
           T1_OVF_ISR              0000141C 
               interrupt function
               RSTACK = 00000000 ( 00000002 )
               CSTACK = 00000000 ( 00000003 )
    -------------------------------------------------------------------------
CODE
  Relative segment, address: CODE 0000143A - 00001511 (0xd8 bytes), align: 1
  Segment part 40.            Intra module refs:   main
           ENTRY                   ADDRESS         REF BY
           =====                   =======         ======
           TimeDeal                0000143A 
               RSTACK = 00000000 ( 00000004 )
               CSTACK = 00000000 ( 00000002 )
    -------------------------------------------------------------------------
NEAR_Z
  Relative segment, address: DATA 000004BA - 000004BA (0x1 bytes), align: 0
  Segment part 34.            Intra module refs:   main
           ENTRY                   ADDRESS         REF BY
           =====                   =======         ======
           flag                    000004BA 
    -------------------------------------------------------------------------
CODE
  Relative segment, address: CODE 00001512 - 000015B7 (0xa6 bytes), align: 1
  Segment part 41.
           ENTRY                   ADDRESS         REF BY
           =====                   =======         ======
           main                    00001512        ?cstartup_call_main (?C_STARTUP)
               calls direct
               RSTACK = 00000000 ( 00000002 )
    -------------------------------------------------------------------------
INTVEC
  Common segment, address: CODE 00000000 - 0000003B (0x3c bytes), align: 1
  Segment part 26. ROOT.
           ENTRY                   ADDRESS         REF BY
           =====                   =======         ======
           T1_OVF_ISR::??INTVEC 56
                                   00000038 
    -------------------------------------------------------------------------
INTVEC
  Common segment, address: CODE 00000000 - 00000043 (0x44 bytes), align: 1
  Segment part 27. ROOT.
           ENTRY                   ADDRESS         REF BY
           =====                   =======         ======
           T0_OVF_ISR::??INTVEC 64
                                   00000040 

    *************************************************************************

  FILE NAME : D:\IAR Systems\Embedded Workbench Evaluation 5.4\avr\LIB\CLIB\cl3s-ec_mul.r90
  LIBRARY MODULE, NAME : ?__exit

  SEGMENTS IN THE MODULE
  ======================
CODE
  Relative segment, address: CODE 000015B8 - 000015BD (0x6 bytes), align: 1
  Segment part 0.
           ENTRY                   ADDRESS         REF BY
           =====                   =======         ======
           __exit                  000015BA 
           ?C_EXIT                 000015BA 
           ?C_FUNCALL              000015B8 
           _exit                   000015B8        ?cstartup_call_main (?C_STARTUP)
           exit                    000015B8        ?cstartup_call_main (?C_STARTUP)

    -------------------------------------------------------------------------
  LIBRARY MODULE, NAME : ?RESET

  SEGMENTS IN THE MODULE
  ======================
INTVEC
  Common segment, address: CODE 00000000 - 00000003 (0x4 bytes), align: 1
  Segment part 0. ROOT.
           ENTRY                   ADDRESS         REF BY
           =====                   =======         ======
           __program_start         00000000        Absolute parts (?ABS_ENTRY_MOD)
           ?RESET                  00000000        Segment part 2 (?C_STARTUP)

    -------------------------------------------------------------------------
  LIBRARY MODULE, NAME : ?C_STARTUP

  SEGMENTS IN THE MODULE
  ======================
CODE
  Relative segment, address: CODE 000015BE, align: 1
  Segment part 2.
           ENTRY                   ADDRESS         REF BY
           =====                   =======         ======
           ?C_STARTUP              000015BE        Segment part 0 (?RESET)
           __RESTART               000015BE 
    -------------------------------------------------------------------------
CODE
  Relative segment, address: CODE 000015BE - 000015C9 (0xc bytes), align: 1
  Segment part 5.             Intra module refs:   Segment part 2
    -------------------------------------------------------------------------
CODE
  Relative segment, address: CODE 000015CA - 000015CD (0x4 bytes), align: 1
  Segment part 7.             Intra module refs:   Segment part 5
           ENTRY                   ADDRESS         REF BY
           =====                   =======         ======
           ?call_low_level_init    000015CA 
    -------------------------------------------------------------------------
CODE
  Relative segment, address: CODE 000015CE - 000015D5 (0x8 bytes), align: 1
  Segment part 8.
           ENTRY                   ADDRESS         REF BY
           =====                   =======         ======
           ?need_segment_init      000015CE        ?<Segment init: NEAR_I> (CLModbus)
                                                   ?<Segment init: NEAR_Z> (AvrEEp)
    -------------------------------------------------------------------------
CODE
  Relative segment, address: CODE 000015D6 - 000015E1 (0xc bytes), align: 1
  Segment part 9.             Intra module refs:   ?call_low_level_init
           ENTRY                   ADDRESS         REF BY
           =====                   =======         ======
           ?cstartup_call_main     000015D6 

    -------------------------------------------------------------------------
  LIBRARY MODULE, NAME : ?UC_DIVMOD_L01

  SEGMENTS IN THE MODULE
  ======================
CODE
  Relative segment, address: CODE 000015E2 - 000015FD (0x1c bytes), align: 1
  Segment part 0.
           ENTRY                   ADDRESS         REF BY
           =====                   =======         ======
           ?UC_DIVMOD_L01          000015E2        MdDataDeal (CLModbus)

    -------------------------------------------------------------------------
  LIBRARY MODULE, NAME : ?S_SHL_L02

  SEGMENTS IN THE MODULE
  ======================
CODE
  Relative segment, address: CODE 000015FE - 00001609 (0xc bytes), align: 1
  Segment part 0.
           ENTRY                   ADDRESS         REF BY
           =====                   =======         ======
           ?S_SHL_L02              000015FE        KeyScanDeal (input)

    -------------------------------------------------------------------------
  LIBRARY MODULE, NAME : ?US_SHR_L02

  SEGMENTS IN THE MODULE
  ======================
CODE
  Relative segment, address: CODE 0000160A - 00001615 (0xc bytes), align: 1
  Segment part 0.
           ENTRY                   ADDRESS         REF BY
           =====                   =======         ======
           ?US_SHR_L02             0000160A        GetCRC16 (CRC)

    -------------------------------------------------------------------------
  LIBRARY MODULE, NAME : ?US_DIVMOD_L02

  SEGMENTS IN THE MODULE
  ======================
CODE
  Relative segment, address: CODE 00001616 - 0000163D (0x28 bytes), align: 1
  Segment part 0.
           ENTRY                   ADDRESS         REF BY
           =====                   =======         ======
           ?US_DIVMOD_L02          00001616        DisplayNumber (Output)
                                                   Slave_ModbusDataSetup (CLModbus)
                                                   TimeDeal (main)

    -------------------------------------------------------------------------
  LIBRARY MODULE, NAME : ?PROLOGUE_L09

  SEGMENTS IN THE MODULE
  ======================
CODE
  Relative segment, address: CODE 0000163E - 0000163F (0x2 bytes), align: 1
  Segment part 4.
           ENTRY                   ADDRESS         REF BY
           =====                   =======         ======
           ?PROLOGUE12_L09         0000163E        Slave_ModbusDataSetup (CLModbus)
    -------------------------------------------------------------------------
CODE
  Relative segment, address: CODE 00001640 - 00001641 (0x2 bytes), align: 1
  Segment part 5.             Intra module refs:   ?PROLOGUE12_L09
           ENTRY                   ADDRESS         REF BY
           =====                   =======         ======
           ?PROLOGUE11_L09         00001640 
    -------------------------------------------------------------------------
CODE
  Relative segment, address: CODE 00001642 - 00001643 (0x2 bytes), align: 1
  Segment part 6.             Intra module refs:   ?PROLOGUE11_L09
           ENTRY                   ADDRESS         REF BY
           =====                   =======         ======
           ?PROLOGUE10_L09         00001642        MdDataDeal (CLModbus)
    -------------------------------------------------------------------------
CODE
  Relative segment, address: CODE 00001644 - 00001645 (0x2 bytes), align: 1
  Segment part 7.             Intra module refs:   ?PROLOGUE10_L09
           ENTRY                   ADDRESS         REF BY
           =====                   =======         ======
           ?PROLOGUE9_L09          00001644 
    -------------------------------------------------------------------------
CODE
  Relative segment, address: CODE 00001646 - 00001647 (0x2 bytes), align: 1
  Segment part 8.             Intra module refs:   ?PROLOGUE9_L09
           ENTRY                   ADDRESS         REF BY
           =====                   =======         ======
           ?PROLOGUE8_L09          00001646 
    -------------------------------------------------------------------------
CODE
  Relative segment, address: CODE 00001648 - 00001649 (0x2 bytes), align: 1
  Segment part 9.             Intra module refs:   ?PROLOGUE8_L09
           ENTRY                   ADDRESS         REF BY
           =====                   =======         ======
           ?PROLOGUE7_L09          00001648 
    -------------------------------------------------------------------------
CODE
  Relative segment, address: CODE 0000164A - 0000164B (0x2 bytes), align: 1
  Segment part 10.            Intra module refs:   ?PROLOGUE7_L09
           ENTRY                   ADDRESS         REF BY
           =====                   =======         ======
           ?PROLOGUE6_L09          0000164A        StartUart1Send (AvrUART)
                                                   StartUart2Send (AvrUART)
    -------------------------------------------------------------------------
CODE
  Relative segment, address: CODE 0000164C - 0000164D (0x2 bytes), align: 1
  Segment part 11.            Intra module refs:   ?PROLOGUE6_L09
           ENTRY                   ADDRESS         REF BY
           =====                   =======         ======
           ?PROLOGUE5_L09          0000164C 
    -------------------------------------------------------------------------
CODE
  Relative segment, address: CODE 0000164E - 0000164F (0x2 bytes), align: 1
  Segment part 12.            Intra module refs:   ?PROLOGUE5_L09
           ENTRY                   ADDRESS         REF BY
           =====                   =======         ======
           ?PROLOGUE4_L09          0000164E 
    -------------------------------------------------------------------------
CODE
  Relative segment, address: CODE 00001650 - 00001651 (0x2 bytes), align: 1
  Segment part 13.            Intra module refs:   ?PROLOGUE4_L09
           ENTRY                   ADDRESS         REF BY
           =====                   =======         ======
           ?PROLOGUE3_L09          00001650 
    -------------------------------------------------------------------------
CODE
  Relative segment, address: CODE 00001652 - 00001653 (0x2 bytes), align: 1
  Segment part 14.            Intra module refs:   ?PROLOGUE3_L09
           ENTRY                   ADDRESS         REF BY
           =====                   =======         ======
           ?PROLOGUE2_L09          00001652 
    -------------------------------------------------------------------------
CODE
  Relative segment, address: CODE 00001654 - 00001655 (0x2 bytes), align: 1
  Segment part 15.            Intra module refs:   ?PROLOGUE2_L09
           ENTRY                   ADDRESS         REF BY
           =====                   =======         ======
           ?PROLOGUE1_L09          00001654 
    -------------------------------------------------------------------------
CODE
  Relative segment, address: CODE 00001656 - 00001657 (0x2 bytes), align: 1
  Segment part 16.            Intra module refs:   ?PROLOGUE1_L09

    -------------------------------------------------------------------------
  LIBRARY MODULE, NAME : ?EPILOGUE_B_L09

  SEGMENTS IN THE MODULE
  ======================
CODE
  Relative segment, address: CODE 00001658 - 00001659 (0x2 bytes), align: 1
  Segment part 4.
           ENTRY                   ADDRESS         REF BY
           =====                   =======         ======
           ?EPILOGUE_B12_L09       00001658        Slave_ModbusDataSetup (CLModbus)
    -------------------------------------------------------------------------
CODE
  Relative segment, address: CODE 0000165A - 0000165B (0x2 bytes), align: 1
  Segment part 5.             Intra module refs:   ?EPILOGUE_B12_L09
           ENTRY                   ADDRESS         REF BY
           =====                   =======         ======
           ?EPILOGUE_B11_L09       0000165A 
    -------------------------------------------------------------------------
CODE
  Relative segment, address: CODE 0000165C - 0000165D (0x2 bytes), align: 1
  Segment part 6.             Intra module refs:   ?EPILOGUE_B11_L09
           ENTRY                   ADDRESS         REF BY
           =====                   =======         ======
           ?EPILOGUE_B10_L09       0000165C        MdDataDeal (CLModbus)
    -------------------------------------------------------------------------
CODE
  Relative segment, address: CODE 0000165E - 0000165F (0x2 bytes), align: 1
  Segment part 7.             Intra module refs:   ?EPILOGUE_B10_L09
           ENTRY                   ADDRESS         REF BY
           =====                   =======         ======
           ?EPILOGUE_B9_L09        0000165E 
    -------------------------------------------------------------------------
CODE
  Relative segment, address: CODE 00001660 - 00001661 (0x2 bytes), align: 1
  Segment part 8.             Intra module refs:   ?EPILOGUE_B9_L09
           ENTRY                   ADDRESS         REF BY
           =====                   =======         ======
           ?EPILOGUE_B8_L09        00001660 
    -------------------------------------------------------------------------
CODE
  Relative segment, address: CODE 00001662 - 00001663 (0x2 bytes), align: 1
  Segment part 9.             Intra module refs:   ?EPILOGUE_B8_L09
           ENTRY                   ADDRESS         REF BY
           =====                   =======         ======
           ?EPILOGUE_B7_L09        00001662 
    -------------------------------------------------------------------------
CODE
  Relative segment, address: CODE 00001664 - 00001665 (0x2 bytes), align: 1
  Segment part 10.            Intra module refs:   ?EPILOGUE_B7_L09
           ENTRY                   ADDRESS         REF BY
           =====                   =======         ======
           ?EPILOGUE_B6_L09        00001664        StartUart1Send (AvrUART)
                                                   StartUart2Send (AvrUART)
    -------------------------------------------------------------------------
CODE
  Relative segment, address: CODE 00001666 - 00001667 (0x2 bytes), align: 1
  Segment part 11.            Intra module refs:   ?EPILOGUE_B6_L09
           ENTRY                   ADDRESS         REF BY
           =====                   =======         ======
           ?EPILOGUE_B5_L09        00001666 
    -------------------------------------------------------------------------
CODE
  Relative segment, address: CODE 00001668 - 00001669 (0x2 bytes), align: 1
  Segment part 12.            Intra module refs:   ?EPILOGUE_B5_L09
           ENTRY                   ADDRESS         REF BY
           =====                   =======         ======
           ?EPILOGUE_B4_L09        00001668 
    -------------------------------------------------------------------------
CODE
  Relative segment, address: CODE 0000166A - 0000166B (0x2 bytes), align: 1
  Segment part 13.            Intra module refs:   ?EPILOGUE_B4_L09
           ENTRY                   ADDRESS         REF BY
           =====                   =======         ======
           ?EPILOGUE_B3_L09        0000166A 
    -------------------------------------------------------------------------
CODE
  Relative segment, address: CODE 0000166C - 0000166D (0x2 bytes), align: 1
  Segment part 14.            Intra module refs:   ?EPILOGUE_B3_L09
           ENTRY                   ADDRESS         REF BY
           =====                   =======         ======
           ?EPILOGUE_B2_L09        0000166C 
    -------------------------------------------------------------------------
CODE
  Relative segment, address: CODE 0000166E - 0000166F (0x2 bytes), align: 1
  Segment part 15.            Intra module refs:   ?EPILOGUE_B2_L09
           ENTRY                   ADDRESS         REF BY
           =====                   =======         ======
           ?EPILOGUE_B1_L09        0000166E 
    -------------------------------------------------------------------------
CODE
  Relative segment, address: CODE 00001670 - 00001679 (0xa bytes), align: 1
  Segment part 16.            Intra module refs:   ?EPILOGUE_B1_L09
           ENTRY                   ADDRESS         REF BY
           =====                   =======         ======
           ?EPILOGUE_B0_L09        00001670 

    -------------------------------------------------------------------------
  LIBRARY MODULE, NAME : ?REGISTER_CGREGR4_L10

  SEGMENTS IN THE MODULE
  ======================
CODE
  Relative segment, address: CODE 0000167A, align: 1
  Segment part 0.
           ENTRY                   ADDRESS         REF BY
           =====                   =======         ======
           ?Register_R4_is_cg_reg
                                   0000167A        MdDataDeal (CLModbus)
                                                   Slave_ModbusDataSetup (CLModbus)
                                                   StartUart1Send (AvrUART)
                                                   StartUart2Send (AvrUART)

    -------------------------------------------------------------------------
  LIBRARY MODULE, NAME : ?REGISTER_CGREGR5_L10

  SEGMENTS IN THE MODULE
  ======================
CODE
  Relative segment, address: CODE 0000167A, align: 1
  Segment part 0.
           ENTRY                   ADDRESS         REF BY
           =====                   =======         ======
           ?Register_R5_is_cg_reg
                                   0000167A        MdDataDeal (CLModbus)
                                                   Slave_ModbusDataSetup (CLModbus)
                                                   StartUart1Send (AvrUART)
                                                   StartUart2Send (AvrUART)

    -------------------------------------------------------------------------
  LIBRARY MODULE, NAME : ?REGISTER_CGREGR6_L10

  SEGMENTS IN THE MODULE
  ======================
CODE
  Relative segment, address: CODE 0000167A, align: 1
  Segment part 0.
           ENTRY                   ADDRESS         REF BY
           =====                   =======         ======
           ?Register_R6_is_cg_reg
                                   0000167A        MdDataDeal (CLModbus)
                                                   Slave_ModbusDataSetup (CLModbus)

    -------------------------------------------------------------------------
  LIBRARY MODULE, NAME : ?REGISTER_CGREGR7_L10

  SEGMENTS IN THE MODULE
  ======================
CODE
  Relative segment, address: CODE 0000167A, align: 1
  Segment part 0.
           ENTRY                   ADDRESS         REF BY
           =====                   =======         ======
           ?Register_R7_is_cg_reg
                                   0000167A        MdDataDeal (CLModbus)
                                                   Slave_ModbusDataSetup (CLModbus)

    -------------------------------------------------------------------------
  LIBRARY MODULE, NAME : ?REGISTER_CGREGR8_L10

  SEGMENTS IN THE MODULE
  ======================
CODE
  Relative segment, address: CODE 0000167A, align: 1
  Segment part 0.
           ENTRY                   ADDRESS         REF BY
           =====                   =======         ======
           ?Register_R8_is_cg_reg
                                   0000167A        MdDataDeal (CLModbus)
                                                   Slave_ModbusDataSetup (CLModbus)

    -------------------------------------------------------------------------
  LIBRARY MODULE, NAME : ?REGISTER_CGREGR9_L10

  SEGMENTS IN THE MODULE
  ======================
CODE
  Relative segment, address: CODE 0000167A, align: 1
  Segment part 0.
           ENTRY                   ADDRESS         REF BY
           =====                   =======         ======
           ?Register_R9_is_cg_reg
                                   0000167A        MdDataDeal (CLModbus)
                                                   Slave_ModbusDataSetup (CLModbus)

    -------------------------------------------------------------------------
  LIBRARY MODULE, NAME : ?REGISTER_CGREGR10_L10

  SEGMENTS IN THE MODULE
  ======================
CODE
  Relative segment, address: CODE 0000167A, align: 1
  Segment part 0.
           ENTRY                   ADDRESS         REF BY
           =====                   =======         ======
           ?Register_R10_is_cg_reg
                                   0000167A        Slave_ModbusDataSetup (CLModbus)

    -------------------------------------------------------------------------
  LIBRARY MODULE, NAME : ?REGISTER_CGREGR11_L10

  SEGMENTS IN THE MODULE
  ======================
CODE
  Relative segment, address: CODE 0000167A, align: 1
  Segment part 0.
           ENTRY                   ADDRESS         REF BY
           =====                   =======         ======
           ?Register_R11_is_cg_reg
                                   0000167A        Slave_ModbusDataSetup (CLModbus)

    -------------------------------------------------------------------------
  LIBRARY MODULE, NAME : ?low_level_init

  SEGMENTS IN THE MODULE
  ======================
CODE
  Relative segment, address: CODE 0000167A - 0000167D (0x4 bytes), align: 1
  Segment part 3.
           ENTRY                   ADDRESS         REF BY
           =====                   =======         ======
           __low_level_init        0000167A        ?call_low_level_init (?C_STARTUP)
               RSTACK = 00000000 ( 00000002 )

    -------------------------------------------------------------------------
  LIBRARY MODULE, NAME : ?segment_init

  SEGMENTS IN THE MODULE
  ======================
CODE
  Relative segment, address: CODE 0000167E - 00001685 (0x8 bytes), align: 1
  Segment part 3.             Intra module refs:   __segment_init
           LOCAL                   ADDRESS         
           =====                   =======         
           __memclr                0000167E 
               RSTACK = 00000000 ( 00000002 )
    -------------------------------------------------------------------------
CODE
  Relative segment, address: CODE 00001686 - 00001691 (0xc bytes), align: 1
  Segment part 4.             Intra module refs:   __segment_init
           LOCAL                   ADDRESS         
           =====                   =======         
           __flashcpy              00001686 
               RSTACK = 00000000 ( 00000002 )
    -------------------------------------------------------------------------
CODE
  Relative segment, address: CODE 00001692 - 0000169D (0xc bytes), align: 1
  Segment part 5.             Intra module refs:   __flashcpy
                                                   __memclr
    -------------------------------------------------------------------------
CODE
  Relative segment, address: CODE 0000169E - 000016FD (0x60 bytes), align: 1
  Segment part 6.
           ENTRY                   ADDRESS         REF BY
           =====                   =======         ======
           __segment_init          0000169E        ?need_segment_init (?C_STARTUP)
               calls direct
               RSTACK = 00000000 ( 00000002 )

    *************************************************************************

  DEFINED ABSOLUTE ENTRIES
  PROGRAM MODULE, NAME : ?FILLER_BYTES

  SEGMENTS IN THE MODULE
  ======================
INTVEC
  Common segment, address: CODE 00000000 - 00000083 (0x84 bytes), align: 0
  Segment part 1.
    -------------------------------------------------------------------------
?FILL1
  Relative segment, address: CODE 00000084 - 0000008B (0x8 bytes), align: 0
  Segment part 0.




                ****************************************
                *                                      *
                *      SEGMENTS IN ADDRESS ORDER       *
                *                                      *
                ****************************************


SEGMENT              SPACE    START ADDRESS   END ADDRESS     SIZE  TYPE  ALIGN
=======              =====    =============   ===========     ====  ====  =====
INTVEC               CODE          00000000 - 00000083          84   com    1
?FILL1               CODE          00000084 - 0000008B           8   rel    0
NEAR_F               CODE          0000008C - 000000AB          20   rel    0
CODE                 CODE          000000AC - 000016FD        1652   rel    1
INITTAB              CODE          000016FE - 0000170B           E   rel    0
NEAR_ID              CODE          0000170C - 0000171D          12   rel    0
ABSOLUTE             DATA               0000001C                     rel    0
                     DATA               0000001D                   
                     DATA               0000001E                   
                     DATA               0000001F                   
                     DATA          00000020 - 00000023           4 
                     DATA          00000029 - 0000002C           4 
                     DATA          00000030 - 00000032           3 
                     DATA          00000034 - 00000038           5 
                     DATA          0000003A - 0000003F           6 
                     DATA          0000004C - 0000004F           4 
                     DATA          00000052 - 00000053           2 
                     DATA          00000057 - 00000057           1 
                     DATA          0000005F - 0000005F           1 
                     DATA          00000061 - 00000065           5 
                     DATA          00000090 - 00000090           1 
                     DATA          00000095 - 00000095           1 
                     DATA          00000098 - 0000009D           6 
CSTACK               DATA          00000100 - 000001FF         100   dse    0
RSTACK               DATA          00000200 - 0000023F          40   dse    0
NEAR_I               DATA          00000240 - 00000251          12   rel    0
NEAR_Z               DATA          00000252 - 000004BA         269   rel    0

                ****************************************
                *                                      *
                *        END OF CROSS REFERENCE        *
                *                                      *
                ****************************************

 5 910 bytes of CODE memory (+             8 range fill )
   955 bytes of DATA memory (+ 43 absolute )

Errors: none
Warnings: none

